================================================================
== Design Size Report
================================================================

* Total Instructions per Compilation Phase
+---------------+-----------------------------+--------------+----------------------------------------------------------------------------------------+
| Phase         | Step                        | Instructions | Description                                                                            |
+---------------+-----------------------------+--------------+----------------------------------------------------------------------------------------+
| Compile/Link  |                             | 844          | After all functions are compiled and linked into a single design                       |
|               |                             |              |                                                                                        |
| Unroll/Inline |                             |              | After user unroll and inline pragmas are applied                                       |
|               | (1) unroll                  | 118          | user unroll pragmas are applied                                                        |
|               | (2) simplification          | 103          | simplification of applied user unroll pragmas                                          |
|               | (3) inline                  | 108          | user inline pragmas are applied                                                        |
|               | (4) simplification          | 108          | simplification of applied user inline pragmas                                          |
|               |                             |              |                                                                                        |
| Array/Struct  |                             |              | After user array partition and struct aggregate/disaggregate pragmas are applied       |
|               | (1) array partition         |  97          | user array partition pragmas are applied                                               |
|               | (2) simplification          |  97          | simplification of applied user array partition & struct aggregate/disaggregate pragmas |
|               | (3) aggregate/disaggregate  |  99          | user struct aggregate/disaggregate pragmas are applied                                 |
|               | (4) array reshape           | 135          | apply array reshape pragmas                                                            |
|               | (5) access patterns         | 141          | array access pattern optmizations                                                      |
|               |                             |              |                                                                                        |
| Performance   |                             |              | After transformations are applied to meet performance pragma targets                   |
|               | (1) loop simplification     | 141          | loop and instruction simplification                                                    |
|               | (2) parallelization         | 141          | loops are unrolled or pipelined to meet performance targets                            |
|               | (3) array partition         | 138          | arrays are partitioned to meet performance targets                                     |
|               | (4) simplification          | 138          | simplification of design after performance transformations                             |
|               |                             |              |                                                                                        |
| HW Transforms |                             |              | After hardware transfomations                                                          |
|               | (1) lowering                | 138          | initial conversion to HW specific instructions                                         |
|               | (2) optimizations           | 146          | high level synthesis optimizations                                                     |
+---------------+-----------------------------+--------------+----------------------------------------------------------------------------------------+

* Instructions per Function for each Compilation Phase
+------------------------+--------------------+--------------+---------------+--------------+-------------+---------------+
| Function               | Location           | Compile/Link | Unroll/Inline | Array/Struct | Performance | HW Transforms |
+------------------------+--------------------+--------------+---------------+--------------+-------------+---------------+
| + image_accel          | image_accel.cpp:80 | 844          | 108           | 141          | 138         | 146           |
|    read_input          | image_accel.cpp:11 | 104          |  28           |  48          |  47         |  46           |
|  + rgb_to_gray         | image_accel.cpp:47 | 675          |  41           |  62          |  61         |  57           |
|     grayscale_from_rgb | image_accel.cpp:35 | 642          |               |              |             |               |
|    write_output        | image_accel.cpp:63 |  29          |  13           |  13          |  12         |  18           |
+------------------------+--------------------+--------------+---------------+--------------+-------------+---------------+

* Design Size Message Settings
+---------------------------------------------+--------+------------------------------------------------------------------+
| Message Setting                             | Value  | Description                                                      |
+---------------------------------------------+--------+------------------------------------------------------------------+
| config_compile -design_size_maximum_warning | 100000 | Show a warning when total design instructions exceeds this value |
+---------------------------------------------+--------+------------------------------------------------------------------+


