

================================================================
== Vitis HLS Report for 'p_anonymous_namespace_write_output'
================================================================
* Date:           Sat Jul 11 19:11:16 2026

* Version:        2024.1 (Build 5069499 on May 21 2024)
* Project:        image_accel
* Solution:       hls (Vivado IP Flow Target)
* Product family: zynquplus
* Target device:  xck26-sfvc784-2LV-c


================================================================
== Performance Estimates
================================================================
+ Timing: 
    * Summary: 
    +--------+---------+----------+------------+
    |  Clock |  Target | Estimated| Uncertainty|
    +--------+---------+----------+------------+
    |ap_clk  |  4.00 ns|  3.500 ns|     0.50 ns|
    +--------+---------+----------+------------+

+ Latency: 
    * Summary: 
    +---------+---------+-----------+----------+-----+---------+---------+
    |  Latency (cycles) |  Latency (absolute)  |    Interval   | Pipeline|
    |   min   |   max   |    min    |    max   | min |   max   |   Type  |
    +---------+---------+-----------+----------+-----+---------+---------+
    |       11|  2073610|  44.000 ns|  8.294 ms|   11|  2073610|       no|
    +---------+---------+-----------+----------+-----+---------+---------+

    + Detail: 
        * Instance: 
        +------------------------------------------------------------------+--------------------------------------------------------+---------+---------+-----------+----------+-----+---------+-----------------------------------------------+
        |                                                                  |                                                        |  Latency (cycles) |  Latency (absolute)  |    Interval   |                    Pipeline                   |
        |                             Instance                             |                         Module                         |   min   |   max   |    min    |    max   | min |   max   |                      Type                     |
        +------------------------------------------------------------------+--------------------------------------------------------+---------+---------+-----------+----------+-----+---------+-----------------------------------------------+
        |grp_p_anonymous_namespace_write_output_Pipeline_write_loop_fu_58  |p_anonymous_namespace_write_output_Pipeline_write_loop  |        9|  2073608|  36.000 ns|  8.294 ms|    2|  2073601|  loop auto-rewind stp(delay=0 clock cycles(s))|
        +------------------------------------------------------------------+--------------------------------------------------------+---------+---------+-----------+----------+-----+---------+-----------------------------------------------+

        * Loop: 
        N/A



================================================================
== Utilization Estimates
================================================================
* Summary: 
+-----------------+---------+------+--------+--------+-----+
|       Name      | BRAM_18K|  DSP |   FF   |   LUT  | URAM|
+-----------------+---------+------+--------+--------+-----+
|DSP              |        -|     -|       -|       -|    -|
|Expression       |        -|     -|       0|       2|    -|
|FIFO             |        -|     -|       -|       -|    -|
|Instance         |        -|     -|     119|     227|    -|
|Memory           |        -|     -|       -|       -|    -|
|Multiplexer      |        -|     -|       0|      83|    -|
|Register         |        -|     -|     101|       -|    -|
+-----------------+---------+------+--------+--------+-----+
|Total            |        0|     0|     220|     312|    0|
+-----------------+---------+------+--------+--------+-----+
|Available        |      288|  1248|  234240|  117120|   64|
+-----------------+---------+------+--------+--------+-----+
|Utilization (%)  |        0|     0|      ~0|      ~0|    0|
+-----------------+---------+------+--------+--------+-----+

+ Detail: 
    * Instance: 
    +------------------------------------------------------------------+--------------------------------------------------------+---------+----+-----+-----+-----+
    |                             Instance                             |                         Module                         | BRAM_18K| DSP|  FF | LUT | URAM|
    +------------------------------------------------------------------+--------------------------------------------------------+---------+----+-----+-----+-----+
    |grp_p_anonymous_namespace_write_output_Pipeline_write_loop_fu_58  |p_anonymous_namespace_write_output_Pipeline_write_loop  |        0|   0|  119|  227|    0|
    +------------------------------------------------------------------+--------------------------------------------------------+---------+----+-----+-----+-----+
    |Total                                                             |                                                        |        0|   0|  119|  227|    0|
    +------------------------------------------------------------------+--------------------------------------------------------+---------+----+-----+-----+-----+

    * DSP: 
    N/A

    * Memory: 
    N/A

    * FIFO: 
    N/A

    * Expression: 
    +-----------------+----------+----+---+----+------------+------------+
    |  Variable Name  | Operation| DSP| FF| LUT| Bitwidth P0| Bitwidth P1|
    +-----------------+----------+----+---+----+------------+------------+
    |ap_block_state1  |        or|   0|  0|   2|           1|           1|
    +-----------------+----------+----+---+----+------------+------------+
    |Total            |          |   0|  0|   2|           1|           1|
    +-----------------+----------+----+---+----+------------+------------+

    * Multiplexer: 
    +---------------------+----+-----------+-----+-----------+
    |         Name        | LUT| Input Size| Bits| Total Bits|
    +---------------------+----+-----------+-----+-----------+
    |ap_NS_fsm            |  20|          4|    1|          4|
    |ap_done              |   9|          2|    1|          2|
    |gray_stream_read     |   9|          2|    1|          2|
    |m_axi_gmem1_AWVALID  |   9|          2|    1|          2|
    |m_axi_gmem1_BREADY   |   9|          2|    1|          2|
    |m_axi_gmem1_WVALID   |   9|          2|    1|          2|
    |num_pixels_blk_n     |   9|          2|    1|          2|
    |output_gray_blk_n    |   9|          2|    1|          2|
    +---------------------+----+-----------+-----+-----------+
    |Total                |  83|         18|    8|         18|
    +---------------------+----+-----------+-----+-----------+

    * Register: 
    +-------------------------------------------------------------------------------+----+----+-----+-----------+
    |                                      Name                                     | FF | LUT| Bits| Const Bits|
    +-------------------------------------------------------------------------------+----+----+-----+-----------+
    |ap_CS_fsm                                                                      |   3|   0|    3|          0|
    |ap_done_reg                                                                    |   1|   0|    1|          0|
    |grp_p_anonymous_namespace_write_output_Pipeline_write_loop_fu_58_ap_start_reg  |   1|   0|    1|          0|
    |num_pixels_1_reg_68                                                            |  32|   0|   32|          0|
    |output_gray_1_reg_73                                                           |  64|   0|   64|          0|
    +-------------------------------------------------------------------------------+----+----+-----+-----------+
    |Total                                                                          | 101|   0|  101|          0|
    +-------------------------------------------------------------------------------+----+----+-----+-----------+



================================================================
== Interface
================================================================
* Summary: 
+----------------------------+-----+-----+------------+-----------------------------------+--------------+
|          RTL Ports         | Dir | Bits|  Protocol  |           Source Object           |    C Type    |
+----------------------------+-----+-----+------------+-----------------------------------+--------------+
|ap_clk                      |   in|    1|  ap_ctrl_hs|  (anonymous namespace)write_output|  return value|
|ap_rst                      |   in|    1|  ap_ctrl_hs|  (anonymous namespace)write_output|  return value|
|ap_start                    |   in|    1|  ap_ctrl_hs|  (anonymous namespace)write_output|  return value|
|ap_done                     |  out|    1|  ap_ctrl_hs|  (anonymous namespace)write_output|  return value|
|ap_continue                 |   in|    1|  ap_ctrl_hs|  (anonymous namespace)write_output|  return value|
|ap_idle                     |  out|    1|  ap_ctrl_hs|  (anonymous namespace)write_output|  return value|
|ap_ready                    |  out|    1|  ap_ctrl_hs|  (anonymous namespace)write_output|  return value|
|m_axi_gmem1_AWVALID         |  out|    1|       m_axi|                              gmem1|       pointer|
|m_axi_gmem1_AWREADY         |   in|    1|       m_axi|                              gmem1|       pointer|
|m_axi_gmem1_AWADDR          |  out|   64|       m_axi|                              gmem1|       pointer|
|m_axi_gmem1_AWID            |  out|    1|       m_axi|                              gmem1|       pointer|
|m_axi_gmem1_AWLEN           |  out|   32|       m_axi|                              gmem1|       pointer|
|m_axi_gmem1_AWSIZE          |  out|    3|       m_axi|                              gmem1|       pointer|
|m_axi_gmem1_AWBURST         |  out|    2|       m_axi|                              gmem1|       pointer|
|m_axi_gmem1_AWLOCK          |  out|    2|       m_axi|                              gmem1|       pointer|
|m_axi_gmem1_AWCACHE         |  out|    4|       m_axi|                              gmem1|       pointer|
|m_axi_gmem1_AWPROT          |  out|    3|       m_axi|                              gmem1|       pointer|
|m_axi_gmem1_AWQOS           |  out|    4|       m_axi|                              gmem1|       pointer|
|m_axi_gmem1_AWREGION        |  out|    4|       m_axi|                              gmem1|       pointer|
|m_axi_gmem1_AWUSER          |  out|    1|       m_axi|                              gmem1|       pointer|
|m_axi_gmem1_WVALID          |  out|    1|       m_axi|                              gmem1|       pointer|
|m_axi_gmem1_WREADY          |   in|    1|       m_axi|                              gmem1|       pointer|
|m_axi_gmem1_WDATA           |  out|    8|       m_axi|                              gmem1|       pointer|
|m_axi_gmem1_WSTRB           |  out|    1|       m_axi|                              gmem1|       pointer|
|m_axi_gmem1_WLAST           |  out|    1|       m_axi|                              gmem1|       pointer|
|m_axi_gmem1_WID             |  out|    1|       m_axi|                              gmem1|       pointer|
|m_axi_gmem1_WUSER           |  out|    1|       m_axi|                              gmem1|       pointer|
|m_axi_gmem1_ARVALID         |  out|    1|       m_axi|                              gmem1|       pointer|
|m_axi_gmem1_ARREADY         |   in|    1|       m_axi|                              gmem1|       pointer|
|m_axi_gmem1_ARADDR          |  out|   64|       m_axi|                              gmem1|       pointer|
|m_axi_gmem1_ARID            |  out|    1|       m_axi|                              gmem1|       pointer|
|m_axi_gmem1_ARLEN           |  out|   32|       m_axi|                              gmem1|       pointer|
|m_axi_gmem1_ARSIZE          |  out|    3|       m_axi|                              gmem1|       pointer|
|m_axi_gmem1_ARBURST         |  out|    2|       m_axi|                              gmem1|       pointer|
|m_axi_gmem1_ARLOCK          |  out|    2|       m_axi|                              gmem1|       pointer|
|m_axi_gmem1_ARCACHE         |  out|    4|       m_axi|                              gmem1|       pointer|
|m_axi_gmem1_ARPROT          |  out|    3|       m_axi|                              gmem1|       pointer|
|m_axi_gmem1_ARQOS           |  out|    4|       m_axi|                              gmem1|       pointer|
|m_axi_gmem1_ARREGION        |  out|    4|       m_axi|                              gmem1|       pointer|
|m_axi_gmem1_ARUSER          |  out|    1|       m_axi|                              gmem1|       pointer|
|m_axi_gmem1_RVALID          |   in|    1|       m_axi|                              gmem1|       pointer|
|m_axi_gmem1_RREADY          |  out|    1|       m_axi|                              gmem1|       pointer|
|m_axi_gmem1_RDATA           |   in|    8|       m_axi|                              gmem1|       pointer|
|m_axi_gmem1_RLAST           |   in|    1|       m_axi|                              gmem1|       pointer|
|m_axi_gmem1_RID             |   in|    1|       m_axi|                              gmem1|       pointer|
|m_axi_gmem1_RFIFONUM        |   in|   11|       m_axi|                              gmem1|       pointer|
|m_axi_gmem1_RUSER           |   in|    1|       m_axi|                              gmem1|       pointer|
|m_axi_gmem1_RRESP           |   in|    2|       m_axi|                              gmem1|       pointer|
|m_axi_gmem1_BVALID          |   in|    1|       m_axi|                              gmem1|       pointer|
|m_axi_gmem1_BREADY          |  out|    1|       m_axi|                              gmem1|       pointer|
|m_axi_gmem1_BRESP           |   in|    2|       m_axi|                              gmem1|       pointer|
|m_axi_gmem1_BID             |   in|    1|       m_axi|                              gmem1|       pointer|
|m_axi_gmem1_BUSER           |   in|    1|       m_axi|                              gmem1|       pointer|
|output_gray_dout            |   in|   64|     ap_fifo|                        output_gray|       pointer|
|output_gray_num_data_valid  |   in|    3|     ap_fifo|                        output_gray|       pointer|
|output_gray_fifo_cap        |   in|    3|     ap_fifo|                        output_gray|       pointer|
|output_gray_empty_n         |   in|    1|     ap_fifo|                        output_gray|       pointer|
|output_gray_read            |  out|    1|     ap_fifo|                        output_gray|       pointer|
|gray_stream_dout            |   in|    8|     ap_fifo|                        gray_stream|       pointer|
|gray_stream_num_data_valid  |   in|    7|     ap_fifo|                        gray_stream|       pointer|
|gray_stream_fifo_cap        |   in|    7|     ap_fifo|                        gray_stream|       pointer|
|gray_stream_empty_n         |   in|    1|     ap_fifo|                        gray_stream|       pointer|
|gray_stream_read            |  out|    1|     ap_fifo|                        gray_stream|       pointer|
|num_pixels_dout             |   in|   32|     ap_fifo|                         num_pixels|       pointer|
|num_pixels_num_data_valid   |   in|    3|     ap_fifo|                         num_pixels|       pointer|
|num_pixels_fifo_cap         |   in|    3|     ap_fifo|                         num_pixels|       pointer|
|num_pixels_empty_n          |   in|    1|     ap_fifo|                         num_pixels|       pointer|
|num_pixels_read             |  out|    1|     ap_fifo|                         num_pixels|       pointer|
+----------------------------+-----+-----+------------+-----------------------------------+--------------+

