

================================================================
== Vitis HLS Report for 'p_anonymous_namespace_rgb_to_gray_Pipeline_process_loop'
================================================================
* Date:           Sat Jul 11 19:11:15 2026

* Version:        2024.1 (Build 5069499 on May 21 2024)
* Project:        image_accel
* Solution:       hls (Vivado IP Flow Target)
* Product family: zynquplus
* Target device:  xck26-sfvc784-2LV-c


================================================================
== Performance Estimates
================================================================
+ Timing: 
    * Summary: 
    +--------+---------+----------+------------+
    |  Clock |  Target | Estimated| Uncertainty|
    +--------+---------+----------+------------+
    |ap_clk  |  4.00 ns|  2.553 ns|     0.50 ns|
    +--------+---------+----------+------------+

+ Latency: 
    * Summary: 
    +---------+---------+-----------+----------+-----+---------+-----------------------------------------------+
    |  Latency (cycles) |  Latency (absolute)  |    Interval   |                    Pipeline                   |
    |   min   |   max   |    min    |    max   | min |   max   |                      Type                     |
    +---------+---------+-----------+----------+-----+---------+-----------------------------------------------+
    |        7|  2073606|  28.000 ns|  8.294 ms|    2|  2073601|  loop auto-rewind stp(delay=0 clock cycles(s))|
    +---------+---------+-----------+----------+-----+---------+-----------------------------------------------+

    + Detail: 
        * Instance: 
        N/A

        * Loop: 
        +----------------+---------+---------+----------+-----------+-----------+-------------+----------+
        |                |  Latency (cycles) | Iteration|  Initiation Interval  |     Trip    |          |
        |    Loop Name   |   min   |   max   |  Latency |  achieved |   target  |    Count    | Pipelined|
        +----------------+---------+---------+----------+-----------+-----------+-------------+----------+
        |- process_loop  |        5|  2073604|         6|          1|          1|  1 ~ 2073600|       yes|
        +----------------+---------+---------+----------+-----------+-----------+-------------+----------+



================================================================
== Utilization Estimates
================================================================
* Summary: 
+-----------------+---------+------+--------+--------+-----+
|       Name      | BRAM_18K|  DSP |   FF   |   LUT  | URAM|
+-----------------+---------+------+--------+--------+-----+
|DSP              |        -|     2|       -|       -|    -|
|Expression       |        -|     -|       0|      82|    -|
|FIFO             |        -|     -|       -|       -|    -|
|Instance         |        -|     0|       0|      40|    -|
|Memory           |        -|     -|       -|       -|    -|
|Multiplexer      |        -|     -|       0|      54|    -|
|Register         |        -|     -|      67|       -|    -|
+-----------------+---------+------+--------+--------+-----+
|Total            |        0|     2|      67|     176|    0|
+-----------------+---------+------+--------+--------+-----+
|Available        |      288|  1248|  234240|  117120|   64|
+-----------------+---------+------+--------+--------+-----+
|Utilization (%)  |        0|    ~0|      ~0|      ~0|    0|
+-----------------+---------+------+--------+--------+-----+

+ Detail: 
    * Instance: 
    +------------------------+--------------------+---------+----+---+----+-----+
    |        Instance        |       Module       | BRAM_18K| DSP| FF| LUT| URAM|
    +------------------------+--------------------+---------+----+---+----+-----+
    |mul_8ns_8ns_15_1_1_U12  |mul_8ns_8ns_15_1_1  |        0|   0|  0|  40|    0|
    +------------------------+--------------------+---------+----+---+----+-----+
    |Total                   |                    |        0|   0|  0|  40|    0|
    +------------------------+--------------------+---------+----+---+----+-----+

    * DSP: 
    +------------------------------------+--------------------------------+--------------+
    |              Instance              |             Module             |  Expression  |
    +------------------------------------+--------------------------------+--------------+
    |mac_muladd_8ns_5ns_15ns_15_4_1_U13  |mac_muladd_8ns_5ns_15ns_15_4_1  |  i0 + i1 * i2|
    |mac_muladd_8ns_8ns_15ns_16_4_1_U14  |mac_muladd_8ns_8ns_15ns_16_4_1  |  i0 + i1 * i2|
    +------------------------------------+--------------------------------+--------------+

    * Memory: 
    N/A

    * FIFO: 
    N/A

    * Expression: 
    +---------------------------+----------+----+---+----+------------+------------+
    |       Variable Name       | Operation| DSP| FF| LUT| Bitwidth P0| Bitwidth P1|
    +---------------------------+----------+----+---+----+------------+------------+
    |i_2_fu_91_p2               |         +|   0|  0|  39|          32|           1|
    |icmp_ln54_fu_85_p2         |      icmp|   0|  0|  39|          32|          32|
    |ap_block_pp0_stage0_01001  |        or|   0|  0|   2|           1|           1|
    |ap_enable_pp0              |       xor|   0|  0|   2|           1|           2|
    +---------------------------+----------+----+---+----+------------+------------+
    |Total                      |          |   0|  0|  82|          66|          36|
    +---------------------------+----------+----+---+----+------------+------------+

    * Multiplexer: 
    +-------------------------+----+-----------+-----+-----------+
    |           Name          | LUT| Input Size| Bits| Total Bits|
    +-------------------------+----+-----------+-----+-----------+
    |ap_done_int              |   9|          2|    1|          2|
    |ap_enable_reg_pp0_iter1  |   9|          2|    1|          2|
    |ap_sig_allocacmp_i_3     |   9|          2|   32|         64|
    |gray_stream_blk_n        |   9|          2|    1|          2|
    |i_fu_54                  |   9|          2|   32|         64|
    |rgb_stream_blk_n         |   9|          2|    1|          2|
    +-------------------------+----+-----------+-----+-----------+
    |Total                    |  54|         12|   68|        136|
    +-------------------------+----+-----------+-----+-----------+

    * Register: 
    +----------------------------------+----+----+-----+-----------+
    |               Name               | FF | LUT| Bits| Const Bits|
    +----------------------------------+----+----+-----+-----------+
    |ap_CS_fsm                         |   1|   0|    1|          0|
    |ap_done_reg                       |   1|   0|    1|          0|
    |ap_enable_reg_pp0_iter1           |   1|   0|    1|          0|
    |ap_enable_reg_pp0_iter2           |   1|   0|    1|          0|
    |ap_enable_reg_pp0_iter3           |   1|   0|    1|          0|
    |ap_enable_reg_pp0_iter4           |   1|   0|    1|          0|
    |ap_enable_reg_pp0_iter5           |   1|   0|    1|          0|
    |ap_loop_exit_ready_pp0_iter1_reg  |   1|   0|    1|          0|
    |ap_loop_exit_ready_pp0_iter2_reg  |   1|   0|    1|          0|
    |ap_loop_exit_ready_pp0_iter3_reg  |   1|   0|    1|          0|
    |ap_loop_exit_ready_pp0_iter4_reg  |   1|   0|    1|          0|
    |i_fu_54                           |  32|   0|   32|          0|
    |pixel_g_reg_189                   |   8|   0|    8|          0|
    |pixel_r_reg_184                   |   8|   0|    8|          0|
    |pixel_r_reg_184_pp0_iter2_reg     |   8|   0|    8|          0|
    +----------------------------------+----+----+-----+-----------+
    |Total                             |  67|   0|   67|          0|
    +----------------------------------+----+----+-----+-----------+



================================================================
== Interface
================================================================
* Summary: 
+----------------------------+-----+-----+------------+--------------------------------------------------------+--------------+
|          RTL Ports         | Dir | Bits|  Protocol  |                      Source Object                     |    C Type    |
+----------------------------+-----+-----+------------+--------------------------------------------------------+--------------+
|ap_clk                      |   in|    1|  ap_ctrl_hs|  (anonymous namespace)rgb_to_gray_Pipeline_process_loop|  return value|
|ap_rst                      |   in|    1|  ap_ctrl_hs|  (anonymous namespace)rgb_to_gray_Pipeline_process_loop|  return value|
|ap_start                    |   in|    1|  ap_ctrl_hs|  (anonymous namespace)rgb_to_gray_Pipeline_process_loop|  return value|
|ap_done                     |  out|    1|  ap_ctrl_hs|  (anonymous namespace)rgb_to_gray_Pipeline_process_loop|  return value|
|ap_idle                     |  out|    1|  ap_ctrl_hs|  (anonymous namespace)rgb_to_gray_Pipeline_process_loop|  return value|
|ap_ready                    |  out|    1|  ap_ctrl_hs|  (anonymous namespace)rgb_to_gray_Pipeline_process_loop|  return value|
|rgb_stream_dout             |   in|   24|     ap_fifo|                                              rgb_stream|       pointer|
|rgb_stream_num_data_valid   |   in|    7|     ap_fifo|                                              rgb_stream|       pointer|
|rgb_stream_fifo_cap         |   in|    7|     ap_fifo|                                              rgb_stream|       pointer|
|rgb_stream_empty_n          |   in|    1|     ap_fifo|                                              rgb_stream|       pointer|
|rgb_stream_read             |  out|    1|     ap_fifo|                                              rgb_stream|       pointer|
|gray_stream_din             |  out|    8|     ap_fifo|                                             gray_stream|       pointer|
|gray_stream_num_data_valid  |   in|    7|     ap_fifo|                                             gray_stream|       pointer|
|gray_stream_fifo_cap        |   in|    7|     ap_fifo|                                             gray_stream|       pointer|
|gray_stream_full_n          |   in|    1|     ap_fifo|                                             gray_stream|       pointer|
|gray_stream_write           |  out|    1|     ap_fifo|                                             gray_stream|       pointer|
|num_pixels_2                |   in|   32|     ap_none|                                            num_pixels_2|        scalar|
+----------------------------+-----+-----+------------+--------------------------------------------------------+--------------+

