

================================================================
== Vitis HLS Report for 'p_anonymous_namespace_write_output_Pipeline_write_loop'
================================================================
* Date:           Sat Jul 11 19:11:16 2026

* Version:        2024.1 (Build 5069499 on May 21 2024)
* Project:        image_accel
* Solution:       hls (Vivado IP Flow Target)
* Product family: zynquplus
* Target device:  xck26-sfvc784-2LV-c


================================================================
== Performance Estimates
================================================================
+ Timing: 
    * Summary: 
    +--------+---------+----------+------------+
    |  Clock |  Target | Estimated| Uncertainty|
    +--------+---------+----------+------------+
    |ap_clk  |  4.00 ns|  3.500 ns|     0.50 ns|
    +--------+---------+----------+------------+

+ Latency: 
    * Summary: 
    +---------+---------+-----------+----------+-----+---------+-----------------------------------------------+
    |  Latency (cycles) |  Latency (absolute)  |    Interval   |                    Pipeline                   |
    |   min   |   max   |    min    |    max   | min |   max   |                      Type                     |
    +---------+---------+-----------+----------+-----+---------+-----------------------------------------------+
    |        9|  2073608|  36.000 ns|  8.294 ms|    2|  2073601|  loop auto-rewind stp(delay=0 clock cycles(s))|
    +---------+---------+-----------+----------+-----+---------+-----------------------------------------------+

    + Detail: 
        * Instance: 
        N/A

        * Loop: 
        +--------------+---------+---------+----------+-----------+-----------+-------------+----------+
        |              |  Latency (cycles) | Iteration|  Initiation Interval  |     Trip    |          |
        |   Loop Name  |   min   |   max   |  Latency |  achieved |   target  |    Count    | Pipelined|
        +--------------+---------+---------+----------+-----------+-----------+-------------+----------+
        |- write_loop  |        7|  2073606|         8|          1|          1|  1 ~ 2073600|       yes|
        +--------------+---------+---------+----------+-----------+-----------+-------------+----------+



================================================================
== Utilization Estimates
================================================================
* Summary: 
+-----------------+---------+------+--------+--------+-----+
|       Name      | BRAM_18K|  DSP |   FF   |   LUT  | URAM|
+-----------------+---------+------+--------+--------+-----+
|DSP              |        -|     -|       -|       -|    -|
|Expression       |        -|     -|       0|     155|    -|
|FIFO             |        -|     -|       -|       -|    -|
|Instance         |        -|     -|       -|       -|    -|
|Memory           |        -|     -|       -|       -|    -|
|Multiplexer      |        -|     -|       0|      72|    -|
|Register         |        -|     -|     119|       -|    -|
+-----------------+---------+------+--------+--------+-----+
|Total            |        0|     0|     119|     227|    0|
+-----------------+---------+------+--------+--------+-----+
|Available        |      288|  1248|  234240|  117120|   64|
+-----------------+---------+------+--------+--------+-----+
|Utilization (%)  |        0|     0|      ~0|      ~0|    0|
+-----------------+---------+------+--------+--------+-----+

+ Detail: 
    * Instance: 
    N/A

    * DSP: 
    N/A

    * Memory: 
    N/A

    * FIFO: 
    N/A

    * Expression: 
    +---------------------------+----------+----+---+----+------------+------------+
    |       Variable Name       | Operation| DSP| FF| LUT| Bitwidth P0| Bitwidth P1|
    +---------------------------+----------+----+---+----+------------+------------+
    |add_ln70_fu_110_p2         |         +|   0|  0|  39|          32|           1|
    |add_ln73_fu_120_p2         |         +|   0|  0|  71|          64|          64|
    |icmp_ln70_fu_104_p2        |      icmp|   0|  0|  39|          32|          32|
    |ap_block_pp0_stage0_01001  |        or|   0|  0|   2|           1|           1|
    |ap_block_pp0_stage0_11001  |        or|   0|  0|   2|           1|           1|
    |ap_enable_pp0              |       xor|   0|  0|   2|           1|           2|
    +---------------------------+----------+----+---+----+------------+------------+
    |Total                      |          |   0|  0| 155|         131|         101|
    +---------------------------+----------+----+---+----+------------+------------+

    * Multiplexer: 
    +-------------------------+----+-----------+-----+-----------+
    |           Name          | LUT| Input Size| Bits| Total Bits|
    +-------------------------+----+-----------+-----+-----------+
    |ap_done_int              |   9|          2|    1|          2|
    |ap_enable_reg_pp0_iter1  |   9|          2|    1|          2|
    |ap_sig_allocacmp_i_1     |   9|          2|   32|         64|
    |gmem1_blk_n_AW           |   9|          2|    1|          2|
    |gmem1_blk_n_B            |   9|          2|    1|          2|
    |gmem1_blk_n_W            |   9|          2|    1|          2|
    |gray_stream_blk_n        |   9|          2|    1|          2|
    |i_fu_58                  |   9|          2|   32|         64|
    +-------------------------+----+-----------+-----+-----------+
    |Total                    |  72|         16|   70|        140|
    +-------------------------+----+-----------+-----+-----------+

    * Register: 
    +----------------------------------+----+----+-----+-----------+
    |               Name               | FF | LUT| Bits| Const Bits|
    +----------------------------------+----+----+-----+-----------+
    |ap_CS_fsm                         |   1|   0|    1|          0|
    |ap_done_reg                       |   1|   0|    1|          0|
    |ap_enable_reg_pp0_iter1           |   1|   0|    1|          0|
    |ap_enable_reg_pp0_iter2           |   1|   0|    1|          0|
    |ap_enable_reg_pp0_iter3           |   1|   0|    1|          0|
    |ap_enable_reg_pp0_iter4           |   1|   0|    1|          0|
    |ap_enable_reg_pp0_iter5           |   1|   0|    1|          0|
    |ap_enable_reg_pp0_iter6           |   1|   0|    1|          0|
    |ap_enable_reg_pp0_iter7           |   1|   0|    1|          0|
    |ap_loop_exit_ready_pp0_iter1_reg  |   1|   0|    1|          0|
    |ap_loop_exit_ready_pp0_iter2_reg  |   1|   0|    1|          0|
    |ap_loop_exit_ready_pp0_iter3_reg  |   1|   0|    1|          0|
    |ap_loop_exit_ready_pp0_iter4_reg  |   1|   0|    1|          0|
    |ap_loop_exit_ready_pp0_iter5_reg  |   1|   0|    1|          0|
    |ap_loop_exit_ready_pp0_iter6_reg  |   1|   0|    1|          0|
    |gmem1_addr_reg_148                |  64|   0|   64|          0|
    |gray_stream_read_reg_154          |   8|   0|    8|          0|
    |i_fu_58                           |  32|   0|   32|          0|
    +----------------------------------+----+----+-----+-----------+
    |Total                             | 119|   0|  119|          0|
    +----------------------------------+----+----+-----+-----------+



================================================================
== Interface
================================================================
* Summary: 
+----------------------------+-----+-----+------------+-------------------------------------------------------+--------------+
|          RTL Ports         | Dir | Bits|  Protocol  |                     Source Object                     |    C Type    |
+----------------------------+-----+-----+------------+-------------------------------------------------------+--------------+
|ap_clk                      |   in|    1|  ap_ctrl_hs|  (anonymous namespace)write_output_Pipeline_write_loop|  return value|
|ap_rst                      |   in|    1|  ap_ctrl_hs|  (anonymous namespace)write_output_Pipeline_write_loop|  return value|
|ap_start                    |   in|    1|  ap_ctrl_hs|  (anonymous namespace)write_output_Pipeline_write_loop|  return value|
|ap_done                     |  out|    1|  ap_ctrl_hs|  (anonymous namespace)write_output_Pipeline_write_loop|  return value|
|ap_idle                     |  out|    1|  ap_ctrl_hs|  (anonymous namespace)write_output_Pipeline_write_loop|  return value|
|ap_ready                    |  out|    1|  ap_ctrl_hs|  (anonymous namespace)write_output_Pipeline_write_loop|  return value|
|gray_stream_dout            |   in|    8|     ap_fifo|                                            gray_stream|       pointer|
|gray_stream_num_data_valid  |   in|    7|     ap_fifo|                                            gray_stream|       pointer|
|gray_stream_fifo_cap        |   in|    7|     ap_fifo|                                            gray_stream|       pointer|
|gray_stream_empty_n         |   in|    1|     ap_fifo|                                            gray_stream|       pointer|
|gray_stream_read            |  out|    1|     ap_fifo|                                            gray_stream|       pointer|
|m_axi_gmem1_AWVALID         |  out|    1|       m_axi|                                                  gmem1|       pointer|
|m_axi_gmem1_AWREADY         |   in|    1|       m_axi|                                                  gmem1|       pointer|
|m_axi_gmem1_AWADDR          |  out|   64|       m_axi|                                                  gmem1|       pointer|
|m_axi_gmem1_AWID            |  out|    1|       m_axi|                                                  gmem1|       pointer|
|m_axi_gmem1_AWLEN           |  out|   32|       m_axi|                                                  gmem1|       pointer|
|m_axi_gmem1_AWSIZE          |  out|    3|       m_axi|                                                  gmem1|       pointer|
|m_axi_gmem1_AWBURST         |  out|    2|       m_axi|                                                  gmem1|       pointer|
|m_axi_gmem1_AWLOCK          |  out|    2|       m_axi|                                                  gmem1|       pointer|
|m_axi_gmem1_AWCACHE         |  out|    4|       m_axi|                                                  gmem1|       pointer|
|m_axi_gmem1_AWPROT          |  out|    3|       m_axi|                                                  gmem1|       pointer|
|m_axi_gmem1_AWQOS           |  out|    4|       m_axi|                                                  gmem1|       pointer|
|m_axi_gmem1_AWREGION        |  out|    4|       m_axi|                                                  gmem1|       pointer|
|m_axi_gmem1_AWUSER          |  out|    1|       m_axi|                                                  gmem1|       pointer|
|m_axi_gmem1_WVALID          |  out|    1|       m_axi|                                                  gmem1|       pointer|
|m_axi_gmem1_WREADY          |   in|    1|       m_axi|                                                  gmem1|       pointer|
|m_axi_gmem1_WDATA           |  out|    8|       m_axi|                                                  gmem1|       pointer|
|m_axi_gmem1_WSTRB           |  out|    1|       m_axi|                                                  gmem1|       pointer|
|m_axi_gmem1_WLAST           |  out|    1|       m_axi|                                                  gmem1|       pointer|
|m_axi_gmem1_WID             |  out|    1|       m_axi|                                                  gmem1|       pointer|
|m_axi_gmem1_WUSER           |  out|    1|       m_axi|                                                  gmem1|       pointer|
|m_axi_gmem1_ARVALID         |  out|    1|       m_axi|                                                  gmem1|       pointer|
|m_axi_gmem1_ARREADY         |   in|    1|       m_axi|                                                  gmem1|       pointer|
|m_axi_gmem1_ARADDR          |  out|   64|       m_axi|                                                  gmem1|       pointer|
|m_axi_gmem1_ARID            |  out|    1|       m_axi|                                                  gmem1|       pointer|
|m_axi_gmem1_ARLEN           |  out|   32|       m_axi|                                                  gmem1|       pointer|
|m_axi_gmem1_ARSIZE          |  out|    3|       m_axi|                                                  gmem1|       pointer|
|m_axi_gmem1_ARBURST         |  out|    2|       m_axi|                                                  gmem1|       pointer|
|m_axi_gmem1_ARLOCK          |  out|    2|       m_axi|                                                  gmem1|       pointer|
|m_axi_gmem1_ARCACHE         |  out|    4|       m_axi|                                                  gmem1|       pointer|
|m_axi_gmem1_ARPROT          |  out|    3|       m_axi|                                                  gmem1|       pointer|
|m_axi_gmem1_ARQOS           |  out|    4|       m_axi|                                                  gmem1|       pointer|
|m_axi_gmem1_ARREGION        |  out|    4|       m_axi|                                                  gmem1|       pointer|
|m_axi_gmem1_ARUSER          |  out|    1|       m_axi|                                                  gmem1|       pointer|
|m_axi_gmem1_RVALID          |   in|    1|       m_axi|                                                  gmem1|       pointer|
|m_axi_gmem1_RREADY          |  out|    1|       m_axi|                                                  gmem1|       pointer|
|m_axi_gmem1_RDATA           |   in|    8|       m_axi|                                                  gmem1|       pointer|
|m_axi_gmem1_RLAST           |   in|    1|       m_axi|                                                  gmem1|       pointer|
|m_axi_gmem1_RID             |   in|    1|       m_axi|                                                  gmem1|       pointer|
|m_axi_gmem1_RFIFONUM        |   in|   11|       m_axi|                                                  gmem1|       pointer|
|m_axi_gmem1_RUSER           |   in|    1|       m_axi|                                                  gmem1|       pointer|
|m_axi_gmem1_RRESP           |   in|    2|       m_axi|                                                  gmem1|       pointer|
|m_axi_gmem1_BVALID          |   in|    1|       m_axi|                                                  gmem1|       pointer|
|m_axi_gmem1_BREADY          |  out|    1|       m_axi|                                                  gmem1|       pointer|
|m_axi_gmem1_BRESP           |   in|    2|       m_axi|                                                  gmem1|       pointer|
|m_axi_gmem1_BID             |   in|    1|       m_axi|                                                  gmem1|       pointer|
|m_axi_gmem1_BUSER           |   in|    1|       m_axi|                                                  gmem1|       pointer|
|num_pixels_1                |   in|   32|     ap_none|                                           num_pixels_1|        scalar|
|output_gray_1               |   in|   64|     ap_none|                                          output_gray_1|        scalar|
+----------------------------+-----+-----+------------+-------------------------------------------------------+--------------+

