

================================================================
== Vitis HLS Report for 'p_anonymous_namespace_read_input'
================================================================
* Date:           Sat Jul 11 19:11:15 2026

* Version:        2024.1 (Build 5069499 on May 21 2024)
* Project:        image_accel
* Solution:       hls (Vivado IP Flow Target)
* Product family: zynquplus
* Target device:  xck26-sfvc784-2LV-c


================================================================
== Performance Estimates
================================================================
+ Timing: 
    * Summary: 
    +--------+---------+----------+------------+
    |  Clock |  Target | Estimated| Uncertainty|
    +--------+---------+----------+------------+
    |ap_clk  |  4.00 ns|  3.500 ns|     0.50 ns|
    +--------+---------+----------+------------+

+ Latency: 
    * Summary: 
    +---------+---------+-----------+-----------+-----+---------+---------+
    |  Latency (cycles) |   Latency (absolute)  |    Interval   | Pipeline|
    |   min   |   max   |    min    |    max    | min |   max   |   Type  |
    +---------+---------+-----------+-----------+-----+---------+---------+
    |       16|  6220813|  64.000 ns|  24.883 ms|   16|  6220813|       no|
    +---------+---------+-----------+-----------+-----+---------+---------+

    + Detail: 
        * Instance: 
        +---------------------------------------------------------------+-----------------------------------------------------+---------+---------+-----------+-----------+-----+---------+-----------------------------------------------+
        |                                                               |                                                     |  Latency (cycles) |   Latency (absolute)  |    Interval   |                    Pipeline                   |
        |                            Instance                           |                        Module                       |   min   |   max   |    min    |    max    | min |   max   |                      Type                     |
        +---------------------------------------------------------------+-----------------------------------------------------+---------+---------+-----------+-----------+-----+---------+-----------------------------------------------+
        |grp_p_anonymous_namespace_read_input_Pipeline_read_loop_fu_70  |p_anonymous_namespace_read_input_Pipeline_read_loop  |       14|  6220811|  56.000 ns|  24.883 ms|    6|  6220803|  loop auto-rewind stp(delay=0 clock cycles(s))|
        +---------------------------------------------------------------+-----------------------------------------------------+---------+---------+-----------+-----------+-----+---------+-----------------------------------------------+

        * Loop: 
        N/A



================================================================
== Utilization Estimates
================================================================
* Summary: 
+-----------------+---------+------+--------+--------+-----+
|       Name      | BRAM_18K|  DSP |   FF   |   LUT  | URAM|
+-----------------+---------+------+--------+--------+-----+
|DSP              |        -|     -|       -|       -|    -|
|Expression       |        -|     -|       0|       2|    -|
|FIFO             |        -|     -|       -|       -|    -|
|Instance         |        -|     -|     357|     600|    -|
|Memory           |        -|     -|       -|       -|    -|
|Multiplexer      |        -|     -|       0|      74|    -|
|Register         |        -|     -|       6|       -|    -|
+-----------------+---------+------+--------+--------+-----+
|Total            |        0|     0|     363|     676|    0|
+-----------------+---------+------+--------+--------+-----+
|Available        |      288|  1248|  234240|  117120|   64|
+-----------------+---------+------+--------+--------+-----+
|Utilization (%)  |        0|     0|      ~0|      ~0|    0|
+-----------------+---------+------+--------+--------+-----+

+ Detail: 
    * Instance: 
    +---------------------------------------------------------------+-----------------------------------------------------+---------+----+-----+-----+-----+
    |                            Instance                           |                        Module                       | BRAM_18K| DSP|  FF | LUT | URAM|
    +---------------------------------------------------------------+-----------------------------------------------------+---------+----+-----+-----+-----+
    |grp_p_anonymous_namespace_read_input_Pipeline_read_loop_fu_70  |p_anonymous_namespace_read_input_Pipeline_read_loop  |        0|   0|  357|  600|    0|
    +---------------------------------------------------------------+-----------------------------------------------------+---------+----+-----+-----+-----+
    |Total                                                          |                                                     |        0|   0|  357|  600|    0|
    +---------------------------------------------------------------+-----------------------------------------------------+---------+----+-----+-----+-----+

    * DSP: 
    N/A

    * Memory: 
    N/A

    * FIFO: 
    N/A

    * Expression: 
    +-----------------+----------+----+---+----+------------+------------+
    |  Variable Name  | Operation| DSP| FF| LUT| Bitwidth P0| Bitwidth P1|
    +-----------------+----------+----+---+----+------------+------------+
    |ap_block_state1  |        or|   0|  0|   2|           1|           1|
    +-----------------+----------+----+---+----+------------+------------+
    |Total            |          |   0|  0|   2|           1|           1|
    +-----------------+----------+----+---+----+------------+------------+

    * Multiplexer: 
    +---------------------+----+-----------+-----+-----------+
    |         Name        | LUT| Input Size| Bits| Total Bits|
    +---------------------+----+-----------+-----+-----------+
    |ap_NS_fsm            |  20|          4|    1|          4|
    |ap_done              |   9|          2|    1|          2|
    |m_axi_gmem0_ARVALID  |   9|          2|    1|          2|
    |m_axi_gmem0_RREADY   |   9|          2|    1|          2|
    |num_pixels_c1_blk_n  |   9|          2|    1|          2|
    |real_start           |   9|          2|    1|          2|
    |rgb_stream_write     |   9|          2|    1|          2|
    +---------------------+----+-----------+-----+-----------+
    |Total                |  74|         16|    7|         16|
    +---------------------+----+-----------+-----+-----------+

    * Register: 
    +----------------------------------------------------------------------------+---+----+-----+-----------+
    |                                    Name                                    | FF| LUT| Bits| Const Bits|
    +----------------------------------------------------------------------------+---+----+-----+-----------+
    |ap_CS_fsm                                                                   |  3|   0|    3|          0|
    |ap_done_reg                                                                 |  1|   0|    1|          0|
    |grp_p_anonymous_namespace_read_input_Pipeline_read_loop_fu_70_ap_start_reg  |  1|   0|    1|          0|
    |start_once_reg                                                              |  1|   0|    1|          0|
    +----------------------------------------------------------------------------+---+----+-----+-----------+
    |Total                                                                       |  6|   0|    6|          0|
    +----------------------------------------------------------------------------+---+----+-----+-----------+



================================================================
== Interface
================================================================
* Summary: 
+------------------------------+-----+-----+------------+---------------------------------+--------------+
|           RTL Ports          | Dir | Bits|  Protocol  |          Source Object          |    C Type    |
+------------------------------+-----+-----+------------+---------------------------------+--------------+
|ap_clk                        |   in|    1|  ap_ctrl_hs|  (anonymous namespace)read_input|  return value|
|ap_rst                        |   in|    1|  ap_ctrl_hs|  (anonymous namespace)read_input|  return value|
|ap_start                      |   in|    1|  ap_ctrl_hs|  (anonymous namespace)read_input|  return value|
|start_full_n                  |   in|    1|  ap_ctrl_hs|  (anonymous namespace)read_input|  return value|
|ap_done                       |  out|    1|  ap_ctrl_hs|  (anonymous namespace)read_input|  return value|
|ap_continue                   |   in|    1|  ap_ctrl_hs|  (anonymous namespace)read_input|  return value|
|ap_idle                       |  out|    1|  ap_ctrl_hs|  (anonymous namespace)read_input|  return value|
|ap_ready                      |  out|    1|  ap_ctrl_hs|  (anonymous namespace)read_input|  return value|
|start_out                     |  out|    1|  ap_ctrl_hs|  (anonymous namespace)read_input|  return value|
|start_write                   |  out|    1|  ap_ctrl_hs|  (anonymous namespace)read_input|  return value|
|m_axi_gmem0_AWVALID           |  out|    1|       m_axi|                            gmem0|       pointer|
|m_axi_gmem0_AWREADY           |   in|    1|       m_axi|                            gmem0|       pointer|
|m_axi_gmem0_AWADDR            |  out|   64|       m_axi|                            gmem0|       pointer|
|m_axi_gmem0_AWID              |  out|    1|       m_axi|                            gmem0|       pointer|
|m_axi_gmem0_AWLEN             |  out|   32|       m_axi|                            gmem0|       pointer|
|m_axi_gmem0_AWSIZE            |  out|    3|       m_axi|                            gmem0|       pointer|
|m_axi_gmem0_AWBURST           |  out|    2|       m_axi|                            gmem0|       pointer|
|m_axi_gmem0_AWLOCK            |  out|    2|       m_axi|                            gmem0|       pointer|
|m_axi_gmem0_AWCACHE           |  out|    4|       m_axi|                            gmem0|       pointer|
|m_axi_gmem0_AWPROT            |  out|    3|       m_axi|                            gmem0|       pointer|
|m_axi_gmem0_AWQOS             |  out|    4|       m_axi|                            gmem0|       pointer|
|m_axi_gmem0_AWREGION          |  out|    4|       m_axi|                            gmem0|       pointer|
|m_axi_gmem0_AWUSER            |  out|    1|       m_axi|                            gmem0|       pointer|
|m_axi_gmem0_WVALID            |  out|    1|       m_axi|                            gmem0|       pointer|
|m_axi_gmem0_WREADY            |   in|    1|       m_axi|                            gmem0|       pointer|
|m_axi_gmem0_WDATA             |  out|    8|       m_axi|                            gmem0|       pointer|
|m_axi_gmem0_WSTRB             |  out|    1|       m_axi|                            gmem0|       pointer|
|m_axi_gmem0_WLAST             |  out|    1|       m_axi|                            gmem0|       pointer|
|m_axi_gmem0_WID               |  out|    1|       m_axi|                            gmem0|       pointer|
|m_axi_gmem0_WUSER             |  out|    1|       m_axi|                            gmem0|       pointer|
|m_axi_gmem0_ARVALID           |  out|    1|       m_axi|                            gmem0|       pointer|
|m_axi_gmem0_ARREADY           |   in|    1|       m_axi|                            gmem0|       pointer|
|m_axi_gmem0_ARADDR            |  out|   64|       m_axi|                            gmem0|       pointer|
|m_axi_gmem0_ARID              |  out|    1|       m_axi|                            gmem0|       pointer|
|m_axi_gmem0_ARLEN             |  out|   32|       m_axi|                            gmem0|       pointer|
|m_axi_gmem0_ARSIZE            |  out|    3|       m_axi|                            gmem0|       pointer|
|m_axi_gmem0_ARBURST           |  out|    2|       m_axi|                            gmem0|       pointer|
|m_axi_gmem0_ARLOCK            |  out|    2|       m_axi|                            gmem0|       pointer|
|m_axi_gmem0_ARCACHE           |  out|    4|       m_axi|                            gmem0|       pointer|
|m_axi_gmem0_ARPROT            |  out|    3|       m_axi|                            gmem0|       pointer|
|m_axi_gmem0_ARQOS             |  out|    4|       m_axi|                            gmem0|       pointer|
|m_axi_gmem0_ARREGION          |  out|    4|       m_axi|                            gmem0|       pointer|
|m_axi_gmem0_ARUSER            |  out|    1|       m_axi|                            gmem0|       pointer|
|m_axi_gmem0_RVALID            |   in|    1|       m_axi|                            gmem0|       pointer|
|m_axi_gmem0_RREADY            |  out|    1|       m_axi|                            gmem0|       pointer|
|m_axi_gmem0_RDATA             |   in|    8|       m_axi|                            gmem0|       pointer|
|m_axi_gmem0_RLAST             |   in|    1|       m_axi|                            gmem0|       pointer|
|m_axi_gmem0_RID               |   in|    1|       m_axi|                            gmem0|       pointer|
|m_axi_gmem0_RFIFONUM          |   in|   13|       m_axi|                            gmem0|       pointer|
|m_axi_gmem0_RUSER             |   in|    1|       m_axi|                            gmem0|       pointer|
|m_axi_gmem0_RRESP             |   in|    2|       m_axi|                            gmem0|       pointer|
|m_axi_gmem0_BVALID            |   in|    1|       m_axi|                            gmem0|       pointer|
|m_axi_gmem0_BREADY            |  out|    1|       m_axi|                            gmem0|       pointer|
|m_axi_gmem0_BRESP             |   in|    2|       m_axi|                            gmem0|       pointer|
|m_axi_gmem0_BID               |   in|    1|       m_axi|                            gmem0|       pointer|
|m_axi_gmem0_BUSER             |   in|    1|       m_axi|                            gmem0|       pointer|
|input_rgb                     |   in|   64|     ap_none|                        input_rgb|        scalar|
|rgb_stream_din                |  out|   24|     ap_fifo|                       rgb_stream|       pointer|
|rgb_stream_num_data_valid     |   in|    7|     ap_fifo|                       rgb_stream|       pointer|
|rgb_stream_fifo_cap           |   in|    7|     ap_fifo|                       rgb_stream|       pointer|
|rgb_stream_full_n             |   in|    1|     ap_fifo|                       rgb_stream|       pointer|
|rgb_stream_write              |  out|    1|     ap_fifo|                       rgb_stream|       pointer|
|num_pixels                    |   in|   32|     ap_none|                       num_pixels|        scalar|
|num_pixels_c1_din             |  out|   32|     ap_fifo|                    num_pixels_c1|       pointer|
|num_pixels_c1_num_data_valid  |   in|    3|     ap_fifo|                    num_pixels_c1|       pointer|
|num_pixels_c1_fifo_cap        |   in|    3|     ap_fifo|                    num_pixels_c1|       pointer|
|num_pixels_c1_full_n          |   in|    1|     ap_fifo|                    num_pixels_c1|       pointer|
|num_pixels_c1_write           |  out|    1|     ap_fifo|                    num_pixels_c1|       pointer|
+------------------------------+-----+-----+------------+---------------------------------+--------------+

