

================================================================
== Vitis HLS Report for 'p_anonymous_namespace_read_input_Pipeline_read_loop'
================================================================
* Date:           Sat Jul 11 19:11:15 2026

* Version:        2024.1 (Build 5069499 on May 21 2024)
* Project:        image_accel
* Solution:       hls (Vivado IP Flow Target)
* Product family: zynquplus
* Target device:  xck26-sfvc784-2LV-c


================================================================
== Performance Estimates
================================================================
+ Timing: 
    * Summary: 
    +--------+---------+----------+------------+
    |  Clock |  Target | Estimated| Uncertainty|
    +--------+---------+----------+------------+
    |ap_clk  |  4.00 ns|  3.500 ns|     0.50 ns|
    +--------+---------+----------+------------+

+ Latency: 
    * Summary: 
    +---------+---------+-----------+-----------+-----+---------+-----------------------------------------------+
    |  Latency (cycles) |   Latency (absolute)  |    Interval   |                    Pipeline                   |
    |   min   |   max   |    min    |    max    | min |   max   |                      Type                     |
    +---------+---------+-----------+-----------+-----+---------+-----------------------------------------------+
    |       14|  6220811|  56.000 ns|  24.883 ms|    6|  6220803|  loop auto-rewind stp(delay=0 clock cycles(s))|
    +---------+---------+-----------+-----------+-----+---------+-----------------------------------------------+

    + Detail: 
        * Instance: 
        N/A

        * Loop: 
        +-------------+---------+---------+----------+-----------+-----------+-------------+----------+
        |             |  Latency (cycles) | Iteration|  Initiation Interval  |     Trip    |          |
        |  Loop Name  |   min   |   max   |  Latency |  achieved |   target  |    Count    | Pipelined|
        +-------------+---------+---------+----------+-----------+-----------+-------------+----------+
        |- read_loop  |       12|  6220809|        13|          3|          1|  1 ~ 2073600|       yes|
        +-------------+---------+---------+----------+-----------+-----------+-------------+----------+



================================================================
== Utilization Estimates
================================================================
* Summary: 
+-----------------+---------+------+--------+--------+-----+
|       Name      | BRAM_18K|  DSP |   FF   |   LUT  | URAM|
+-----------------+---------+------+--------+--------+-----+
|DSP              |        -|     -|       -|       -|    -|
|Expression       |        -|     -|       0|     420|    -|
|FIFO             |        -|     -|       -|       -|    -|
|Instance         |        -|     -|       -|       -|    -|
|Memory           |        -|     -|       -|       -|    -|
|Multiplexer      |        -|     -|       0|     148|    -|
|Register         |        -|     -|     357|      32|    -|
+-----------------+---------+------+--------+--------+-----+
|Total            |        0|     0|     357|     600|    0|
+-----------------+---------+------+--------+--------+-----+
|Available        |      288|  1248|  234240|  117120|   64|
+-----------------+---------+------+--------+--------+-----+
|Utilization (%)  |        0|     0|      ~0|      ~0|    0|
+-----------------+---------+------+--------+--------+-----+

+ Detail: 
    * Instance: 
    N/A

    * DSP: 
    N/A

    * Memory: 
    N/A

    * FIFO: 
    N/A

    * Expression: 
    +---------------------------+----------+----+---+----+------------+------------+
    |       Variable Name       | Operation| DSP| FF| LUT| Bitwidth P0| Bitwidth P1|
    +---------------------------+----------+----+---+----+------------+------------+
    |add_ln18_fu_131_p2         |         +|   0|  0|  39|          32|           1|
    |add_ln25_fu_153_p2         |         +|   0|  0|  71|          64|          64|
    |add_ln26_1_fu_179_p2       |         +|   0|  0|  71|          64|          64|
    |add_ln26_fu_170_p2         |         +|   0|  0|  39|          32|           1|
    |add_ln27_1_fu_199_p2       |         +|   0|  0|  71|          64|          64|
    |add_ln27_fu_190_p2         |         +|   0|  0|  39|          32|           2|
    |base_fu_143_p2             |         -|   0|  0|  39|          32|          32|
    |ap_block_state2_io         |       and|   0|  0|   2|           1|           1|
    |icmp_ln18_fu_125_p2        |      icmp|   0|  0|  39|          32|          32|
    |ap_block_pp0_stage0_01001  |        or|   0|  0|   2|           1|           1|
    |ap_block_pp0_stage0_11001  |        or|   0|  0|   2|           1|           1|
    |ap_block_pp0_stage1_11001  |        or|   0|  0|   2|           1|           1|
    |ap_block_pp0_stage2_11001  |        or|   0|  0|   2|           1|           1|
    |ap_enable_pp0              |       xor|   0|  0|   2|           1|           2|
    +---------------------------+----------+----+---+----+------------+------------+
    |Total                      |          |   0|  0| 420|         358|         267|
    +---------------------------+----------+----+---+----+------------+------------+

    * Multiplexer: 
    +----------------------------------+----+-----------+-----+-----------+
    |               Name               | LUT| Input Size| Bits| Total Bits|
    +----------------------------------+----+-----------+-----+-----------+
    |ap_NS_fsm                         |  20|          4|    1|          4|
    |ap_done_int                       |   9|          2|    1|          2|
    |ap_enable_reg_pp0_iter0           |   9|          2|    1|          2|
    |ap_enable_reg_pp0_iter1           |   9|          2|    1|          2|
    |ap_enable_reg_pp0_iter4           |   9|          2|    1|          2|
    |ap_loop_exit_ready_pp0_iter1_reg  |   9|          2|    1|          2|
    |ap_loop_exit_ready_pp0_iter2_reg  |   9|          2|    1|          2|
    |ap_loop_exit_ready_pp0_iter3_reg  |   9|          2|    1|          2|
    |ap_sig_allocacmp_i_4              |   9|          2|   32|         64|
    |gmem0_blk_n_AR                    |   9|          2|    1|          2|
    |gmem0_blk_n_R                     |   9|          2|    1|          2|
    |i_fu_58                           |   9|          2|   32|         64|
    |m_axi_gmem0_ARADDR                |  20|          4|   64|        256|
    |rgb_stream_blk_n                  |   9|          2|    1|          2|
    +----------------------------------+----+-----------+-----+-----------+
    |Total                             | 148|         32|  139|        408|
    +----------------------------------+----+-----------+-----+-----------+

    * Register: 
    +----------------------------------+----+----+-----+-----------+
    |               Name               | FF | LUT| Bits| Const Bits|
    +----------------------------------+----+----+-----+-----------+
    |ap_CS_fsm                         |   3|   0|    3|          0|
    |ap_done_reg                       |   1|   0|    1|          0|
    |ap_enable_reg_pp0_iter0_reg       |   1|   0|    1|          0|
    |ap_enable_reg_pp0_iter1           |   1|   0|    1|          0|
    |ap_enable_reg_pp0_iter2           |   1|   0|    1|          0|
    |ap_enable_reg_pp0_iter3           |   1|   0|    1|          0|
    |ap_enable_reg_pp0_iter4           |   1|   0|    1|          0|
    |ap_loop_exit_ready_pp0_iter1_reg  |   1|   0|    1|          0|
    |ap_loop_exit_ready_pp0_iter2_reg  |   1|   0|    1|          0|
    |ap_loop_exit_ready_pp0_iter3_reg  |   1|   0|    1|          0|
    |base_reg_235                      |  32|   0|   32|          0|
    |gmem0_addr_1_reg_247              |  64|   0|   64|          0|
    |gmem0_addr_2_reg_253              |  64|   0|   64|          0|
    |gmem0_addr_reg_241                |  64|   0|   64|          0|
    |i_fu_58                           |  32|   0|   32|          0|
    |icmp_ln18_reg_231                 |   1|   0|    1|          0|
    |pixel_b_reg_269                   |   8|   0|    8|          0|
    |pixel_g_reg_264                   |   8|   0|    8|          0|
    |pixel_r_reg_259                   |   8|   0|    8|          0|
    |icmp_ln18_reg_231                 |  64|  32|    1|          0|
    +----------------------------------+----+----+-----+-----------+
    |Total                             | 357|  32|  294|          0|
    +----------------------------------+----+----+-----+-----------+



================================================================
== Interface
================================================================
* Summary: 
+---------------------------+-----+-----+------------+----------------------------------------------------+--------------+
|         RTL Ports         | Dir | Bits|  Protocol  |                    Source Object                   |    C Type    |
+---------------------------+-----+-----+------------+----------------------------------------------------+--------------+
|ap_clk                     |   in|    1|  ap_ctrl_hs|  (anonymous namespace)read_input_Pipeline_read_loop|  return value|
|ap_rst                     |   in|    1|  ap_ctrl_hs|  (anonymous namespace)read_input_Pipeline_read_loop|  return value|
|ap_start                   |   in|    1|  ap_ctrl_hs|  (anonymous namespace)read_input_Pipeline_read_loop|  return value|
|ap_done                    |  out|    1|  ap_ctrl_hs|  (anonymous namespace)read_input_Pipeline_read_loop|  return value|
|ap_idle                    |  out|    1|  ap_ctrl_hs|  (anonymous namespace)read_input_Pipeline_read_loop|  return value|
|ap_ready                   |  out|    1|  ap_ctrl_hs|  (anonymous namespace)read_input_Pipeline_read_loop|  return value|
|m_axi_gmem0_AWVALID        |  out|    1|       m_axi|                                               gmem0|       pointer|
|m_axi_gmem0_AWREADY        |   in|    1|       m_axi|                                               gmem0|       pointer|
|m_axi_gmem0_AWADDR         |  out|   64|       m_axi|                                               gmem0|       pointer|
|m_axi_gmem0_AWID           |  out|    1|       m_axi|                                               gmem0|       pointer|
|m_axi_gmem0_AWLEN          |  out|   32|       m_axi|                                               gmem0|       pointer|
|m_axi_gmem0_AWSIZE         |  out|    3|       m_axi|                                               gmem0|       pointer|
|m_axi_gmem0_AWBURST        |  out|    2|       m_axi|                                               gmem0|       pointer|
|m_axi_gmem0_AWLOCK         |  out|    2|       m_axi|                                               gmem0|       pointer|
|m_axi_gmem0_AWCACHE        |  out|    4|       m_axi|                                               gmem0|       pointer|
|m_axi_gmem0_AWPROT         |  out|    3|       m_axi|                                               gmem0|       pointer|
|m_axi_gmem0_AWQOS          |  out|    4|       m_axi|                                               gmem0|       pointer|
|m_axi_gmem0_AWREGION       |  out|    4|       m_axi|                                               gmem0|       pointer|
|m_axi_gmem0_AWUSER         |  out|    1|       m_axi|                                               gmem0|       pointer|
|m_axi_gmem0_WVALID         |  out|    1|       m_axi|                                               gmem0|       pointer|
|m_axi_gmem0_WREADY         |   in|    1|       m_axi|                                               gmem0|       pointer|
|m_axi_gmem0_WDATA          |  out|    8|       m_axi|                                               gmem0|       pointer|
|m_axi_gmem0_WSTRB          |  out|    1|       m_axi|                                               gmem0|       pointer|
|m_axi_gmem0_WLAST          |  out|    1|       m_axi|                                               gmem0|       pointer|
|m_axi_gmem0_WID            |  out|    1|       m_axi|                                               gmem0|       pointer|
|m_axi_gmem0_WUSER          |  out|    1|       m_axi|                                               gmem0|       pointer|
|m_axi_gmem0_ARVALID        |  out|    1|       m_axi|                                               gmem0|       pointer|
|m_axi_gmem0_ARREADY        |   in|    1|       m_axi|                                               gmem0|       pointer|
|m_axi_gmem0_ARADDR         |  out|   64|       m_axi|                                               gmem0|       pointer|
|m_axi_gmem0_ARID           |  out|    1|       m_axi|                                               gmem0|       pointer|
|m_axi_gmem0_ARLEN          |  out|   32|       m_axi|                                               gmem0|       pointer|
|m_axi_gmem0_ARSIZE         |  out|    3|       m_axi|                                               gmem0|       pointer|
|m_axi_gmem0_ARBURST        |  out|    2|       m_axi|                                               gmem0|       pointer|
|m_axi_gmem0_ARLOCK         |  out|    2|       m_axi|                                               gmem0|       pointer|
|m_axi_gmem0_ARCACHE        |  out|    4|       m_axi|                                               gmem0|       pointer|
|m_axi_gmem0_ARPROT         |  out|    3|       m_axi|                                               gmem0|       pointer|
|m_axi_gmem0_ARQOS          |  out|    4|       m_axi|                                               gmem0|       pointer|
|m_axi_gmem0_ARREGION       |  out|    4|       m_axi|                                               gmem0|       pointer|
|m_axi_gmem0_ARUSER         |  out|    1|       m_axi|                                               gmem0|       pointer|
|m_axi_gmem0_RVALID         |   in|    1|       m_axi|                                               gmem0|       pointer|
|m_axi_gmem0_RREADY         |  out|    1|       m_axi|                                               gmem0|       pointer|
|m_axi_gmem0_RDATA          |   in|    8|       m_axi|                                               gmem0|       pointer|
|m_axi_gmem0_RLAST          |   in|    1|       m_axi|                                               gmem0|       pointer|
|m_axi_gmem0_RID            |   in|    1|       m_axi|                                               gmem0|       pointer|
|m_axi_gmem0_RFIFONUM       |   in|   13|       m_axi|                                               gmem0|       pointer|
|m_axi_gmem0_RUSER          |   in|    1|       m_axi|                                               gmem0|       pointer|
|m_axi_gmem0_RRESP          |   in|    2|       m_axi|                                               gmem0|       pointer|
|m_axi_gmem0_BVALID         |   in|    1|       m_axi|                                               gmem0|       pointer|
|m_axi_gmem0_BREADY         |  out|    1|       m_axi|                                               gmem0|       pointer|
|m_axi_gmem0_BRESP          |   in|    2|       m_axi|                                               gmem0|       pointer|
|m_axi_gmem0_BID            |   in|    1|       m_axi|                                               gmem0|       pointer|
|m_axi_gmem0_BUSER          |   in|    1|       m_axi|                                               gmem0|       pointer|
|num_pixels                 |   in|   32|     ap_none|                                          num_pixels|        scalar|
|input_rgb                  |   in|   64|     ap_none|                                           input_rgb|        scalar|
|rgb_stream_din             |  out|   24|     ap_fifo|                                          rgb_stream|       pointer|
|rgb_stream_num_data_valid  |   in|    7|     ap_fifo|                                          rgb_stream|       pointer|
|rgb_stream_fifo_cap        |   in|    7|     ap_fifo|                                          rgb_stream|       pointer|
|rgb_stream_full_n          |   in|    1|     ap_fifo|                                          rgb_stream|       pointer|
|rgb_stream_write           |  out|    1|     ap_fifo|                                          rgb_stream|       pointer|
+---------------------------+-----+-----+------------+----------------------------------------------------+--------------+

