#-----------------------------------------------------------
# Vivado v2024.1 (64-bit)
# SW Build 5076996 on Wed May 22 18:36:09 MDT 2024
# IP Build 5075265 on Wed May 22 21:45:21 MDT 2024
# SharedData Build 5076995 on Wed May 22 18:29:18 MDT 2024
# Start of session at: Sun Jul 12 21:03:47 2026
# Process ID: 60
# Current directory: /home/ronny/tec/high-level-design-for-electronics/homework/homework-3/hls-gem5-rgb2gray
# Command line: vivado -mode batch -source vivado/scripts/export_xsa.tcl
# Log file: /home/ronny/tec/high-level-design-for-electronics/homework/homework-3/hls-gem5-rgb2gray/vivado.log
# Journal file: /home/ronny/tec/high-level-design-for-electronics/homework/homework-3/hls-gem5-rgb2gray/vivado.jou
# Running On        :192.168.1.25
# Platform          :unknown
# Operating System  :unknown
# Processor Detail  :Intel(R) Core(TM) i5-8250U CPU @ 1.60GHz
# CPU Frequency     :2700.016 MHz
# CPU Physical cores:4
# CPU Logical cores :8
# Host memory       :8170 MB
# Swap memory       :8169 MB
# Total Virtual     :16339 MB
# Available Virtual :7019 MB
#-----------------------------------------------------------
CRITICAL WARNING: [Common 17-741] No write access right to the local Tcl store at '/home/ronny/.Xilinx/Vivado/2024.1/XilinxTclStore'. XilinxTclStore is reverted to the installation area. If you want to use local Tcl Store, please change the access right and relaunch Vivado.
source vivado/scripts/export_xsa.tcl
# set script_dir [file dirname [file normalize [info script]]]
# set vivado_dir [file dirname $script_dir]
# set project_name image_accel_kv260
# set bd_name image_accel_system
# set build_dir [file join $vivado_dir build]
# set export_dir [file join $vivado_dir export]
# set project_dir [file join $build_dir $project_name]
# set project_xpr [file join $project_dir ${project_name}.xpr]
# set xsa_path [file join $export_dir ${project_name}.xsa]
# set bd_path [file join $project_dir ${project_name}.srcs sources_1 bd $bd_name ${bd_name}.bd]
# set wrapper_path [file join $project_dir ${project_name}.gen sources_1 bd $bd_name hdl ${bd_name}_wrapper.v]
# if {![file exists $project_xpr]} {
#     puts stderr "ERROR: Vivado project not found: $project_xpr"
#     puts stderr "Run first: vivado -mode batch -source vivado/scripts/create_image_accel_bd.tcl"
#     exit 1
# }
# file mkdir $export_dir
# open_project $project_xpr
Scanning sources...
Finished scanning sources
INFO: [IP_Flow 19-234] Refreshing IP repositories
INFO: [IP_Flow 19-1700] Loaded user IP repository '/home/ronny/tec/high-level-design-for-electronics/homework/homework-3/hls-gem5-rgb2gray/vivado/build/ip_repo/image_accel_1_0'.
INFO: [IP_Flow 19-2313] Loaded Vivado IP repository '/tools/Xilinx/Vivado/2024.1/data/ip'.
open_project: Time (s): cpu = 00:00:17 ; elapsed = 00:00:18 . Memory (MB): peak = 1716.574 ; gain = 117.191 ; free physical = 208 ; free virtual = 6299
# open_bd_design /home/ronny/tec/high-level-design-for-electronics/homework/homework-3/hls-gem5-rgb2gray/vivado/build/image_accel_kv260/image_accel_kv260.srcs/sources_1/bd/image_accel_system/image_accel_system.bd
Reading block design file </home/ronny/tec/high-level-design-for-electronics/homework/homework-3/hls-gem5-rgb2gray/vivado/build/image_accel_kv260/image_accel_kv260.srcs/sources_1/bd/image_accel_system/image_accel_system.bd>...
Adding component instance block -- xilinx.com:ip:zynq_ultra_ps_e:3.5 - zynq_ultra_ps_e_0
Adding component instance block -- xilinx.com:hls:image_accel:1.0 - image_accel_0
Adding component instance block -- xilinx.com:ip:smartconnect:1.0 - smartconnect_ctrl
Adding component instance block -- xilinx.com:ip:smartconnect:1.0 - smartconnect_mem
Adding component instance block -- xilinx.com:ip:proc_sys_reset:5.0 - rst_ps_pl_250m
Adding component instance block -- xilinx.com:ip:util_vector_logic:2.0 - rstn_to_rst
Adding component instance block -- xilinx.com:ip:xlconstant:1.1 - const_one
Adding component instance block -- xilinx.com:ip:xlconstant:1.1 - const_zero
Excluding slave segment /zynq_ultra_ps_e_0/SAXIGP2/HP0_LPS_OCM from address space /image_accel_0/Data_m_axi_gmem0.
Excluding slave segment /zynq_ultra_ps_e_0/SAXIGP2/HP0_LPS_OCM from address space /image_accel_0/Data_m_axi_gmem1.
Successfully read diagram <image_accel_system> from block design file </home/ronny/tec/high-level-design-for-electronics/homework/homework-3/hls-gem5-rgb2gray/vivado/build/image_accel_kv260/image_accel_kv260.srcs/sources_1/bd/image_accel_system/image_accel_system.bd>
# validate_bd_design
INFO: [BD 5-320] Validate design is not run, since the design is already validated.
# save_bd_design
# generate_target all [get_files $bd_path]
INFO: [BD 41-1662] The design 'image_accel_system.bd' is already validated. Therefore parameter propagation will not be re-run.
WARNING: [BD 41-2384] Width mismatch when connecting pin: '/smartconnect_mem/S00_AXI_arlock'(1) to pin: '/image_accel_0/m_axi_gmem0_ARLOCK'(2) - Only lower order bits will be connected.
WARNING: [BD 41-2384] Width mismatch when connecting pin: '/smartconnect_mem/S01_AXI_awlock'(1) to pin: '/image_accel_0/m_axi_gmem1_AWLOCK'(2) - Only lower order bits will be connected.
Verilog Output written to : /home/ronny/tec/high-level-design-for-electronics/homework/homework-3/hls-gem5-rgb2gray/vivado/build/image_accel_kv260/image_accel_kv260.gen/sources_1/bd/image_accel_system/synth/image_accel_system.v
WARNING: [BD 41-2384] Width mismatch when connecting pin: '/smartconnect_mem/S00_AXI_arlock'(1) to pin: '/image_accel_0/m_axi_gmem0_ARLOCK'(2) - Only lower order bits will be connected.
WARNING: [BD 41-2384] Width mismatch when connecting pin: '/smartconnect_mem/S01_AXI_awlock'(1) to pin: '/image_accel_0/m_axi_gmem1_AWLOCK'(2) - Only lower order bits will be connected.
Verilog Output written to : /home/ronny/tec/high-level-design-for-electronics/homework/homework-3/hls-gem5-rgb2gray/vivado/build/image_accel_kv260/image_accel_kv260.gen/sources_1/bd/image_accel_system/sim/image_accel_system.v
Verilog Output written to : /home/ronny/tec/high-level-design-for-electronics/homework/homework-3/hls-gem5-rgb2gray/vivado/build/image_accel_kv260/image_accel_kv260.gen/sources_1/bd/image_accel_system/hdl/image_accel_system_wrapper.v
INFO: [xilinx.com:ip:zynq_ultra_ps_e:3.5-0] image_accel_system_zynq_ultra_ps_e_0_0: 
Changes in your design (including the PCW configuration settings) are not automatically exported from Vivado to Amd's SDK, Petalinux or Yocto.
This is by design to avoid disrupting existing embedded development efforts. To have any changes of your design taking effect in the embedded software flow please export your
design by going through Vivado's main menu, click on File, then Export finally select Export Hardware, please ensure you click on the Include BitStream option.
The auto-generated HDF file is all you need to import in Amd's SDK, Petalinux or Yocto for your changes to be reflected in the Embedded Software Flow.
For more information, please consult PG201, section: Exporting PCW Settings to Embedded Software Flows
INFO: [PSU-0] Address Range of DDR (0x7ff00000 to 0x7fffffff) is reserved by PMU for internal purpose.
INFO: [IP_Flow 19-5611] Unable to find an associated reset port for the interface 'M_AXI_HPM0_FPD'. A default connection has been created.
INFO: [IP_Flow 19-5611] Unable to find an associated reset port for the interface 'S_AXI_HP0_FPD'. A default connection has been created.
INFO: [BD 41-1029] Generation completed for the IP Integrator block zynq_ultra_ps_e_0 .
INFO: [BD 41-1029] Generation completed for the IP Integrator block image_accel_0 .
Exporting to file /home/ronny/tec/high-level-design-for-electronics/homework/homework-3/hls-gem5-rgb2gray/vivado/build/image_accel_kv260/image_accel_kv260.gen/sources_1/bd/image_accel_system/ip/image_accel_system_smartconnect_ctrl_0/bd_0/hw_handoff/image_accel_system_smartconnect_ctrl_0.hwh
Generated Hardware Definition File /home/ronny/tec/high-level-design-for-electronics/homework/homework-3/hls-gem5-rgb2gray/vivado/build/image_accel_kv260/image_accel_kv260.gen/sources_1/bd/image_accel_system/ip/image_accel_system_smartconnect_ctrl_0/bd_0/synth/image_accel_system_smartconnect_ctrl_0.hwdef
INFO: [BD 41-1029] Generation completed for the IP Integrator block smartconnect_ctrl .
Exporting to file /home/ronny/tec/high-level-design-for-electronics/homework/homework-3/hls-gem5-rgb2gray/vivado/build/image_accel_kv260/image_accel_kv260.gen/sources_1/bd/image_accel_system/ip/image_accel_system_smartconnect_mem_0/bd_0/hw_handoff/image_accel_system_smartconnect_mem_0.hwh
Generated Hardware Definition File /home/ronny/tec/high-level-design-for-electronics/homework/homework-3/hls-gem5-rgb2gray/vivado/build/image_accel_kv260/image_accel_kv260.gen/sources_1/bd/image_accel_system/ip/image_accel_system_smartconnect_mem_0/bd_0/synth/image_accel_system_smartconnect_mem_0.hwdef
INFO: [BD 41-1029] Generation completed for the IP Integrator block smartconnect_mem .
INFO: [BD 41-1029] Generation completed for the IP Integrator block rst_ps_pl_250m .
INFO: [BD 41-1029] Generation completed for the IP Integrator block rstn_to_rst .
INFO: [BD 41-1029] Generation completed for the IP Integrator block const_one .
INFO: [BD 41-1029] Generation completed for the IP Integrator block const_zero .
Exporting to file /home/ronny/tec/high-level-design-for-electronics/homework/homework-3/hls-gem5-rgb2gray/vivado/build/image_accel_kv260/image_accel_kv260.gen/sources_1/bd/image_accel_system/hw_handoff/image_accel_system.hwh
Generated Hardware Definition File /home/ronny/tec/high-level-design-for-electronics/homework/homework-3/hls-gem5-rgb2gray/vivado/build/image_accel_kv260/image_accel_kv260.gen/sources_1/bd/image_accel_system/synth/image_accel_system.hwdef
generate_target: Time (s): cpu = 00:00:42 ; elapsed = 00:00:44 . Memory (MB): peak = 2175.109 ; gain = 347.469 ; free physical = 156 ; free virtual = 5713
# if {![file exists $wrapper_path]} {
#     make_wrapper -files [get_files $bd_path] -top
#     add_files -norecurse $wrapper_path
# }
# set_property top ${bd_name}_wrapper [current_fileset]
# update_compile_order -fileset sources_1
# write_hw_platform -force -fixed -file $xsa_path
INFO: [Project 1-1918] Creating Hardware Platform: /home/ronny/tec/high-level-design-for-electronics/homework/homework-3/hls-gem5-rgb2gray/vivado/export/image_accel_kv260.xsa ...
INFO: [Project 1-1943] The Hardware Platform can be used for Hardware
INFO: [Project 1-1941] Successfully created Hardware Platform: /home/ronny/tec/high-level-design-for-electronics/homework/homework-3/hls-gem5-rgb2gray/vivado/export/image_accel_kv260.xsa
INFO: [Hsi 55-2053] elapsed time for repository (/tools/Xilinx/Vivado/2024.1/data/embeddedsw) loading 0 seconds
write_hw_platform: Time (s): cpu = 00:00:09 ; elapsed = 00:00:09 . Memory (MB): peak = 2295.168 ; gain = 0.000 ; free physical = 142 ; free virtual = 5646
# puts "Exported XSA: $xsa_path"
Exported XSA: /home/ronny/tec/high-level-design-for-electronics/homework/homework-3/hls-gem5-rgb2gray/vivado/export/image_accel_kv260.xsa
INFO: [Common 17-206] Exiting Vivado at Sun Jul 12 21:05:10 2026...
