dfgPass::INFOR: DFG Pass going to run on Module: /home/ronny/tec/high-level-design-for-electronics/homework/homework-3/hls-gem5-rgb2gray/hls/image_accel/image_accel/hls/csim/code_analyzer/.internal/instrument/app_0/project.symbols.bc
dfgPass::INFOR:     Getting ProgramContainer for application app
dfgPass::INFOR:     Parsing the provided input trace files...
dfgPass::INFOR:     Initializing InstructionCounter...
dfgPass::VERBO:     +0 is not a loop
dfgPass::VERBO:     +0 is not a loop
dfgPass::VERBO:     +0 is not a loop
dfgPass::VERBO:     +0 is not a loop
dfgPass::VERBO:       - BEFORE BREAK
dfgPass::VERBO:       - for.cond
dfgPass::VERBO:         - memlocal of :i:0
dfgPass::VERBO:         - LCV conditional branch 6:48
dfgPass::VERBO:       - AFTER BREAK
dfgPass::VERBO:       - for.body
dfgPass::VERBO:         - memlocal of :i:0
dfgPass::VERBO:       - AFTER BREAK
dfgPass::VERBO:       - for.inc
dfgPass::VERBO:         - memlocal of :i:0
dfgPass::VERBO:         - memlocal of :i:1
dfgPass::VERBO:       - AFTER BREAK
dfgPass::VERBO:     +0 is not a loop
dfgPass::VERBO:       - BEFORE BREAK
dfgPass::VERBO:       - for.cond2
dfgPass::VERBO:         - memlocal of :i:0
dfgPass::VERBO:         - LCV conditional branch 6:48
dfgPass::VERBO:       - AFTER BREAK
dfgPass::VERBO:       - for.body4
dfgPass::VERBO:         - memlocal of :i:0
dfgPass::VERBO:         - memlocal of :r:1
dfgPass::VERBO:         - memlocal of :i:0
dfgPass::VERBO:         - memlocal of :g:1
dfgPass::VERBO:         - memlocal of :i:0
dfgPass::VERBO:         - memlocal of :b:1
dfgPass::VERBO:         - memlocal of :i:0
dfgPass::VERBO:         - memlocal of :r:0
dfgPass::VERBO:         - memlocal of :g:0
dfgPass::VERBO:         - memlocal of :b:0
dfgPass::VERBO:         - invalid TR:4:0
dfgPass::VERBO:       - BEFORE BREAK
dfgPass::VERBO:       - for.cond
dfgPass::VERBO:         - memlocal of :i:0
dfgPass::VERBO:         - LCV conditional branch 6:48
dfgPass::VERBO:       - AFTER BREAK
dfgPass::VERBO:       - for.body
dfgPass::VERBO:         - memlocal of :i:0
dfgPass::VERBO:       - AFTER BREAK
dfgPass::VERBO:       - for.inc
dfgPass::VERBO:         - memlocal of :i:0
dfgPass::VERBO:         - memlocal of :i:1
dfgPass::VERBO:       - AFTER BREAK
dfgPass::VERBO:     +0 is not a loop
dfgPass::VERBO:     +0 is not a loop
dfgPass::VERBO:     +1 fails R.hasBlockSchema
dfgPass::VERBO:     _ZN12_GLOBAL__N_111golden_grayEhhh is skipped for analysis (only accesses local vars)
dfgPass::VERBO:     +0 is not a loop
dfgPass::VERBO:     +0 is not a loop
dfgPass::VERBO:     +0 is not a loop
dfgPass::VERBO:     +0 is not a loop
dfgPass::VERBO:     +0 is not a loop
dfgPass::VERBO:     +0 is not a loop
dfgPass::VERBO:     +0 is not a loop
dfgPass::VERBO:       - BEFORE BREAK
dfgPass::VERBO:       - for.cond
dfgPass::VERBO:         - memlocal of :i:0
dfgPass::VERBO:         - memlocal of :num_pixels:0
dfgPass::VERBO:       - AFTER BREAK
dfgPass::VERBO:       - for.body
dfgPass::VERBO:         - memlocal of :i:0
dfgPass::VERBO:         - memlocal of :base:1
dfgPass::VERBO:         - memlocal of :input_rgb:0
dfgPass::VERBO:         - memlocal of :base:0
dfgPass::VERBO:         - memlocal of :unnamed:1
dfgPass::VERBO:         - memlocal of :unnamed:0
dfgPass::VERBO:         - memlocal of :pixel:1
dfgPass::VERBO:         - memlocal of :input_rgb:0
dfgPass::VERBO:         - memlocal of :base:0
dfgPass::VERBO:         - memlocal of :unnamed:1
dfgPass::VERBO:         - memlocal of :unnamed:0
dfgPass::VERBO:         - memlocal of :pixel:1
dfgPass::VERBO:         - memlocal of :input_rgb:0
dfgPass::VERBO:         - memlocal of :base:0
dfgPass::VERBO:         - memlocal of :unnamed:1
dfgPass::VERBO:         - memlocal of :unnamed:0
dfgPass::VERBO:         - memlocal of :pixel:1
dfgPass::VERBO:         - memlocal of :rgb_stream:0
dfgPass::VERBO:         - memlocal of :pixel:0
dfgPass::VERBO:         - memlocal of :pixel:0
dfgPass::VERBO:         - memlocal of :pixel:0
dfgPass::VERBO:         - memlocal of :unnamed:1
dfgPass::VERBO:         - memlocal of :unnamed:0
dfgPass::VERBO:         - invalid TR:4:0
dfgPass::VERBO:     +0 is not a loop
dfgPass::VERBO:       - BEFORE BREAK
dfgPass::VERBO:       - for.cond
dfgPass::VERBO:         - memlocal of :i:0
dfgPass::VERBO:         - memlocal of :num_pixels:0
dfgPass::VERBO:       - AFTER BREAK
dfgPass::VERBO:       - for.body
dfgPass::VERBO:         - memlocal of :rgb_stream:0
dfgPass::VERBO:         - invalid TR:4:0
dfgPass::VERBO:     +0 is not a loop
dfgPass::VERBO:       - BEFORE BREAK
dfgPass::VERBO:       - for.cond
dfgPass::VERBO:         - memlocal of :i:0
dfgPass::VERBO:         - memlocal of :num_pixels:0
dfgPass::VERBO:       - AFTER BREAK
dfgPass::VERBO:       - for.body
dfgPass::VERBO:         - memlocal of :gray_stream:0
dfgPass::VERBO:         - invalid TR:4:0
dfgPass::VERBO:     +0 is not a loop
dfgPass::INFOR:     Parsing trace...
dfgPass::INFOR:     End of the trace parse
dfgPass::INFOR: Saving ProgramContainer...
