ERROR: System received a signal named SIGSEGV and the program has to stop immediately!
This signal was generated when a program tries to read or write outside the memory that is allocated for it, or to write memory that can only be read.
Possible cause of this problem may be:
  1) Missing depth information for one or more pointers to arrays in the interface;
  2) Insufficient depth setting for array argument(s);
  3) Excessive depth setting for array argument(s), that exceeds the maximum virtual memory size for the process;
  4) Null pointer etc.
Current execution stopped during CodeState = ENTER_WRAPC.
You can search CodeState variable name in apatb*.cpp file under ./sim/wrapc dir to locate the position.

image_accel testbench passed
INFO [HLS SIM]: The maximum depth reached by any hls::stream() instance in the design is 1024
Vivado Simulator v2024.1
Copyright 1986-2022 Xilinx, Inc. All Rights Reserved.
Copyright 2022-2024 Advanced Micro Devices, Inc. All Rights Reserved.
Running: /tools/Xilinx/Vivado/2024.1/bin/unwrapped/lnx64.o/xelab xil_defaultlib.apatb_image_accel_top glbl -Oenable_linking_all_libraries -prj image_accel.prj -L smartconnect_v1_0 -L axi_protocol_checker_v1_1_12 -L axi_protocol_checker_v1_1_13 -L axis_protocol_checker_v1_1_11 -L axis_protocol_checker_v1_1_12 -L xil_defaultlib -L unisims_ver -L xpm -L floating_point_v7_0_23 -L floating_point_v7_1_18 --lib ieee_proposed=./ieee_proposed -s image_accel 
Multi-threading is on. Using 6 slave threads.
INFO: [VRFC 10-2263] Analyzing SystemVerilog file "/home/ronny/tec/high-level-design-for-electronics/homework/homework-3/hls-gem5-rgb2gray/hls/image_accel/image_accel/hls/sim/verilog/glbl.v" into library work
INFO: [VRFC 10-311] analyzing module glbl
INFO: [VRFC 10-2263] Analyzing SystemVerilog file "/home/ronny/tec/high-level-design-for-electronics/homework/homework-3/hls-gem5-rgb2gray/hls/image_accel/image_accel/hls/sim/verilog/image_accel.autotb.v" into library xil_defaultlib
INFO: [VRFC 10-311] analyzing module apatb_image_accel_top
INFO: [VRFC 10-2263] Analyzing SystemVerilog file "/home/ronny/tec/high-level-design-for-electronics/homework/homework-3/hls-gem5-rgb2gray/hls/image_accel/image_accel/hls/sim/verilog/AESL_axi_master_gmem0.v" into library xil_defaultlib
INFO: [VRFC 10-311] analyzing module AESL_axi_master_gmem0
INFO: [VRFC 10-2263] Analyzing SystemVerilog file "/home/ronny/tec/high-level-design-for-electronics/homework/homework-3/hls-gem5-rgb2gray/hls/image_accel/image_accel/hls/sim/verilog/AESL_axi_master_gmem1.v" into library xil_defaultlib
INFO: [VRFC 10-311] analyzing module AESL_axi_master_gmem1
INFO: [VRFC 10-2263] Analyzing SystemVerilog file "/home/ronny/tec/high-level-design-for-electronics/homework/homework-3/hls-gem5-rgb2gray/hls/image_accel/image_accel/hls/sim/verilog/AESL_axi_slave_control.v" into library xil_defaultlib
INFO: [VRFC 10-311] analyzing module AESL_axi_slave_control
INFO: [VRFC 10-2263] Analyzing SystemVerilog file "/home/ronny/tec/high-level-design-for-electronics/homework/homework-3/hls-gem5-rgb2gray/hls/image_accel/image_accel/hls/sim/verilog/AESL_deadlock_detection_unit.v" into library xil_defaultlib
INFO: [VRFC 10-311] analyzing module AESL_deadlock_detect_unit
INFO: [VRFC 10-2263] Analyzing SystemVerilog file "/home/ronny/tec/high-level-design-for-electronics/homework/homework-3/hls-gem5-rgb2gray/hls/image_accel/image_accel/hls/sim/verilog/AESL_deadlock_report_unit.v" into library xil_defaultlib
INFO: [VRFC 10-311] analyzing module AESL_deadlock_report_unit
INFO: [VRFC 10-2263] Analyzing SystemVerilog file "/home/ronny/tec/high-level-design-for-electronics/homework/homework-3/hls-gem5-rgb2gray/hls/image_accel/image_accel/hls/sim/verilog/AESL_deadlock_detector.v" into library xil_defaultlib
INFO: [VRFC 10-311] analyzing module AESL_deadlock_detector
INFO: [VRFC 10-2263] Analyzing SystemVerilog file "/home/ronny/tec/high-level-design-for-electronics/homework/homework-3/hls-gem5-rgb2gray/hls/image_accel/image_accel/hls/sim/verilog/image_accel_entry_proc.v" into library xil_defaultlib
INFO: [VRFC 10-311] analyzing module image_accel_entry_proc
INFO: [VRFC 10-2263] Analyzing SystemVerilog file "/home/ronny/tec/high-level-design-for-electronics/homework/homework-3/hls-gem5-rgb2gray/hls/image_accel/image_accel/hls/sim/verilog/image_accel_p_anonymous_namespace_read_input_Pipeline_read_loop.v" into library xil_defaultlib
INFO: [VRFC 10-311] analyzing module image_accel_p_anonymous_namespace_read_input_Pipeline_read_loop
INFO: [VRFC 10-2263] Analyzing SystemVerilog file "/home/ronny/tec/high-level-design-for-electronics/homework/homework-3/hls-gem5-rgb2gray/hls/image_accel/image_accel/hls/sim/verilog/image_accel_p_anonymous_namespace_read_input.v" into library xil_defaultlib
INFO: [VRFC 10-311] analyzing module image_accel_p_anonymous_namespace_read_input
INFO: [VRFC 10-2263] Analyzing SystemVerilog file "/home/ronny/tec/high-level-design-for-electronics/homework/homework-3/hls-gem5-rgb2gray/hls/image_accel/image_accel/hls/sim/verilog/image_accel_p_anonymous_namespace_rgb_to_gray_Pipeline_process_loop.v" into library xil_defaultlib
INFO: [VRFC 10-311] analyzing module image_accel_p_anonymous_namespace_rgb_to_gray_Pipeline_process_loop
INFO: [VRFC 10-2263] Analyzing SystemVerilog file "/home/ronny/tec/high-level-design-for-electronics/homework/homework-3/hls-gem5-rgb2gray/hls/image_accel/image_accel/hls/sim/verilog/image_accel_p_anonymous_namespace_rgb_to_gray.v" into library xil_defaultlib
INFO: [VRFC 10-311] analyzing module image_accel_p_anonymous_namespace_rgb_to_gray
INFO: [VRFC 10-2263] Analyzing SystemVerilog file "/home/ronny/tec/high-level-design-for-electronics/homework/homework-3/hls-gem5-rgb2gray/hls/image_accel/image_accel/hls/sim/verilog/image_accel_p_anonymous_namespace_write_output_Pipeline_write_loop.v" into library xil_defaultlib
INFO: [VRFC 10-311] analyzing module image_accel_p_anonymous_namespace_write_output_Pipeline_write_loop
INFO: [VRFC 10-2263] Analyzing SystemVerilog file "/home/ronny/tec/high-level-design-for-electronics/homework/homework-3/hls-gem5-rgb2gray/hls/image_accel/image_accel/hls/sim/verilog/image_accel_p_anonymous_namespace_write_output.v" into library xil_defaultlib
INFO: [VRFC 10-311] analyzing module image_accel_p_anonymous_namespace_write_output
INFO: [VRFC 10-2263] Analyzing SystemVerilog file "/home/ronny/tec/high-level-design-for-electronics/homework/homework-3/hls-gem5-rgb2gray/hls/image_accel/image_accel/hls/sim/verilog/image_accel.v" into library xil_defaultlib
INFO: [VRFC 10-311] analyzing module image_accel
INFO: [VRFC 10-2263] Analyzing SystemVerilog file "/home/ronny/tec/high-level-design-for-electronics/homework/homework-3/hls-gem5-rgb2gray/hls/image_accel/image_accel/hls/sim/verilog/image_accel_flow_control_loop_pipe_sequential_init.v" into library xil_defaultlib
INFO: [VRFC 10-311] analyzing module image_accel_flow_control_loop_pipe_sequential_init
INFO: [VRFC 10-2263] Analyzing SystemVerilog file "/home/ronny/tec/high-level-design-for-electronics/homework/homework-3/hls-gem5-rgb2gray/hls/image_accel/image_accel/hls/sim/verilog/image_accel_mul_8ns_8ns_15_1_1.v" into library xil_defaultlib
INFO: [VRFC 10-311] analyzing module image_accel_mul_8ns_8ns_15_1_1
INFO: [VRFC 10-2263] Analyzing SystemVerilog file "/home/ronny/tec/high-level-design-for-electronics/homework/homework-3/hls-gem5-rgb2gray/hls/image_accel/image_accel/hls/sim/verilog/image_accel_mac_muladd_8ns_5ns_15ns_15_4_1.v" into library xil_defaultlib
INFO: [VRFC 10-311] analyzing module image_accel_mac_muladd_8ns_5ns_15ns_15_4_1_DSP48_0
INFO: [VRFC 10-311] analyzing module image_accel_mac_muladd_8ns_5ns_15ns_15_4_1
INFO: [VRFC 10-2263] Analyzing SystemVerilog file "/home/ronny/tec/high-level-design-for-electronics/homework/homework-3/hls-gem5-rgb2gray/hls/image_accel/image_accel/hls/sim/verilog/image_accel_mac_muladd_8ns_8ns_15ns_16_4_1.v" into library xil_defaultlib
INFO: [VRFC 10-311] analyzing module image_accel_mac_muladd_8ns_8ns_15ns_16_4_1_DSP48_0
INFO: [VRFC 10-311] analyzing module image_accel_mac_muladd_8ns_8ns_15ns_16_4_1
INFO: [VRFC 10-2263] Analyzing SystemVerilog file "/home/ronny/tec/high-level-design-for-electronics/homework/homework-3/hls-gem5-rgb2gray/hls/image_accel/image_accel/hls/sim/verilog/image_accel_fifo_w64_d4_S.v" into library xil_defaultlib
INFO: [VRFC 10-311] analyzing module image_accel_fifo_w64_d4_S
INFO: [VRFC 10-311] analyzing module image_accel_fifo_w64_d4_S_ShiftReg
INFO: [VRFC 10-2263] Analyzing SystemVerilog file "/home/ronny/tec/high-level-design-for-electronics/homework/homework-3/hls-gem5-rgb2gray/hls/image_accel/image_accel/hls/sim/verilog/image_accel_fifo_w24_d64_A.v" into library xil_defaultlib
INFO: [VRFC 10-311] analyzing module image_accel_fifo_w24_d64_A
INFO: [VRFC 10-311] analyzing module image_accel_fifo_w24_d64_A_ram
INFO: [VRFC 10-2263] Analyzing SystemVerilog file "/home/ronny/tec/high-level-design-for-electronics/homework/homework-3/hls-gem5-rgb2gray/hls/image_accel/image_accel/hls/sim/verilog/image_accel_fifo_w32_d2_S.v" into library xil_defaultlib
INFO: [VRFC 10-311] analyzing module image_accel_fifo_w32_d2_S
INFO: [VRFC 10-311] analyzing module image_accel_fifo_w32_d2_S_ShiftReg
INFO: [VRFC 10-2263] Analyzing SystemVerilog file "/home/ronny/tec/high-level-design-for-electronics/homework/homework-3/hls-gem5-rgb2gray/hls/image_accel/image_accel/hls/sim/verilog/image_accel_fifo_w8_d64_S.v" into library xil_defaultlib
INFO: [VRFC 10-311] analyzing module image_accel_fifo_w8_d64_S
INFO: [VRFC 10-311] analyzing module image_accel_fifo_w8_d64_S_ShiftReg
INFO: [VRFC 10-2263] Analyzing SystemVerilog file "/home/ronny/tec/high-level-design-for-electronics/homework/homework-3/hls-gem5-rgb2gray/hls/image_accel/image_accel/hls/sim/verilog/image_accel_start_for_p_anonymous_namespace_write_output_U0.v" into library xil_defaultlib
INFO: [VRFC 10-311] analyzing module image_accel_start_for_p_anonymous_namespace_write_output_U0
INFO: [VRFC 10-311] analyzing module image_accel_start_for_p_anonymous_namespace_write_output_U0_ShiftReg
INFO: [VRFC 10-2263] Analyzing SystemVerilog file "/home/ronny/tec/high-level-design-for-electronics/homework/homework-3/hls-gem5-rgb2gray/hls/image_accel/image_accel/hls/sim/verilog/image_accel_start_for_p_anonymous_namespace_rgb_to_gray_U0.v" into library xil_defaultlib
INFO: [VRFC 10-311] analyzing module image_accel_start_for_p_anonymous_namespace_rgb_to_gray_U0
INFO: [VRFC 10-311] analyzing module image_accel_start_for_p_anonymous_namespace_rgb_to_gray_U0_ShiftReg
INFO: [VRFC 10-2263] Analyzing SystemVerilog file "/home/ronny/tec/high-level-design-for-electronics/homework/homework-3/hls-gem5-rgb2gray/hls/image_accel/image_accel/hls/sim/verilog/image_accel_gmem0_m_axi.v" into library xil_defaultlib
INFO: [VRFC 10-311] analyzing module image_accel_gmem0_m_axi
INFO: [VRFC 10-311] analyzing module image_accel_gmem0_m_axi_load
INFO: [VRFC 10-311] analyzing module image_accel_gmem0_m_axi_store
INFO: [VRFC 10-311] analyzing module image_accel_gmem0_m_axi_read
INFO: [VRFC 10-311] analyzing module image_accel_gmem0_m_axi_write
INFO: [VRFC 10-311] analyzing module image_accel_gmem0_m_axi_burst_converter
INFO: [VRFC 10-311] analyzing module image_accel_gmem0_m_axi_throttle
INFO: [VRFC 10-311] analyzing module image_accel_gmem0_m_axi_reg_slice
INFO: [VRFC 10-311] analyzing module image_accel_gmem0_m_axi_fifo
INFO: [VRFC 10-311] analyzing module image_accel_gmem0_m_axi_srl
INFO: [VRFC 10-311] analyzing module image_accel_gmem0_m_axi_mem
INFO: [VRFC 10-2263] Analyzing SystemVerilog file "/home/ronny/tec/high-level-design-for-electronics/homework/homework-3/hls-gem5-rgb2gray/hls/image_accel/image_accel/hls/sim/verilog/image_accel_gmem1_m_axi.v" into library xil_defaultlib
INFO: [VRFC 10-311] analyzing module image_accel_gmem1_m_axi
INFO: [VRFC 10-311] analyzing module image_accel_gmem1_m_axi_load
INFO: [VRFC 10-311] analyzing module image_accel_gmem1_m_axi_store
INFO: [VRFC 10-311] analyzing module image_accel_gmem1_m_axi_read
INFO: [VRFC 10-311] analyzing module image_accel_gmem1_m_axi_write
INFO: [VRFC 10-311] analyzing module image_accel_gmem1_m_axi_burst_converter
INFO: [VRFC 10-311] analyzing module image_accel_gmem1_m_axi_throttle
INFO: [VRFC 10-311] analyzing module image_accel_gmem1_m_axi_reg_slice
INFO: [VRFC 10-311] analyzing module image_accel_gmem1_m_axi_fifo
INFO: [VRFC 10-311] analyzing module image_accel_gmem1_m_axi_srl
INFO: [VRFC 10-311] analyzing module image_accel_gmem1_m_axi_mem
INFO: [VRFC 10-2263] Analyzing SystemVerilog file "/home/ronny/tec/high-level-design-for-electronics/homework/homework-3/hls-gem5-rgb2gray/hls/image_accel/image_accel/hls/sim/verilog/image_accel_control_s_axi.v" into library xil_defaultlib
INFO: [VRFC 10-311] analyzing module image_accel_control_s_axi
INFO: [VRFC 10-2263] Analyzing SystemVerilog file "/home/ronny/tec/high-level-design-for-electronics/homework/homework-3/hls-gem5-rgb2gray/hls/image_accel/image_accel/hls/sim/verilog/dataflow_monitor.sv" into library xil_defaultlib
INFO: [VRFC 10-311] analyzing module dataflow_monitor
Starting static elaboration
Pass Through NonSizing Optimizer
Completed static elaboration
Starting simulation data flow analysis
Completed simulation data flow analysis
Time Resolution for simulation is 1ps
Compiling package xil_defaultlib.$unit_dataflow_monitor_sv
Compiling module xil_defaultlib.image_accel_control_s_axi
Compiling module xil_defaultlib.image_accel_gmem0_m_axi_srl(DATA...
Compiling module xil_defaultlib.image_accel_gmem0_m_axi_fifo(DAT...
Compiling module xil_defaultlib.image_accel_gmem0_m_axi_mem(MEM_...
Compiling module xil_defaultlib.image_accel_gmem0_m_axi_fifo(MEM...
Compiling module xil_defaultlib.image_accel_gmem0_m_axi_srl(DATA...
Compiling module xil_defaultlib.image_accel_gmem0_m_axi_fifo(DAT...
Compiling module xil_defaultlib.image_accel_gmem0_m_axi_srl(DATA...
Compiling module xil_defaultlib.image_accel_gmem0_m_axi_fifo(DAT...
Compiling module xil_defaultlib.image_accel_gmem0_m_axi_srl(DATA...
Compiling module xil_defaultlib.image_accel_gmem0_m_axi_fifo(DAT...
Compiling module xil_defaultlib.image_accel_gmem0_m_axi_store(NU...
Compiling module xil_defaultlib.image_accel_gmem0_m_axi_mem(MEM_...
Compiling module xil_defaultlib.image_accel_gmem0_m_axi_fifo(MEM...
Compiling module xil_defaultlib.image_accel_gmem0_m_axi_srl(DATA...
Compiling module xil_defaultlib.image_accel_gmem0_m_axi_fifo(DAT...
Compiling module xil_defaultlib.image_accel_gmem0_m_axi_reg_slic...
Compiling module xil_defaultlib.image_accel_gmem0_m_axi_load(NUM...
Compiling module xil_defaultlib.image_accel_gmem0_m_axi_reg_slic...
Compiling module xil_defaultlib.image_accel_gmem0_m_axi_burst_co...
Compiling module xil_defaultlib.image_accel_gmem0_m_axi_srl(DATA...
Compiling module xil_defaultlib.image_accel_gmem0_m_axi_fifo(DAT...
Compiling module xil_defaultlib.image_accel_gmem0_m_axi_reg_slic...
Compiling module xil_defaultlib.image_accel_gmem0_m_axi_srl(DATA...
Compiling module xil_defaultlib.image_accel_gmem0_m_axi_fifo(DAT...
Compiling module xil_defaultlib.image_accel_gmem0_m_axi_srl(DATA...
Compiling module xil_defaultlib.image_accel_gmem0_m_axi_fifo(DAT...
Compiling module xil_defaultlib.image_accel_gmem0_m_axi_throttle...
Compiling module xil_defaultlib.image_accel_gmem0_m_axi_reg_slic...
Compiling module xil_defaultlib.image_accel_gmem0_m_axi_write(CO...
Compiling module xil_defaultlib.image_accel_gmem0_m_axi_burst_co...
Compiling module xil_defaultlib.image_accel_gmem0_m_axi_srl(DATA...
Compiling module xil_defaultlib.image_accel_gmem0_m_axi_fifo(DAT...
Compiling module xil_defaultlib.image_accel_gmem0_m_axi_read(C_U...
Compiling module xil_defaultlib.image_accel_gmem0_m_axi(CONSERVA...
Compiling module xil_defaultlib.image_accel_gmem1_m_axi_srl(DATA...
Compiling module xil_defaultlib.image_accel_gmem1_m_axi_fifo(DAT...
Compiling module xil_defaultlib.image_accel_gmem1_m_axi_mem(MEM_...
Compiling module xil_defaultlib.image_accel_gmem1_m_axi_fifo(MEM...
Compiling module xil_defaultlib.image_accel_gmem1_m_axi_srl(DATA...
Compiling module xil_defaultlib.image_accel_gmem1_m_axi_fifo(DAT...
Compiling module xil_defaultlib.image_accel_gmem1_m_axi_srl(DATA...
Compiling module xil_defaultlib.image_accel_gmem1_m_axi_fifo(DAT...
Compiling module xil_defaultlib.image_accel_gmem1_m_axi_srl(DATA...
Compiling module xil_defaultlib.image_accel_gmem1_m_axi_fifo(DAT...
Compiling module xil_defaultlib.image_accel_gmem1_m_axi_store(NU...
Compiling module xil_defaultlib.image_accel_gmem1_m_axi_mem(MEM_...
Compiling module xil_defaultlib.image_accel_gmem1_m_axi_fifo(MEM...
Compiling module xil_defaultlib.image_accel_gmem1_m_axi_srl(DATA...
Compiling module xil_defaultlib.image_accel_gmem1_m_axi_fifo(DAT...
Compiling module xil_defaultlib.image_accel_gmem1_m_axi_reg_slic...
Compiling module xil_defaultlib.image_accel_gmem1_m_axi_load(NUM...
Compiling module xil_defaultlib.image_accel_gmem1_m_axi_reg_slic...
Compiling module xil_defaultlib.image_accel_gmem1_m_axi_burst_co...
Compiling module xil_defaultlib.image_accel_gmem1_m_axi_srl(DATA...
Compiling module xil_defaultlib.image_accel_gmem1_m_axi_fifo(DAT...
Compiling module xil_defaultlib.image_accel_gmem1_m_axi_reg_slic...
Compiling module xil_defaultlib.image_accel_gmem1_m_axi_srl(DATA...
Compiling module xil_defaultlib.image_accel_gmem1_m_axi_fifo(DAT...
Compiling module xil_defaultlib.image_accel_gmem1_m_axi_srl(DATA...
Compiling module xil_defaultlib.image_accel_gmem1_m_axi_fifo(DAT...
Compiling module xil_defaultlib.image_accel_gmem1_m_axi_throttle...
Compiling module xil_defaultlib.image_accel_gmem1_m_axi_reg_slic...
Compiling module xil_defaultlib.image_accel_gmem1_m_axi_write(CO...
Compiling module xil_defaultlib.image_accel_gmem1_m_axi_burst_co...
Compiling module xil_defaultlib.image_accel_gmem1_m_axi_srl(DATA...
Compiling module xil_defaultlib.image_accel_gmem1_m_axi_fifo(DAT...
Compiling module xil_defaultlib.image_accel_gmem1_m_axi_read(C_U...
Compiling module xil_defaultlib.image_accel_gmem1_m_axi(CONSERVA...
Compiling module xil_defaultlib.image_accel_entry_proc
Compiling module xil_defaultlib.image_accel_flow_control_loop_pi...
Compiling module xil_defaultlib.image_accel_p_anonymous_namespac...
Compiling module xil_defaultlib.image_accel_p_anonymous_namespac...
Compiling module xil_defaultlib.image_accel_mul_8ns_8ns_15_1_1(N...
Compiling module xil_defaultlib.image_accel_mac_muladd_8ns_5ns_1...
Compiling module xil_defaultlib.image_accel_mac_muladd_8ns_5ns_1...
Compiling module xil_defaultlib.image_accel_mac_muladd_8ns_8ns_1...
Compiling module xil_defaultlib.image_accel_mac_muladd_8ns_8ns_1...
Compiling module xil_defaultlib.image_accel_p_anonymous_namespac...
Compiling module xil_defaultlib.image_accel_p_anonymous_namespac...
Compiling module xil_defaultlib.image_accel_p_anonymous_namespac...
Compiling module xil_defaultlib.image_accel_p_anonymous_namespac...
Compiling module xil_defaultlib.image_accel_fifo_w64_d4_S_ShiftR...
Compiling module xil_defaultlib.image_accel_fifo_w64_d4_S_defaul...
Compiling module xil_defaultlib.image_accel_fifo_w24_d64_A_ram(D...
Compiling module xil_defaultlib.image_accel_fifo_w24_d64_A_defau...
Compiling module xil_defaultlib.image_accel_fifo_w32_d2_S_ShiftR...
Compiling module xil_defaultlib.image_accel_fifo_w32_d2_S_defaul...
Compiling module xil_defaultlib.image_accel_fifo_w8_d64_S_ShiftR...
Compiling module xil_defaultlib.image_accel_fifo_w8_d64_S_defaul...
Compiling module xil_defaultlib.image_accel_start_for_p_anonymou...
Compiling module xil_defaultlib.image_accel_start_for_p_anonymou...
Compiling module xil_defaultlib.image_accel_start_for_p_anonymou...
Compiling module xil_defaultlib.image_accel_start_for_p_anonymou...
Compiling module xil_defaultlib.image_accel
Compiling module xil_defaultlib.AESL_axi_master_gmem0
Compiling module xil_defaultlib.AESL_axi_master_gmem1
Compiling module xil_defaultlib.AESL_axi_slave_control
Compiling module xil_defaultlib.AESL_deadlock_detect_unit(OUT_CH...
Compiling module xil_defaultlib.AESL_deadlock_detect_unit(PROC_I...
Compiling module xil_defaultlib.AESL_deadlock_detect_unit(PROC_I...
Compiling module xil_defaultlib.AESL_deadlock_detect_unit(PROC_I...
Compiling module xil_defaultlib.AESL_deadlock_report_unit_defaul...
Compiling module xil_defaultlib.AESL_deadlock_detector_2
Compiling module xil_defaultlib.df_fifo_intf_default
Compiling module xil_defaultlib.df_process_intf_default
Compiling module xil_defaultlib.nodf_module_intf_default
Compiling module xil_defaultlib.upc_loop_intf(FSM_WIDTH=3)
Compiling module xil_defaultlib.upc_loop_intf(FSM_WIDTH=1)
Compiling module xil_defaultlib.dataflow_monitor_1
Compiling module xil_defaultlib.apatb_image_accel_top
Compiling module work.glbl
Built simulation snapshot image_accel

****** xsim v2024.1 (64-bit)
  **** SW Build 5076996 on Wed May 22 18:36:09 MDT 2024
  **** IP Build 5075265 on Wed May 22 21:45:21 MDT 2024
  **** SharedData Build 5076995 on Wed May 22 18:29:18 MDT 2024
  **** Start of session at: Sun Jul 12 12:43:35 2026
    ** Copyright 1986-2022 Xilinx, Inc. All Rights Reserved.
    ** Copyright 2022-2024 Advanced Micro Devices, Inc. All Rights Reserved.

source xsim.dir/image_accel/xsim_script.tcl
# xsim {image_accel} -autoloadwcfg -tclbatch {image_accel.tcl}
Time resolution is 1 ps
source image_accel.tcl
## run all
////////////////////////////////////////////////////////////////////////////////////
// Inter-Transaction Progress: Completed Transaction / Total Transaction
// Intra-Transaction Progress: Measured Latency / Latency Estimation * 100%
//
// RTL Simulation : "Inter-Transaction Progress" ["Intra-Transaction Progress"] @ "Simulation Time"
////////////////////////////////////////////////////////////////////////////////////
// RTL Simulation : 0 / 2 [0.00%] @ "110000"
// RTL Simulation : 1 / 2 [0.00%] @ "642000"
// RTL Simulation : 2 / 2 [100.00%] @ "22426000"
////////////////////////////////////////////////////////////////////////////////////
$finish called at time : 22450 ns : File "/home/ronny/tec/high-level-design-for-electronics/homework/homework-3/hls-gem5-rgb2gray/hls/image_accel/image_accel/hls/sim/verilog/image_accel.autotb.v" Line 583
run: Time (s): cpu = 00:00:00.04 ; elapsed = 00:00:37 . Memory (MB): peak = 1588.473 ; gain = 0.000 ; free physical = 185 ; free virtual = 6854
## quit
INFO: xsimkernel Simulation Memory Usage: 393668 KB (Peak: 524744 KB), Simulation CPU Usage: 36220 ms
INFO: [Common 17-206] Exiting xsim at Sun Jul 12 12:44:19 2026...
image_accel testbench passed
