

================================================================
== Vitis HLS Report for 'p_anonymous_namespace_read_input_Pipeline_read_loop'
================================================================
* Date:           Sat Jul 11 19:11:15 2026

* Version:        2024.1 (Build 5069499 on May 21 2024)
* Project:        image_accel
* Solution:       hls (Vivado IP Flow Target)
* Product family: zynquplus
* Target device:  xck26-sfvc784-2LV-c


================================================================
== Performance Estimates
================================================================
+ Timing: 
    * Summary: 
    +--------+---------+----------+------------+
    |  Clock |  Target | Estimated| Uncertainty|
    +--------+---------+----------+------------+
    |ap_clk  |  4.00 ns|  3.500 ns|     0.50 ns|
    +--------+---------+----------+------------+

+ Latency: 
    * Summary: 
    +---------+---------+-----------+-----------+-----+---------+-----------------------------------------------+
    |  Latency (cycles) |   Latency (absolute)  |    Interval   |                    Pipeline                   |
    |   min   |   max   |    min    |    max    | min |   max   |                      Type                     |
    +---------+---------+-----------+-----------+-----+---------+-----------------------------------------------+
    |       14|  6220811|  56.000 ns|  24.883 ms|    6|  6220803|  loop auto-rewind stp(delay=0 clock cycles(s))|
    +---------+---------+-----------+-----------+-----+---------+-----------------------------------------------+

    + Detail: 
        * Instance: 
        N/A

        * Loop: 
        +-------------+---------+---------+----------+-----------+-----------+-------------+----------+
        |             |  Latency (cycles) | Iteration|  Initiation Interval  |     Trip    |          |
        |  Loop Name  |   min   |   max   |  Latency |  achieved |   target  |    Count    | Pipelined|
        +-------------+---------+---------+----------+-----------+-----------+-------------+----------+
        |- read_loop  |       12|  6220809|        13|          3|          1|  1 ~ 2073600|       yes|
        +-------------+---------+---------+----------+-----------+-----------+-------------+----------+

============================================================
+ Verbose Summary: Synthesis Manager
============================================================
InlineROM: 1
ExposeGlobal: 0
============================================================
+ Verbose Summary: CDFG Model
============================================================
IsTopModel: 0
ResetActiveHigh: 1
IsCombinational: 0
IsDatapathOnly: 0
HasWiredReturn: 1
HasMFsm: 2
HasVarLatency: 1
IsPipeline: 0
IsRtlPipelined: 0
IsInstanceOverlapped: 0
IsDontTouch: 0
HasImplIP: 0
IsGatedGlobalClock: 0

+ Individual pipeline summary: 
  * Pipeline-0: initiation interval (II) = 3, depth = 13


============================================================
+ Verbose Summary: Schedule
============================================================
* Number of FSM states : 13
* Pipeline : 1
  Pipeline-0 : II = 3, D = 13, States = { 1 2 3 4 5 6 7 8 9 10 11 12 13 }
* Dataflow Pipeline: 0

* FSM state transitions: 
1 --> 2 
2 --> 3 
3 --> 4 
4 --> 5 
5 --> 6 
6 --> 7 
7 --> 8 
8 --> 9 
9 --> 10 
10 --> 11 
11 --> 12 
12 --> 13 
13 --> 

* FSM state operations: 

State 1 <SV = 0> <Delay = 2.52>
ST_1 : Operation 16 [1/1] (0.00ns)   --->   "%i = alloca i32 1" [../src/image_accel.cpp:18]   --->   Operation 16 'alloca' 'i' <Predicate = true> <Delay = 0.00>
ST_1 : Operation 17 [1/1] (0.00ns)   --->   "%specinterface_ln0 = specinterface void @_ssdm_op_SpecInterface, i8 %gmem0, void @empty_2, i32 0, i32 0, void @empty_10, i32 0, i32 6220800, void @empty_3, void @empty_11, void @empty_10, i32 16, i32 16, i32 64, i32 16, void @empty_10, void @empty_10, i32 4294967295, i32 0, i32 0"   --->   Operation 17 'specinterface' 'specinterface_ln0' <Predicate = true> <Delay = 0.00>
ST_1 : Operation 18 [1/1] (0.00ns)   --->   "%specinterface_ln0 = specinterface void @_ssdm_op_SpecInterface, i24 %rgb_stream, void @empty_7, i32 0, i32 0, void @empty_10, i32 0, i32 0, void @empty_10, void @empty_10, void @empty_10, i32 0, i32 0, i32 0, i32 0, void @empty_10, void @empty_10, i32 4294967295, i32 0, i32 0"   --->   Operation 18 'specinterface' 'specinterface_ln0' <Predicate = true> <Delay = 0.00>
ST_1 : Operation 19 [1/1] (0.00ns)   --->   "%input_rgb_read = read i64 @_ssdm_op_Read.ap_auto.i64, i64 %input_rgb" [../src/image_accel.cpp:12]   --->   Operation 19 'read' 'input_rgb_read' <Predicate = true> <Delay = 0.00>
ST_1 : Operation 20 [1/1] (0.00ns)   --->   "%num_pixels_read = read i32 @_ssdm_op_Read.ap_auto.i32, i32 %num_pixels" [../src/image_accel.cpp:12]   --->   Operation 20 'read' 'num_pixels_read' <Predicate = true> <Delay = 0.00>
ST_1 : Operation 21 [1/1] (0.42ns)   --->   "%store_ln18 = store i32 0, i32 %i" [../src/image_accel.cpp:18]   --->   Operation 21 'store' 'store_ln18' <Predicate = true> <Delay = 0.42>
ST_1 : Operation 22 [1/1] (0.00ns)   --->   "%br_ln0 = br void %for.inc"   --->   Operation 22 'br' 'br_ln0' <Predicate = true> <Delay = 0.00>
ST_1 : Operation 23 [1/1] (0.00ns)   --->   "%i_4 = load i32 %i" [../src/image_accel.cpp:22]   --->   Operation 23 'load' 'i_4' <Predicate = true> <Delay = 0.00>
ST_1 : Operation 24 [1/1] (1.01ns)   --->   "%icmp_ln18 = icmp_eq  i32 %i_4, i32 %num_pixels_read" [../src/image_accel.cpp:18]   --->   Operation 24 'icmp' 'icmp_ln18' <Predicate = true> <Delay = 1.01> <CoreInst = "Cmp">   --->   Core 9 'Cmp' <Latency = 0> <II = 1> <Delay = 1.01> <FuncUnit> <Opcode : 'seteq' 'setne' 'setle' 'setge' 'setlt' 'setgt'> <InPorts = 2> <OutPorts = 1>
ST_1 : Operation 25 [1/1] (0.00ns)   --->   "%br_ln18 = br i1 %icmp_ln18, void %for.inc.split, void %for.end.loopexit.exitStub" [../src/image_accel.cpp:18]   --->   Operation 25 'br' 'br_ln18' <Predicate = true> <Delay = 0.00>
ST_1 : Operation 26 [1/1] (1.01ns)   --->   "%add_ln18 = add i32 %i_4, i32 1" [../src/image_accel.cpp:18]   --->   Operation 26 'add' 'add_ln18' <Predicate = (!icmp_ln18)> <Delay = 1.01> <CoreInst = "Adder">   --->   Core 1 'Adder' <Latency = 0> <II = 1> <Delay = 1.01> <FuncUnit> <Opcode : 'add' 'sub'> <InPorts = 2> <OutPorts = 1>
ST_1 : Operation 27 [1/1] (0.00ns) (grouped into LUT with out node base)   --->   "%shl_ln22 = shl i32 %i_4, i32 2" [../src/image_accel.cpp:22]   --->   Operation 27 'shl' 'shl_ln22' <Predicate = (!icmp_ln18)> <Delay = 0.00>
ST_1 : Operation 28 [1/1] (1.01ns) (out node of the LUT)   --->   "%base = sub i32 %shl_ln22, i32 %i_4" [../src/image_accel.cpp:22]   --->   Operation 28 'sub' 'base' <Predicate = (!icmp_ln18)> <Delay = 1.01> <CoreInst = "Adder">   --->   Core 1 'Adder' <Latency = 0> <II = 1> <Delay = 1.01> <FuncUnit> <Opcode : 'add' 'sub'> <InPorts = 2> <OutPorts = 1>
ST_1 : Operation 29 [1/1] (0.00ns)   --->   "%zext_ln25 = zext i32 %base" [../src/image_accel.cpp:25]   --->   Operation 29 'zext' 'zext_ln25' <Predicate = (!icmp_ln18)> <Delay = 0.00>
ST_1 : Operation 30 [1/1] (1.08ns)   --->   "%add_ln25 = add i64 %zext_ln25, i64 %input_rgb_read" [../src/image_accel.cpp:25]   --->   Operation 30 'add' 'add_ln25' <Predicate = (!icmp_ln18)> <Delay = 1.08> <CoreInst = "Adder">   --->   Core 1 'Adder' <Latency = 0> <II = 1> <Delay = 1.08> <FuncUnit> <Opcode : 'add' 'sub'> <InPorts = 2> <OutPorts = 1>
ST_1 : Operation 31 [1/1] (0.00ns)   --->   "%gmem0_addr = getelementptr i8 %gmem0, i64 %add_ln25" [../src/image_accel.cpp:25]   --->   Operation 31 'getelementptr' 'gmem0_addr' <Predicate = (!icmp_ln18)> <Delay = 0.00>
ST_1 : Operation 32 [1/1] (0.42ns)   --->   "%store_ln18 = store i32 %add_ln18, i32 %i" [../src/image_accel.cpp:18]   --->   Operation 32 'store' 'store_ln18' <Predicate = (!icmp_ln18)> <Delay = 0.42>

State 2 <SV = 1> <Delay = 3.50>
ST_2 : Operation 33 [8/8] (3.50ns)   --->   "%pixel_r_req = readreq i1 @_ssdm_op_ReadReq.m_axi.i8P1A, i8 %gmem0_addr, i64 1" [../src/image_accel.cpp:25]   --->   Operation 33 'readreq' 'pixel_r_req' <Predicate = (!icmp_ln18)> <Delay = 3.50> <CoreInst = "m_axi">   --->   Core 119 'm_axi' <Latency = 0> <II = 1> <Delay = 1.00> <Adapter> <Opcode : 'read' 'write' 'readreq' 'writereq' 'writeresp'>
ST_2 : Operation 34 [1/1] (1.01ns)   --->   "%add_ln26 = add i32 %base, i32 1" [../src/image_accel.cpp:26]   --->   Operation 34 'add' 'add_ln26' <Predicate = (!icmp_ln18)> <Delay = 1.01> <CoreInst = "Adder">   --->   Core 1 'Adder' <Latency = 0> <II = 1> <Delay = 1.01> <FuncUnit> <Opcode : 'add' 'sub'> <InPorts = 2> <OutPorts = 1>
ST_2 : Operation 35 [1/1] (0.00ns)   --->   "%zext_ln26 = zext i32 %add_ln26" [../src/image_accel.cpp:26]   --->   Operation 35 'zext' 'zext_ln26' <Predicate = (!icmp_ln18)> <Delay = 0.00>
ST_2 : Operation 36 [1/1] (1.08ns)   --->   "%add_ln26_1 = add i64 %zext_ln26, i64 %input_rgb_read" [../src/image_accel.cpp:26]   --->   Operation 36 'add' 'add_ln26_1' <Predicate = (!icmp_ln18)> <Delay = 1.08> <CoreInst = "Adder">   --->   Core 1 'Adder' <Latency = 0> <II = 1> <Delay = 1.08> <FuncUnit> <Opcode : 'add' 'sub'> <InPorts = 2> <OutPorts = 1>
ST_2 : Operation 37 [1/1] (0.00ns)   --->   "%gmem0_addr_1 = getelementptr i8 %gmem0, i64 %add_ln26_1" [../src/image_accel.cpp:26]   --->   Operation 37 'getelementptr' 'gmem0_addr_1' <Predicate = (!icmp_ln18)> <Delay = 0.00>
ST_2 : Operation 38 [1/1] (1.01ns)   --->   "%add_ln27 = add i32 %base, i32 2" [../src/image_accel.cpp:27]   --->   Operation 38 'add' 'add_ln27' <Predicate = (!icmp_ln18)> <Delay = 1.01> <CoreInst = "Adder">   --->   Core 1 'Adder' <Latency = 0> <II = 1> <Delay = 1.01> <FuncUnit> <Opcode : 'add' 'sub'> <InPorts = 2> <OutPorts = 1>
ST_2 : Operation 39 [1/1] (0.00ns)   --->   "%zext_ln27 = zext i32 %add_ln27" [../src/image_accel.cpp:27]   --->   Operation 39 'zext' 'zext_ln27' <Predicate = (!icmp_ln18)> <Delay = 0.00>
ST_2 : Operation 40 [1/1] (1.08ns)   --->   "%add_ln27_1 = add i64 %zext_ln27, i64 %input_rgb_read" [../src/image_accel.cpp:27]   --->   Operation 40 'add' 'add_ln27_1' <Predicate = (!icmp_ln18)> <Delay = 1.08> <CoreInst = "Adder">   --->   Core 1 'Adder' <Latency = 0> <II = 1> <Delay = 1.08> <FuncUnit> <Opcode : 'add' 'sub'> <InPorts = 2> <OutPorts = 1>
ST_2 : Operation 41 [1/1] (0.00ns)   --->   "%gmem0_addr_2 = getelementptr i8 %gmem0, i64 %add_ln27_1" [../src/image_accel.cpp:27]   --->   Operation 41 'getelementptr' 'gmem0_addr_2' <Predicate = (!icmp_ln18)> <Delay = 0.00>

State 3 <SV = 2> <Delay = 3.50>
ST_3 : Operation 42 [7/8] (3.50ns)   --->   "%pixel_r_req = readreq i1 @_ssdm_op_ReadReq.m_axi.i8P1A, i8 %gmem0_addr, i64 1" [../src/image_accel.cpp:25]   --->   Operation 42 'readreq' 'pixel_r_req' <Predicate = (!icmp_ln18)> <Delay = 3.50> <CoreInst = "m_axi">   --->   Core 119 'm_axi' <Latency = 0> <II = 1> <Delay = 1.00> <Adapter> <Opcode : 'read' 'write' 'readreq' 'writereq' 'writeresp'>
ST_3 : Operation 43 [8/8] (3.50ns)   --->   "%pixel_g_req = readreq i1 @_ssdm_op_ReadReq.m_axi.i8P1A, i8 %gmem0_addr_1, i64 1" [../src/image_accel.cpp:26]   --->   Operation 43 'readreq' 'pixel_g_req' <Predicate = (!icmp_ln18)> <Delay = 3.50> <CoreInst = "m_axi">   --->   Core 119 'm_axi' <Latency = 0> <II = 1> <Delay = 1.00> <Adapter> <Opcode : 'read' 'write' 'readreq' 'writereq' 'writeresp'>

State 4 <SV = 3> <Delay = 3.50>
ST_4 : Operation 44 [6/8] (3.50ns)   --->   "%pixel_r_req = readreq i1 @_ssdm_op_ReadReq.m_axi.i8P1A, i8 %gmem0_addr, i64 1" [../src/image_accel.cpp:25]   --->   Operation 44 'readreq' 'pixel_r_req' <Predicate = true> <Delay = 3.50> <CoreInst = "m_axi">   --->   Core 119 'm_axi' <Latency = 0> <II = 1> <Delay = 1.00> <Adapter> <Opcode : 'read' 'write' 'readreq' 'writereq' 'writeresp'>
ST_4 : Operation 45 [7/8] (3.50ns)   --->   "%pixel_g_req = readreq i1 @_ssdm_op_ReadReq.m_axi.i8P1A, i8 %gmem0_addr_1, i64 1" [../src/image_accel.cpp:26]   --->   Operation 45 'readreq' 'pixel_g_req' <Predicate = true> <Delay = 3.50> <CoreInst = "m_axi">   --->   Core 119 'm_axi' <Latency = 0> <II = 1> <Delay = 1.00> <Adapter> <Opcode : 'read' 'write' 'readreq' 'writereq' 'writeresp'>
ST_4 : Operation 46 [8/8] (3.50ns)   --->   "%pixel_b_req = readreq i1 @_ssdm_op_ReadReq.m_axi.i8P1A, i8 %gmem0_addr_2, i64 1" [../src/image_accel.cpp:27]   --->   Operation 46 'readreq' 'pixel_b_req' <Predicate = true> <Delay = 3.50> <CoreInst = "m_axi">   --->   Core 119 'm_axi' <Latency = 0> <II = 1> <Delay = 1.00> <Adapter> <Opcode : 'read' 'write' 'readreq' 'writereq' 'writeresp'>

State 5 <SV = 4> <Delay = 3.50>
ST_5 : Operation 47 [5/8] (3.50ns)   --->   "%pixel_r_req = readreq i1 @_ssdm_op_ReadReq.m_axi.i8P1A, i8 %gmem0_addr, i64 1" [../src/image_accel.cpp:25]   --->   Operation 47 'readreq' 'pixel_r_req' <Predicate = true> <Delay = 3.50> <CoreInst = "m_axi">   --->   Core 119 'm_axi' <Latency = 0> <II = 1> <Delay = 1.00> <Adapter> <Opcode : 'read' 'write' 'readreq' 'writereq' 'writeresp'>
ST_5 : Operation 48 [6/8] (3.50ns)   --->   "%pixel_g_req = readreq i1 @_ssdm_op_ReadReq.m_axi.i8P1A, i8 %gmem0_addr_1, i64 1" [../src/image_accel.cpp:26]   --->   Operation 48 'readreq' 'pixel_g_req' <Predicate = true> <Delay = 3.50> <CoreInst = "m_axi">   --->   Core 119 'm_axi' <Latency = 0> <II = 1> <Delay = 1.00> <Adapter> <Opcode : 'read' 'write' 'readreq' 'writereq' 'writeresp'>
ST_5 : Operation 49 [7/8] (3.50ns)   --->   "%pixel_b_req = readreq i1 @_ssdm_op_ReadReq.m_axi.i8P1A, i8 %gmem0_addr_2, i64 1" [../src/image_accel.cpp:27]   --->   Operation 49 'readreq' 'pixel_b_req' <Predicate = true> <Delay = 3.50> <CoreInst = "m_axi">   --->   Core 119 'm_axi' <Latency = 0> <II = 1> <Delay = 1.00> <Adapter> <Opcode : 'read' 'write' 'readreq' 'writereq' 'writeresp'>

State 6 <SV = 5> <Delay = 3.50>
ST_6 : Operation 50 [4/8] (3.50ns)   --->   "%pixel_r_req = readreq i1 @_ssdm_op_ReadReq.m_axi.i8P1A, i8 %gmem0_addr, i64 1" [../src/image_accel.cpp:25]   --->   Operation 50 'readreq' 'pixel_r_req' <Predicate = true> <Delay = 3.50> <CoreInst = "m_axi">   --->   Core 119 'm_axi' <Latency = 0> <II = 1> <Delay = 1.00> <Adapter> <Opcode : 'read' 'write' 'readreq' 'writereq' 'writeresp'>
ST_6 : Operation 51 [5/8] (3.50ns)   --->   "%pixel_g_req = readreq i1 @_ssdm_op_ReadReq.m_axi.i8P1A, i8 %gmem0_addr_1, i64 1" [../src/image_accel.cpp:26]   --->   Operation 51 'readreq' 'pixel_g_req' <Predicate = true> <Delay = 3.50> <CoreInst = "m_axi">   --->   Core 119 'm_axi' <Latency = 0> <II = 1> <Delay = 1.00> <Adapter> <Opcode : 'read' 'write' 'readreq' 'writereq' 'writeresp'>
ST_6 : Operation 52 [6/8] (3.50ns)   --->   "%pixel_b_req = readreq i1 @_ssdm_op_ReadReq.m_axi.i8P1A, i8 %gmem0_addr_2, i64 1" [../src/image_accel.cpp:27]   --->   Operation 52 'readreq' 'pixel_b_req' <Predicate = true> <Delay = 3.50> <CoreInst = "m_axi">   --->   Core 119 'm_axi' <Latency = 0> <II = 1> <Delay = 1.00> <Adapter> <Opcode : 'read' 'write' 'readreq' 'writereq' 'writeresp'>

State 7 <SV = 6> <Delay = 3.50>
ST_7 : Operation 53 [3/8] (3.50ns)   --->   "%pixel_r_req = readreq i1 @_ssdm_op_ReadReq.m_axi.i8P1A, i8 %gmem0_addr, i64 1" [../src/image_accel.cpp:25]   --->   Operation 53 'readreq' 'pixel_r_req' <Predicate = true> <Delay = 3.50> <CoreInst = "m_axi">   --->   Core 119 'm_axi' <Latency = 0> <II = 1> <Delay = 1.00> <Adapter> <Opcode : 'read' 'write' 'readreq' 'writereq' 'writeresp'>
ST_7 : Operation 54 [4/8] (3.50ns)   --->   "%pixel_g_req = readreq i1 @_ssdm_op_ReadReq.m_axi.i8P1A, i8 %gmem0_addr_1, i64 1" [../src/image_accel.cpp:26]   --->   Operation 54 'readreq' 'pixel_g_req' <Predicate = true> <Delay = 3.50> <CoreInst = "m_axi">   --->   Core 119 'm_axi' <Latency = 0> <II = 1> <Delay = 1.00> <Adapter> <Opcode : 'read' 'write' 'readreq' 'writereq' 'writeresp'>
ST_7 : Operation 55 [5/8] (3.50ns)   --->   "%pixel_b_req = readreq i1 @_ssdm_op_ReadReq.m_axi.i8P1A, i8 %gmem0_addr_2, i64 1" [../src/image_accel.cpp:27]   --->   Operation 55 'readreq' 'pixel_b_req' <Predicate = true> <Delay = 3.50> <CoreInst = "m_axi">   --->   Core 119 'm_axi' <Latency = 0> <II = 1> <Delay = 1.00> <Adapter> <Opcode : 'read' 'write' 'readreq' 'writereq' 'writeresp'>

State 8 <SV = 7> <Delay = 3.50>
ST_8 : Operation 56 [2/8] (3.50ns)   --->   "%pixel_r_req = readreq i1 @_ssdm_op_ReadReq.m_axi.i8P1A, i8 %gmem0_addr, i64 1" [../src/image_accel.cpp:25]   --->   Operation 56 'readreq' 'pixel_r_req' <Predicate = true> <Delay = 3.50> <CoreInst = "m_axi">   --->   Core 119 'm_axi' <Latency = 0> <II = 1> <Delay = 1.00> <Adapter> <Opcode : 'read' 'write' 'readreq' 'writereq' 'writeresp'>
ST_8 : Operation 57 [3/8] (3.50ns)   --->   "%pixel_g_req = readreq i1 @_ssdm_op_ReadReq.m_axi.i8P1A, i8 %gmem0_addr_1, i64 1" [../src/image_accel.cpp:26]   --->   Operation 57 'readreq' 'pixel_g_req' <Predicate = true> <Delay = 3.50> <CoreInst = "m_axi">   --->   Core 119 'm_axi' <Latency = 0> <II = 1> <Delay = 1.00> <Adapter> <Opcode : 'read' 'write' 'readreq' 'writereq' 'writeresp'>
ST_8 : Operation 58 [4/8] (3.50ns)   --->   "%pixel_b_req = readreq i1 @_ssdm_op_ReadReq.m_axi.i8P1A, i8 %gmem0_addr_2, i64 1" [../src/image_accel.cpp:27]   --->   Operation 58 'readreq' 'pixel_b_req' <Predicate = true> <Delay = 3.50> <CoreInst = "m_axi">   --->   Core 119 'm_axi' <Latency = 0> <II = 1> <Delay = 1.00> <Adapter> <Opcode : 'read' 'write' 'readreq' 'writereq' 'writeresp'>

State 9 <SV = 8> <Delay = 3.50>
ST_9 : Operation 59 [1/8] (3.50ns)   --->   "%pixel_r_req = readreq i1 @_ssdm_op_ReadReq.m_axi.i8P1A, i8 %gmem0_addr, i64 1" [../src/image_accel.cpp:25]   --->   Operation 59 'readreq' 'pixel_r_req' <Predicate = true> <Delay = 3.50> <CoreInst = "m_axi">   --->   Core 119 'm_axi' <Latency = 0> <II = 1> <Delay = 1.00> <Adapter> <Opcode : 'read' 'write' 'readreq' 'writereq' 'writeresp'>
ST_9 : Operation 60 [2/8] (3.50ns)   --->   "%pixel_g_req = readreq i1 @_ssdm_op_ReadReq.m_axi.i8P1A, i8 %gmem0_addr_1, i64 1" [../src/image_accel.cpp:26]   --->   Operation 60 'readreq' 'pixel_g_req' <Predicate = true> <Delay = 3.50> <CoreInst = "m_axi">   --->   Core 119 'm_axi' <Latency = 0> <II = 1> <Delay = 1.00> <Adapter> <Opcode : 'read' 'write' 'readreq' 'writereq' 'writeresp'>
ST_9 : Operation 61 [3/8] (3.50ns)   --->   "%pixel_b_req = readreq i1 @_ssdm_op_ReadReq.m_axi.i8P1A, i8 %gmem0_addr_2, i64 1" [../src/image_accel.cpp:27]   --->   Operation 61 'readreq' 'pixel_b_req' <Predicate = true> <Delay = 3.50> <CoreInst = "m_axi">   --->   Core 119 'm_axi' <Latency = 0> <II = 1> <Delay = 1.00> <Adapter> <Opcode : 'read' 'write' 'readreq' 'writereq' 'writeresp'>

State 10 <SV = 9> <Delay = 3.50>
ST_10 : Operation 62 [1/1] (3.50ns)   --->   "%pixel_r = read i8 @_ssdm_op_Read.m_axi.volatile.i8P1A, i8 %gmem0_addr" [../src/image_accel.cpp:25]   --->   Operation 62 'read' 'pixel_r' <Predicate = true> <Delay = 3.50> <CoreInst = "m_axi">   --->   Core 119 'm_axi' <Latency = 0> <II = 1> <Delay = 1.00> <Adapter> <Opcode : 'read' 'write' 'readreq' 'writereq' 'writeresp'>
ST_10 : Operation 63 [1/8] (3.50ns)   --->   "%pixel_g_req = readreq i1 @_ssdm_op_ReadReq.m_axi.i8P1A, i8 %gmem0_addr_1, i64 1" [../src/image_accel.cpp:26]   --->   Operation 63 'readreq' 'pixel_g_req' <Predicate = true> <Delay = 3.50> <CoreInst = "m_axi">   --->   Core 119 'm_axi' <Latency = 0> <II = 1> <Delay = 1.00> <Adapter> <Opcode : 'read' 'write' 'readreq' 'writereq' 'writeresp'>
ST_10 : Operation 64 [2/8] (3.50ns)   --->   "%pixel_b_req = readreq i1 @_ssdm_op_ReadReq.m_axi.i8P1A, i8 %gmem0_addr_2, i64 1" [../src/image_accel.cpp:27]   --->   Operation 64 'readreq' 'pixel_b_req' <Predicate = true> <Delay = 3.50> <CoreInst = "m_axi">   --->   Core 119 'm_axi' <Latency = 0> <II = 1> <Delay = 1.00> <Adapter> <Opcode : 'read' 'write' 'readreq' 'writereq' 'writeresp'>
ST_10 : Operation 74 [1/1] (0.42ns)   --->   "%ret_ln0 = ret"   --->   Operation 74 'ret' 'ret_ln0' <Predicate = (icmp_ln18)> <Delay = 0.42>

State 11 <SV = 10> <Delay = 3.50>
ST_11 : Operation 65 [1/1] (3.50ns)   --->   "%pixel_g = read i8 @_ssdm_op_Read.m_axi.volatile.i8P1A, i8 %gmem0_addr_1" [../src/image_accel.cpp:26]   --->   Operation 65 'read' 'pixel_g' <Predicate = true> <Delay = 3.50> <CoreInst = "m_axi">   --->   Core 119 'm_axi' <Latency = 0> <II = 1> <Delay = 1.00> <Adapter> <Opcode : 'read' 'write' 'readreq' 'writereq' 'writeresp'>
ST_11 : Operation 66 [1/8] (3.50ns)   --->   "%pixel_b_req = readreq i1 @_ssdm_op_ReadReq.m_axi.i8P1A, i8 %gmem0_addr_2, i64 1" [../src/image_accel.cpp:27]   --->   Operation 66 'readreq' 'pixel_b_req' <Predicate = true> <Delay = 3.50> <CoreInst = "m_axi">   --->   Core 119 'm_axi' <Latency = 0> <II = 1> <Delay = 1.00> <Adapter> <Opcode : 'read' 'write' 'readreq' 'writereq' 'writeresp'>

State 12 <SV = 11> <Delay = 3.50>
ST_12 : Operation 67 [1/1] (3.50ns)   --->   "%pixel_b = read i8 @_ssdm_op_Read.m_axi.volatile.i8P1A, i8 %gmem0_addr_2" [../src/image_accel.cpp:27]   --->   Operation 67 'read' 'pixel_b' <Predicate = true> <Delay = 3.50> <CoreInst = "m_axi">   --->   Core 119 'm_axi' <Latency = 0> <II = 1> <Delay = 1.00> <Adapter> <Opcode : 'read' 'write' 'readreq' 'writereq' 'writeresp'>

State 13 <SV = 12> <Delay = 1.55>
ST_13 : Operation 68 [1/1] (0.00ns)   --->   "%specpipeline_ln20 = specpipeline void @_ssdm_op_SpecPipeline, i32 1, i32 0, i32 0, i32 0, void @empty_10" [../src/image_accel.cpp:20]   --->   Operation 68 'specpipeline' 'specpipeline_ln20' <Predicate = true> <Delay = 0.00>
ST_13 : Operation 69 [1/1] (0.00ns)   --->   "%speclooptripcount_ln19 = speclooptripcount void @_ssdm_op_SpecLoopTripCount, i64 1, i64 2073600, i64 2073600" [../src/image_accel.cpp:19]   --->   Operation 69 'speclooptripcount' 'speclooptripcount_ln19' <Predicate = true> <Delay = 0.00>
ST_13 : Operation 70 [1/1] (0.00ns)   --->   "%specloopname_ln18 = specloopname void @_ssdm_op_SpecLoopName, void @empty_14" [../src/image_accel.cpp:18]   --->   Operation 70 'specloopname' 'specloopname_ln18' <Predicate = true> <Delay = 0.00>
ST_13 : Operation 71 [1/1] (0.00ns)   --->   "%p_0 = bitconcatenate i24 @_ssdm_op_BitConcatenate.i24.i8.i8.i8, i8 %pixel_b, i8 %pixel_g, i8 %pixel_r" [../src/image_accel.cpp:29]   --->   Operation 71 'bitconcatenate' 'p_0' <Predicate = true> <Delay = 0.00>
ST_13 : Operation 72 [1/1] (1.55ns)   --->   "%write_ln29 = write void @_ssdm_op_Write.ap_fifo.volatile.i24P0A, i24 %rgb_stream, i24 %p_0" [../src/image_accel.cpp:29]   --->   Operation 72 'write' 'write_ln29' <Predicate = true> <Delay = 1.55> <CoreInst = "FIFO">   --->   Core 77 'FIFO' <Latency = 0> <II = 1> <Delay = 1.55> <Storage> <Opcode : 'read' 'write' 'nbread' 'nbwrite'> <Ports = 0> <Width = 24> <Depth = 64> <FIFO>
ST_13 : Operation 73 [1/1] (0.00ns)   --->   "%br_ln18 = br void %for.inc" [../src/image_accel.cpp:18]   --->   Operation 73 'br' 'br_ln18' <Predicate = true> <Delay = 0.00>


============================================================
+ Verbose Summary: Binding
============================================================
STG Binding: 
---------------- STG Properties BEGIN ----------------
- Is combinational: 0
- Is one-state seq: 0
- Is datapath-only: 0
- Is pipelined: 0
- Is top level: 0
Port [ Return ] is wired: 1; IO mode=ap_ctrl_hs:ce=0
Port [ num_pixels]:  wired=1; compound=0; hidden=0; nouse=0; global=0; static=0; extern=0; dir=0; type=0; pingpong=0; private_global=0; IO mode=ap_none:ce=0
Port [ input_rgb]:  wired=1; compound=0; hidden=0; nouse=0; global=0; static=0; extern=0; dir=0; type=0; pingpong=0; private_global=0; IO mode=ap_none:ce=0
Port [ gmem0]:  wired=1; compound=1; hidden=0; nouse=0; global=0; static=0; extern=0; dir=0; type=4; pingpong=0; private_global=0; IO mode=m_axi:ce=0
Port [ rgb_stream]:  wired=1; compound=1; hidden=0; nouse=0; global=0; static=0; extern=0; dir=1; type=3; pingpong=0; private_global=0; IO mode=ap_fifo:ce=0
---------------- STG Properties END ------------------

---------------- Datapath Model BEGIN ----------------

<LifeTime>
<method=bitvector/>
i                      (alloca           ) [ 01000000000000]
specinterface_ln0      (specinterface    ) [ 00000000000000]
specinterface_ln0      (specinterface    ) [ 00000000000000]
input_rgb_read         (read             ) [ 00100000000000]
num_pixels_read        (read             ) [ 00000000000000]
store_ln18             (store            ) [ 00000000000000]
br_ln0                 (br               ) [ 00000000000000]
i_4                    (load             ) [ 00000000000000]
icmp_ln18              (icmp             ) [ 01111111111000]
br_ln18                (br               ) [ 00000000000000]
add_ln18               (add              ) [ 00000000000000]
shl_ln22               (shl              ) [ 00000000000000]
base                   (sub              ) [ 00100000000000]
zext_ln25              (zext             ) [ 00000000000000]
add_ln25               (add              ) [ 00000000000000]
gmem0_addr             (getelementptr    ) [ 01111111111000]
store_ln18             (store            ) [ 00000000000000]
add_ln26               (add              ) [ 00000000000000]
zext_ln26              (zext             ) [ 00000000000000]
add_ln26_1             (add              ) [ 00000000000000]
gmem0_addr_1           (getelementptr    ) [ 01111111111100]
add_ln27               (add              ) [ 00000000000000]
zext_ln27              (zext             ) [ 00000000000000]
add_ln27_1             (add              ) [ 00000000000000]
gmem0_addr_2           (getelementptr    ) [ 01111111111110]
pixel_r_req            (readreq          ) [ 00000000000000]
pixel_r                (read             ) [ 01110000000111]
pixel_g_req            (readreq          ) [ 00000000000000]
pixel_g                (read             ) [ 01010000000011]
pixel_b_req            (readreq          ) [ 00000000000000]
pixel_b                (read             ) [ 01000000000001]
specpipeline_ln20      (specpipeline     ) [ 00000000000000]
speclooptripcount_ln19 (speclooptripcount) [ 00000000000000]
specloopname_ln18      (specloopname     ) [ 00000000000000]
p_0                    (bitconcatenate   ) [ 00000000000000]
write_ln29             (write            ) [ 00000000000000]
br_ln18                (br               ) [ 00000000000000]
ret_ln0                (ret              ) [ 00000000000000]
</LifeTime>

<model>

<comp_list>
<comp id="0" class="1000" name="num_pixels">
<pin_list>
<pin id="1" dir="1" index="0" bw="1" slack="0"/>
</pin_list>
<bind>
<StgValue><ssdm name="num_pixels"/></StgValue>
</bind>
</comp>

<comp id="2" class="1000" name="input_rgb">
<pin_list>
<pin id="3" dir="1" index="0" bw="1" slack="0"/>
</pin_list>
<bind>
<StgValue><ssdm name="input_rgb"/></StgValue>
</bind>
</comp>

<comp id="4" class="1000" name="gmem0">
<pin_list>
<pin id="5" dir="1" index="0" bw="1" slack="0"/>
</pin_list>
<bind>
<StgValue><ssdm name="gmem0"/></StgValue>
</bind>
</comp>

<comp id="6" class="1000" name="rgb_stream">
<pin_list>
<pin id="7" dir="1" index="0" bw="1" slack="0"/>
</pin_list>
<bind>
<StgValue><ssdm name="rgb_stream"/></StgValue>
</bind>
</comp>

<comp id="8" class="1001" name="const_8">
<pin_list>
<pin id="9" dir="1" index="0" bw="1" slack="0"/>
</pin_list>
<bind>
<StgValue><ssdm name=""/></StgValue>
</bind>
</comp>

<comp id="10" class="1001" name="const_10">
<pin_list>
<pin id="11" dir="1" index="0" bw="1" slack="2147483647"/>
</pin_list>
<bind>
<StgValue><ssdm name="_ssdm_op_SpecInterface"/></StgValue>
</bind>
</comp>

<comp id="12" class="1001" name="const_12">
<pin_list>
<pin id="13" dir="1" index="0" bw="1" slack="2147483647"/>
</pin_list>
<bind>
<StgValue><ssdm name="empty_2"/></StgValue>
</bind>
</comp>

<comp id="14" class="1001" name="const_14">
<pin_list>
<pin id="15" dir="1" index="0" bw="1" slack="0"/>
</pin_list>
<bind>
<StgValue><ssdm name=""/></StgValue>
</bind>
</comp>

<comp id="16" class="1001" name="const_16">
<pin_list>
<pin id="17" dir="1" index="0" bw="1" slack="2147483647"/>
</pin_list>
<bind>
<StgValue><ssdm name="empty_10"/></StgValue>
</bind>
</comp>

<comp id="18" class="1001" name="const_18">
<pin_list>
<pin id="19" dir="1" index="0" bw="1" slack="2147483647"/>
</pin_list>
<bind>
<StgValue><ssdm name=""/></StgValue>
</bind>
</comp>

<comp id="20" class="1001" name="const_20">
<pin_list>
<pin id="21" dir="1" index="0" bw="1" slack="2147483647"/>
</pin_list>
<bind>
<StgValue><ssdm name="empty_3"/></StgValue>
</bind>
</comp>

<comp id="22" class="1001" name="const_22">
<pin_list>
<pin id="23" dir="1" index="0" bw="1" slack="2147483647"/>
</pin_list>
<bind>
<StgValue><ssdm name="empty_11"/></StgValue>
</bind>
</comp>

<comp id="24" class="1001" name="const_24">
<pin_list>
<pin id="25" dir="1" index="0" bw="1" slack="2147483647"/>
</pin_list>
<bind>
<StgValue><ssdm name=""/></StgValue>
</bind>
</comp>

<comp id="26" class="1001" name="const_26">
<pin_list>
<pin id="27" dir="1" index="0" bw="1" slack="2147483647"/>
</pin_list>
<bind>
<StgValue><ssdm name=""/></StgValue>
</bind>
</comp>

<comp id="28" class="1001" name="const_28">
<pin_list>
<pin id="29" dir="1" index="0" bw="1" slack="2147483647"/>
</pin_list>
<bind>
<StgValue><ssdm name=""/></StgValue>
</bind>
</comp>

<comp id="30" class="1001" name="const_30">
<pin_list>
<pin id="31" dir="1" index="0" bw="1" slack="2147483647"/>
</pin_list>
<bind>
<StgValue><ssdm name="empty_7"/></StgValue>
</bind>
</comp>

<comp id="32" class="1001" name="const_32">
<pin_list>
<pin id="33" dir="1" index="0" bw="1" slack="0"/>
</pin_list>
<bind>
<StgValue><ssdm name="_ssdm_op_Read.ap_auto.i64"/></StgValue>
</bind>
</comp>

<comp id="34" class="1001" name="const_34">
<pin_list>
<pin id="35" dir="1" index="0" bw="1" slack="0"/>
</pin_list>
<bind>
<StgValue><ssdm name="_ssdm_op_Read.ap_auto.i32"/></StgValue>
</bind>
</comp>

<comp id="36" class="1001" name="const_36">
<pin_list>
<pin id="37" dir="1" index="0" bw="1" slack="0"/>
</pin_list>
<bind>
<StgValue><ssdm name=""/></StgValue>
</bind>
</comp>

<comp id="38" class="1001" name="const_38">
<pin_list>
<pin id="39" dir="1" index="0" bw="1" slack="0"/>
</pin_list>
<bind>
<StgValue><ssdm name="_ssdm_op_ReadReq.m_axi.i8P1A"/></StgValue>
</bind>
</comp>

<comp id="40" class="1001" name="const_40">
<pin_list>
<pin id="41" dir="1" index="0" bw="1" slack="0"/>
</pin_list>
<bind>
<StgValue><ssdm name=""/></StgValue>
</bind>
</comp>

<comp id="42" class="1001" name="const_42">
<pin_list>
<pin id="43" dir="1" index="0" bw="1" slack="0"/>
</pin_list>
<bind>
<StgValue><ssdm name="_ssdm_op_Read.m_axi.volatile.i8P1A"/></StgValue>
</bind>
</comp>

<comp id="44" class="1001" name="const_44">
<pin_list>
<pin id="45" dir="1" index="0" bw="1" slack="2147483647"/>
</pin_list>
<bind>
<StgValue><ssdm name="_ssdm_op_SpecPipeline"/></StgValue>
</bind>
</comp>

<comp id="46" class="1001" name="const_46">
<pin_list>
<pin id="47" dir="1" index="0" bw="1" slack="2147483647"/>
</pin_list>
<bind>
<StgValue><ssdm name="_ssdm_op_SpecLoopTripCount"/></StgValue>
</bind>
</comp>

<comp id="48" class="1001" name="const_48">
<pin_list>
<pin id="49" dir="1" index="0" bw="1" slack="2147483647"/>
</pin_list>
<bind>
<StgValue><ssdm name=""/></StgValue>
</bind>
</comp>

<comp id="50" class="1001" name="const_50">
<pin_list>
<pin id="51" dir="1" index="0" bw="1" slack="2147483647"/>
</pin_list>
<bind>
<StgValue><ssdm name="_ssdm_op_SpecLoopName"/></StgValue>
</bind>
</comp>

<comp id="52" class="1001" name="const_52">
<pin_list>
<pin id="53" dir="1" index="0" bw="1" slack="2147483647"/>
</pin_list>
<bind>
<StgValue><ssdm name="empty_14"/></StgValue>
</bind>
</comp>

<comp id="54" class="1001" name="const_54">
<pin_list>
<pin id="55" dir="1" index="0" bw="1" slack="0"/>
</pin_list>
<bind>
<StgValue><ssdm name="_ssdm_op_BitConcatenate.i24.i8.i8.i8"/></StgValue>
</bind>
</comp>

<comp id="56" class="1001" name="const_56">
<pin_list>
<pin id="57" dir="1" index="0" bw="1" slack="0"/>
</pin_list>
<bind>
<StgValue><ssdm name="_ssdm_op_Write.ap_fifo.volatile.i24P0A"/></StgValue>
</bind>
</comp>

<comp id="58" class="1004" name="i_fu_58">
<pin_list>
<pin id="59" dir="0" index="0" bw="1" slack="0"/>
<pin id="60" dir="1" index="1" bw="32" slack="0"/>
</pin_list>
<bind>
<opcode="alloca(26) " fcode="alloca"/>
<opset="i/1 "/>
</bind>
</comp>

<comp id="62" class="1004" name="input_rgb_read_read_fu_62">
<pin_list>
<pin id="63" dir="0" index="0" bw="64" slack="0"/>
<pin id="64" dir="0" index="1" bw="64" slack="0"/>
<pin id="65" dir="1" index="2" bw="64" slack="0"/>
</pin_list>
<bind>
<opcode="read(1150) " fcode="read"/>
<opset="input_rgb_read/1 "/>
</bind>
</comp>

<comp id="68" class="1004" name="num_pixels_read_read_fu_68">
<pin_list>
<pin id="69" dir="0" index="0" bw="32" slack="0"/>
<pin id="70" dir="0" index="1" bw="32" slack="0"/>
<pin id="71" dir="1" index="2" bw="32" slack="0"/>
</pin_list>
<bind>
<opcode="read(1150) " fcode="read"/>
<opset="num_pixels_read/1 "/>
</bind>
</comp>

<comp id="74" class="1004" name="grp_readreq_fu_74">
<pin_list>
<pin id="75" dir="0" index="0" bw="1" slack="0"/>
<pin id="76" dir="0" index="1" bw="8" slack="1"/>
<pin id="77" dir="0" index="2" bw="1" slack="0"/>
<pin id="78" dir="1" index="3" bw="1" slack="2147483647"/>
</pin_list>
<bind>
<opcode="readreq(1154) " fcode="readreq"/>
<opset="pixel_r_req/2 "/>
</bind>
</comp>

<comp id="81" class="1004" name="grp_readreq_fu_81">
<pin_list>
<pin id="82" dir="0" index="0" bw="1" slack="0"/>
<pin id="83" dir="0" index="1" bw="8" slack="1"/>
<pin id="84" dir="0" index="2" bw="1" slack="0"/>
<pin id="85" dir="1" index="3" bw="1" slack="2147483647"/>
</pin_list>
<bind>
<opcode="readreq(1154) " fcode="readreq"/>
<opset="pixel_g_req/3 "/>
</bind>
</comp>

<comp id="88" class="1004" name="grp_readreq_fu_88">
<pin_list>
<pin id="89" dir="0" index="0" bw="1" slack="0"/>
<pin id="90" dir="0" index="1" bw="8" slack="2"/>
<pin id="91" dir="0" index="2" bw="1" slack="0"/>
<pin id="92" dir="1" index="3" bw="1" slack="2147483647"/>
</pin_list>
<bind>
<opcode="readreq(1154) " fcode="readreq"/>
<opset="pixel_b_req/4 "/>
</bind>
</comp>

<comp id="95" class="1004" name="pixel_r_read_fu_95">
<pin_list>
<pin id="96" dir="0" index="0" bw="8" slack="0"/>
<pin id="97" dir="0" index="1" bw="8" slack="9"/>
<pin id="98" dir="1" index="2" bw="8" slack="3"/>
</pin_list>
<bind>
<opcode="read(1150) " fcode="read"/>
<opset="pixel_r/10 "/>
</bind>
</comp>

<comp id="100" class="1004" name="pixel_g_read_fu_100">
<pin_list>
<pin id="101" dir="0" index="0" bw="8" slack="0"/>
<pin id="102" dir="0" index="1" bw="8" slack="9"/>
<pin id="103" dir="1" index="2" bw="8" slack="2"/>
</pin_list>
<bind>
<opcode="read(1150) " fcode="read"/>
<opset="pixel_g/11 "/>
</bind>
</comp>

<comp id="105" class="1004" name="pixel_b_read_fu_105">
<pin_list>
<pin id="106" dir="0" index="0" bw="8" slack="0"/>
<pin id="107" dir="0" index="1" bw="8" slack="10"/>
<pin id="108" dir="1" index="2" bw="8" slack="1"/>
</pin_list>
<bind>
<opcode="read(1150) " fcode="read"/>
<opset="pixel_b/12 "/>
</bind>
</comp>

<comp id="110" class="1004" name="write_ln29_write_fu_110">
<pin_list>
<pin id="111" dir="0" index="0" bw="0" slack="0"/>
<pin id="112" dir="0" index="1" bw="24" slack="0"/>
<pin id="113" dir="0" index="2" bw="24" slack="0"/>
<pin id="114" dir="1" index="3" bw="0" slack="2147483647"/>
</pin_list>
<bind>
<opcode="write(1151) " fcode="write"/>
<opset="write_ln29/13 "/>
</bind>
</comp>

<comp id="117" class="1004" name="store_ln18_store_fu_117">
<pin_list>
<pin id="118" dir="0" index="0" bw="1" slack="0"/>
<pin id="119" dir="0" index="1" bw="32" slack="0"/>
<pin id="120" dir="1" index="2" bw="0" slack="2147483647"/>
</pin_list>
<bind>
<opcode="store(28) " fcode="store"/>
<opset="store_ln18/1 "/>
</bind>
</comp>

<comp id="122" class="1004" name="i_4_load_fu_122">
<pin_list>
<pin id="123" dir="0" index="0" bw="32" slack="0"/>
<pin id="124" dir="1" index="1" bw="32" slack="0"/>
</pin_list>
<bind>
<opcode="load(27) " fcode="load"/>
<opset="i_4/1 "/>
</bind>
</comp>

<comp id="125" class="1004" name="icmp_ln18_fu_125">
<pin_list>
<pin id="126" dir="0" index="0" bw="32" slack="0"/>
<pin id="127" dir="0" index="1" bw="32" slack="0"/>
<pin id="128" dir="1" index="2" bw="1" slack="1"/>
</pin_list>
<bind>
<opcode="icmp(45) " fcode="icmp"/>
<opset="icmp_ln18/1 "/>
</bind>
</comp>

<comp id="131" class="1004" name="add_ln18_fu_131">
<pin_list>
<pin id="132" dir="0" index="0" bw="32" slack="0"/>
<pin id="133" dir="0" index="1" bw="1" slack="0"/>
<pin id="134" dir="1" index="2" bw="32" slack="0"/>
</pin_list>
<bind>
<opcode="add(8) " fcode="add"/>
<opset="add_ln18/1 "/>
</bind>
</comp>

<comp id="137" class="1004" name="shl_ln22_fu_137">
<pin_list>
<pin id="138" dir="0" index="0" bw="32" slack="0"/>
<pin id="139" dir="0" index="1" bw="3" slack="0"/>
<pin id="140" dir="1" index="2" bw="32" slack="0"/>
</pin_list>
<bind>
<opcode="shl(20) " fcode="shl"/>
<opset="shl_ln22/1 "/>
</bind>
</comp>

<comp id="143" class="1004" name="base_fu_143">
<pin_list>
<pin id="144" dir="0" index="0" bw="32" slack="0"/>
<pin id="145" dir="0" index="1" bw="32" slack="0"/>
<pin id="146" dir="1" index="2" bw="32" slack="0"/>
</pin_list>
<bind>
<opcode="sub(10) " fcode="sub"/>
<opset="base/1 "/>
</bind>
</comp>

<comp id="149" class="1004" name="zext_ln25_fu_149">
<pin_list>
<pin id="150" dir="0" index="0" bw="32" slack="0"/>
<pin id="151" dir="1" index="1" bw="64" slack="0"/>
</pin_list>
<bind>
<opcode="zext(34) " fcode="zext"/>
<opset="zext_ln25/1 "/>
</bind>
</comp>

<comp id="153" class="1004" name="add_ln25_fu_153">
<pin_list>
<pin id="154" dir="0" index="0" bw="32" slack="0"/>
<pin id="155" dir="0" index="1" bw="64" slack="0"/>
<pin id="156" dir="1" index="2" bw="64" slack="0"/>
</pin_list>
<bind>
<opcode="add(8) " fcode="add"/>
<opset="add_ln25/1 "/>
</bind>
</comp>

<comp id="159" class="1004" name="gmem0_addr_fu_159">
<pin_list>
<pin id="160" dir="0" index="0" bw="8" slack="0"/>
<pin id="161" dir="0" index="1" bw="64" slack="0"/>
<pin id="162" dir="1" index="2" bw="8" slack="1"/>
</pin_list>
<bind>
<opcode="getelementptr(29) " fcode="getelementptr"/>
<opset="gmem0_addr/1 "/>
</bind>
</comp>

<comp id="165" class="1004" name="store_ln18_store_fu_165">
<pin_list>
<pin id="166" dir="0" index="0" bw="32" slack="0"/>
<pin id="167" dir="0" index="1" bw="32" slack="0"/>
<pin id="168" dir="1" index="2" bw="0" slack="2147483647"/>
</pin_list>
<bind>
<opcode="store(28) " fcode="store"/>
<opset="store_ln18/1 "/>
</bind>
</comp>

<comp id="170" class="1004" name="add_ln26_fu_170">
<pin_list>
<pin id="171" dir="0" index="0" bw="32" slack="1"/>
<pin id="172" dir="0" index="1" bw="1" slack="0"/>
<pin id="173" dir="1" index="2" bw="32" slack="0"/>
</pin_list>
<bind>
<opcode="add(8) " fcode="add"/>
<opset="add_ln26/2 "/>
</bind>
</comp>

<comp id="175" class="1004" name="zext_ln26_fu_175">
<pin_list>
<pin id="176" dir="0" index="0" bw="32" slack="0"/>
<pin id="177" dir="1" index="1" bw="64" slack="0"/>
</pin_list>
<bind>
<opcode="zext(34) " fcode="zext"/>
<opset="zext_ln26/2 "/>
</bind>
</comp>

<comp id="179" class="1004" name="add_ln26_1_fu_179">
<pin_list>
<pin id="180" dir="0" index="0" bw="32" slack="0"/>
<pin id="181" dir="0" index="1" bw="64" slack="1"/>
<pin id="182" dir="1" index="2" bw="64" slack="0"/>
</pin_list>
<bind>
<opcode="add(8) " fcode="add"/>
<opset="add_ln26_1/2 "/>
</bind>
</comp>

<comp id="184" class="1004" name="gmem0_addr_1_fu_184">
<pin_list>
<pin id="185" dir="0" index="0" bw="8" slack="0"/>
<pin id="186" dir="0" index="1" bw="64" slack="0"/>
<pin id="187" dir="1" index="2" bw="8" slack="1"/>
</pin_list>
<bind>
<opcode="getelementptr(29) " fcode="getelementptr"/>
<opset="gmem0_addr_1/2 "/>
</bind>
</comp>

<comp id="190" class="1004" name="add_ln27_fu_190">
<pin_list>
<pin id="191" dir="0" index="0" bw="32" slack="1"/>
<pin id="192" dir="0" index="1" bw="3" slack="0"/>
<pin id="193" dir="1" index="2" bw="32" slack="0"/>
</pin_list>
<bind>
<opcode="add(8) " fcode="add"/>
<opset="add_ln27/2 "/>
</bind>
</comp>

<comp id="195" class="1004" name="zext_ln27_fu_195">
<pin_list>
<pin id="196" dir="0" index="0" bw="32" slack="0"/>
<pin id="197" dir="1" index="1" bw="64" slack="0"/>
</pin_list>
<bind>
<opcode="zext(34) " fcode="zext"/>
<opset="zext_ln27/2 "/>
</bind>
</comp>

<comp id="199" class="1004" name="add_ln27_1_fu_199">
<pin_list>
<pin id="200" dir="0" index="0" bw="32" slack="0"/>
<pin id="201" dir="0" index="1" bw="64" slack="1"/>
<pin id="202" dir="1" index="2" bw="64" slack="0"/>
</pin_list>
<bind>
<opcode="add(8) " fcode="add"/>
<opset="add_ln27_1/2 "/>
</bind>
</comp>

<comp id="204" class="1004" name="gmem0_addr_2_fu_204">
<pin_list>
<pin id="205" dir="0" index="0" bw="8" slack="0"/>
<pin id="206" dir="0" index="1" bw="64" slack="0"/>
<pin id="207" dir="1" index="2" bw="8" slack="2"/>
</pin_list>
<bind>
<opcode="getelementptr(29) " fcode="getelementptr"/>
<opset="gmem0_addr_2/2 "/>
</bind>
</comp>

<comp id="210" class="1004" name="p_0_fu_210">
<pin_list>
<pin id="211" dir="0" index="0" bw="24" slack="0"/>
<pin id="212" dir="0" index="1" bw="8" slack="1"/>
<pin id="213" dir="0" index="2" bw="8" slack="2"/>
<pin id="214" dir="0" index="3" bw="8" slack="3"/>
<pin id="215" dir="1" index="4" bw="24" slack="0"/>
</pin_list>
<bind>
<opcode="bitconcatenate(1004) " fcode="bitconcatenate"/>
<opset="p_0/13 "/>
</bind>
</comp>

<comp id="218" class="1005" name="i_reg_218">
<pin_list>
<pin id="219" dir="0" index="0" bw="32" slack="0"/>
<pin id="220" dir="1" index="1" bw="32" slack="0"/>
</pin_list>
<bind>
<opset="i "/>
</bind>
</comp>

<comp id="225" class="1005" name="input_rgb_read_reg_225">
<pin_list>
<pin id="226" dir="0" index="0" bw="64" slack="1"/>
<pin id="227" dir="1" index="1" bw="64" slack="1"/>
</pin_list>
<bind>
<opset="input_rgb_read "/>
</bind>
</comp>

<comp id="231" class="1005" name="icmp_ln18_reg_231">
<pin_list>
<pin id="232" dir="0" index="0" bw="1" slack="1"/>
<pin id="233" dir="1" index="1" bw="1" slack="2147483647"/>
</pin_list>
<bind>
<opset="icmp_ln18 "/>
</bind>
</comp>

<comp id="235" class="1005" name="base_reg_235">
<pin_list>
<pin id="236" dir="0" index="0" bw="32" slack="1"/>
<pin id="237" dir="1" index="1" bw="32" slack="1"/>
</pin_list>
<bind>
<opset="base "/>
</bind>
</comp>

<comp id="241" class="1005" name="gmem0_addr_reg_241">
<pin_list>
<pin id="242" dir="0" index="0" bw="8" slack="1"/>
<pin id="243" dir="1" index="1" bw="8" slack="1"/>
</pin_list>
<bind>
<opset="gmem0_addr "/>
</bind>
</comp>

<comp id="247" class="1005" name="gmem0_addr_1_reg_247">
<pin_list>
<pin id="248" dir="0" index="0" bw="8" slack="1"/>
<pin id="249" dir="1" index="1" bw="8" slack="1"/>
</pin_list>
<bind>
<opset="gmem0_addr_1 "/>
</bind>
</comp>

<comp id="253" class="1005" name="gmem0_addr_2_reg_253">
<pin_list>
<pin id="254" dir="0" index="0" bw="8" slack="2"/>
<pin id="255" dir="1" index="1" bw="8" slack="2"/>
</pin_list>
<bind>
<opset="gmem0_addr_2 "/>
</bind>
</comp>

<comp id="259" class="1005" name="pixel_r_reg_259">
<pin_list>
<pin id="260" dir="0" index="0" bw="8" slack="3"/>
<pin id="261" dir="1" index="1" bw="8" slack="3"/>
</pin_list>
<bind>
<opset="pixel_r "/>
</bind>
</comp>

<comp id="264" class="1005" name="pixel_g_reg_264">
<pin_list>
<pin id="265" dir="0" index="0" bw="8" slack="2"/>
<pin id="266" dir="1" index="1" bw="8" slack="2"/>
</pin_list>
<bind>
<opset="pixel_g "/>
</bind>
</comp>

<comp id="269" class="1005" name="pixel_b_reg_269">
<pin_list>
<pin id="270" dir="0" index="0" bw="8" slack="1"/>
<pin id="271" dir="1" index="1" bw="8" slack="1"/>
</pin_list>
<bind>
<opset="pixel_b "/>
</bind>
</comp>

</comp_list>

<net_list>
<net id="61"><net_src comp="8" pin="0"/><net_sink comp="58" pin=0"/></net>

<net id="66"><net_src comp="32" pin="0"/><net_sink comp="62" pin=0"/></net>

<net id="67"><net_src comp="2" pin="0"/><net_sink comp="62" pin=1"/></net>

<net id="72"><net_src comp="34" pin="0"/><net_sink comp="68" pin=0"/></net>

<net id="73"><net_src comp="0" pin="0"/><net_sink comp="68" pin=1"/></net>

<net id="79"><net_src comp="38" pin="0"/><net_sink comp="74" pin=0"/></net>

<net id="80"><net_src comp="40" pin="0"/><net_sink comp="74" pin=2"/></net>

<net id="86"><net_src comp="38" pin="0"/><net_sink comp="81" pin=0"/></net>

<net id="87"><net_src comp="40" pin="0"/><net_sink comp="81" pin=2"/></net>

<net id="93"><net_src comp="38" pin="0"/><net_sink comp="88" pin=0"/></net>

<net id="94"><net_src comp="40" pin="0"/><net_sink comp="88" pin=2"/></net>

<net id="99"><net_src comp="42" pin="0"/><net_sink comp="95" pin=0"/></net>

<net id="104"><net_src comp="42" pin="0"/><net_sink comp="100" pin=0"/></net>

<net id="109"><net_src comp="42" pin="0"/><net_sink comp="105" pin=0"/></net>

<net id="115"><net_src comp="56" pin="0"/><net_sink comp="110" pin=0"/></net>

<net id="116"><net_src comp="6" pin="0"/><net_sink comp="110" pin=1"/></net>

<net id="121"><net_src comp="14" pin="0"/><net_sink comp="117" pin=0"/></net>

<net id="129"><net_src comp="122" pin="1"/><net_sink comp="125" pin=0"/></net>

<net id="130"><net_src comp="68" pin="2"/><net_sink comp="125" pin=1"/></net>

<net id="135"><net_src comp="122" pin="1"/><net_sink comp="131" pin=0"/></net>

<net id="136"><net_src comp="8" pin="0"/><net_sink comp="131" pin=1"/></net>

<net id="141"><net_src comp="122" pin="1"/><net_sink comp="137" pin=0"/></net>

<net id="142"><net_src comp="36" pin="0"/><net_sink comp="137" pin=1"/></net>

<net id="147"><net_src comp="137" pin="2"/><net_sink comp="143" pin=0"/></net>

<net id="148"><net_src comp="122" pin="1"/><net_sink comp="143" pin=1"/></net>

<net id="152"><net_src comp="143" pin="2"/><net_sink comp="149" pin=0"/></net>

<net id="157"><net_src comp="149" pin="1"/><net_sink comp="153" pin=0"/></net>

<net id="158"><net_src comp="62" pin="2"/><net_sink comp="153" pin=1"/></net>

<net id="163"><net_src comp="4" pin="0"/><net_sink comp="159" pin=0"/></net>

<net id="164"><net_src comp="153" pin="2"/><net_sink comp="159" pin=1"/></net>

<net id="169"><net_src comp="131" pin="2"/><net_sink comp="165" pin=0"/></net>

<net id="174"><net_src comp="8" pin="0"/><net_sink comp="170" pin=1"/></net>

<net id="178"><net_src comp="170" pin="2"/><net_sink comp="175" pin=0"/></net>

<net id="183"><net_src comp="175" pin="1"/><net_sink comp="179" pin=0"/></net>

<net id="188"><net_src comp="4" pin="0"/><net_sink comp="184" pin=0"/></net>

<net id="189"><net_src comp="179" pin="2"/><net_sink comp="184" pin=1"/></net>

<net id="194"><net_src comp="36" pin="0"/><net_sink comp="190" pin=1"/></net>

<net id="198"><net_src comp="190" pin="2"/><net_sink comp="195" pin=0"/></net>

<net id="203"><net_src comp="195" pin="1"/><net_sink comp="199" pin=0"/></net>

<net id="208"><net_src comp="4" pin="0"/><net_sink comp="204" pin=0"/></net>

<net id="209"><net_src comp="199" pin="2"/><net_sink comp="204" pin=1"/></net>

<net id="216"><net_src comp="54" pin="0"/><net_sink comp="210" pin=0"/></net>

<net id="217"><net_src comp="210" pin="4"/><net_sink comp="110" pin=2"/></net>

<net id="221"><net_src comp="58" pin="1"/><net_sink comp="218" pin=0"/></net>

<net id="222"><net_src comp="218" pin="1"/><net_sink comp="117" pin=1"/></net>

<net id="223"><net_src comp="218" pin="1"/><net_sink comp="122" pin=0"/></net>

<net id="224"><net_src comp="218" pin="1"/><net_sink comp="165" pin=1"/></net>

<net id="228"><net_src comp="62" pin="2"/><net_sink comp="225" pin=0"/></net>

<net id="229"><net_src comp="225" pin="1"/><net_sink comp="179" pin=1"/></net>

<net id="230"><net_src comp="225" pin="1"/><net_sink comp="199" pin=1"/></net>

<net id="234"><net_src comp="125" pin="2"/><net_sink comp="231" pin=0"/></net>

<net id="238"><net_src comp="143" pin="2"/><net_sink comp="235" pin=0"/></net>

<net id="239"><net_src comp="235" pin="1"/><net_sink comp="170" pin=0"/></net>

<net id="240"><net_src comp="235" pin="1"/><net_sink comp="190" pin=0"/></net>

<net id="244"><net_src comp="159" pin="2"/><net_sink comp="241" pin=0"/></net>

<net id="245"><net_src comp="241" pin="1"/><net_sink comp="74" pin=1"/></net>

<net id="246"><net_src comp="241" pin="1"/><net_sink comp="95" pin=1"/></net>

<net id="250"><net_src comp="184" pin="2"/><net_sink comp="247" pin=0"/></net>

<net id="251"><net_src comp="247" pin="1"/><net_sink comp="81" pin=1"/></net>

<net id="252"><net_src comp="247" pin="1"/><net_sink comp="100" pin=1"/></net>

<net id="256"><net_src comp="204" pin="2"/><net_sink comp="253" pin=0"/></net>

<net id="257"><net_src comp="253" pin="1"/><net_sink comp="88" pin=1"/></net>

<net id="258"><net_src comp="253" pin="1"/><net_sink comp="105" pin=1"/></net>

<net id="262"><net_src comp="95" pin="2"/><net_sink comp="259" pin=0"/></net>

<net id="263"><net_src comp="259" pin="1"/><net_sink comp="210" pin=3"/></net>

<net id="267"><net_src comp="100" pin="2"/><net_sink comp="264" pin=0"/></net>

<net id="268"><net_src comp="264" pin="1"/><net_sink comp="210" pin=2"/></net>

<net id="272"><net_src comp="105" pin="2"/><net_sink comp="269" pin=0"/></net>

<net id="273"><net_src comp="269" pin="1"/><net_sink comp="210" pin=1"/></net>

</net_list>

</model> 
---------------- Datapath Model END ------------------

* FSMD analyzer results:
  - Output states:
	Port: rgb_stream | {13 }
 - Input state : 
	Port: (anonymous namespace)read_input_Pipeline_read_loop : num_pixels | {1 }
	Port: (anonymous namespace)read_input_Pipeline_read_loop : input_rgb | {1 }
	Port: (anonymous namespace)read_input_Pipeline_read_loop : gmem0 | {2 3 4 5 6 7 8 9 10 11 12 }
  - Chain level:
	State 1
		store_ln18 : 1
		i_4 : 1
		icmp_ln18 : 2
		br_ln18 : 3
		add_ln18 : 2
		shl_ln22 : 2
		base : 2
		zext_ln25 : 3
		add_ln25 : 4
		gmem0_addr : 5
		store_ln18 : 3
	State 2
		zext_ln26 : 1
		add_ln26_1 : 2
		gmem0_addr_1 : 3
		zext_ln27 : 1
		add_ln27_1 : 2
		gmem0_addr_2 : 3
	State 3
	State 4
	State 5
	State 6
	State 7
	State 8
	State 9
	State 10
	State 11
	State 12
	State 13
		write_ln29 : 1


============================================================
+ Verbose Summary: Datapath Resource usage 
============================================================

* Functional unit list:
|----------|----------------------------|---------|---------|
| Operation|       Functional Unit      |    FF   |   LUT   |
|----------|----------------------------|---------|---------|
|          |       add_ln18_fu_131      |    0    |    39   |
|          |       add_ln25_fu_153      |    0    |    71   |
|    add   |       add_ln26_fu_170      |    0    |    39   |
|          |      add_ln26_1_fu_179     |    0    |    71   |
|          |       add_ln27_fu_190      |    0    |    39   |
|          |      add_ln27_1_fu_199     |    0    |    71   |
|----------|----------------------------|---------|---------|
|   icmp   |      icmp_ln18_fu_125      |    0    |    39   |
|----------|----------------------------|---------|---------|
|    sub   |         base_fu_143        |    0    |    39   |
|----------|----------------------------|---------|---------|
|          |  input_rgb_read_read_fu_62 |    0    |    0    |
|          | num_pixels_read_read_fu_68 |    0    |    0    |
|   read   |     pixel_r_read_fu_95     |    0    |    0    |
|          |     pixel_g_read_fu_100    |    0    |    0    |
|          |     pixel_b_read_fu_105    |    0    |    0    |
|----------|----------------------------|---------|---------|
|          |      grp_readreq_fu_74     |    0    |    0    |
|  readreq |      grp_readreq_fu_81     |    0    |    0    |
|          |      grp_readreq_fu_88     |    0    |    0    |
|----------|----------------------------|---------|---------|
|   write  |   write_ln29_write_fu_110  |    0    |    0    |
|----------|----------------------------|---------|---------|
|    shl   |       shl_ln22_fu_137      |    0    |    0    |
|----------|----------------------------|---------|---------|
|          |      zext_ln25_fu_149      |    0    |    0    |
|   zext   |      zext_ln26_fu_175      |    0    |    0    |
|          |      zext_ln27_fu_195      |    0    |    0    |
|----------|----------------------------|---------|---------|
|bitconcatenate|         p_0_fu_210         |    0    |    0    |
|----------|----------------------------|---------|---------|
|   Total  |                            |    0    |   408   |
|----------|----------------------------|---------|---------|

Memories:
N/A

* Register list:
+----------------------+--------+
|                      |   FF   |
+----------------------+--------+
|     base_reg_235     |   32   |
| gmem0_addr_1_reg_247 |    8   |
| gmem0_addr_2_reg_253 |    8   |
|  gmem0_addr_reg_241  |    8   |
|       i_reg_218      |   32   |
|   icmp_ln18_reg_231  |    1   |
|input_rgb_read_reg_225|   64   |
|    pixel_b_reg_269   |    8   |
|    pixel_g_reg_264   |    8   |
|    pixel_r_reg_259   |    8   |
+----------------------+--------+
|         Total        |   177  |
+----------------------+--------+

* Multiplexer (MUX) list: 
|--------|------|------|------|--------|
|  Comp  |  Pin | Size |  BW  | S x BW |
|--------|------|------|------|--------|
|  Total |      |      |      |    0   |
|--------|------|------|------|--------|



* Summary:
+-----------+--------+--------+
|           |   FF   |   LUT  |
+-----------+--------+--------+
|  Function |    0   |   408  |
|   Memory  |    -   |    -   |
|Multiplexer|    -   |    -   |
|  Register |   177  |    -   |
+-----------+--------+--------+
|   Total   |   177  |   408  |
+-----------+--------+--------+
