

================================================================
== Vitis HLS Report for 'p_anonymous_namespace_rgb_to_gray_Pipeline_process_loop'
================================================================
* Date:           Sat Jul 11 19:11:15 2026

* Version:        2024.1 (Build 5069499 on May 21 2024)
* Project:        image_accel
* Solution:       hls (Vivado IP Flow Target)
* Product family: zynquplus
* Target device:  xck26-sfvc784-2LV-c


================================================================
== Performance Estimates
================================================================
+ Timing: 
    * Summary: 
    +--------+---------+----------+------------+
    |  Clock |  Target | Estimated| Uncertainty|
    +--------+---------+----------+------------+
    |ap_clk  |  4.00 ns|  2.553 ns|     0.50 ns|
    +--------+---------+----------+------------+

+ Latency: 
    * Summary: 
    +---------+---------+-----------+----------+-----+---------+-----------------------------------------------+
    |  Latency (cycles) |  Latency (absolute)  |    Interval   |                    Pipeline                   |
    |   min   |   max   |    min    |    max   | min |   max   |                      Type                     |
    +---------+---------+-----------+----------+-----+---------+-----------------------------------------------+
    |        7|  2073606|  28.000 ns|  8.294 ms|    2|  2073601|  loop auto-rewind stp(delay=0 clock cycles(s))|
    +---------+---------+-----------+----------+-----+---------+-----------------------------------------------+

    + Detail: 
        * Instance: 
        N/A

        * Loop: 
        +----------------+---------+---------+----------+-----------+-----------+-------------+----------+
        |                |  Latency (cycles) | Iteration|  Initiation Interval  |     Trip    |          |
        |    Loop Name   |   min   |   max   |  Latency |  achieved |   target  |    Count    | Pipelined|
        +----------------+---------+---------+----------+-----------+-----------+-------------+----------+
        |- process_loop  |        5|  2073604|         6|          1|          1|  1 ~ 2073600|       yes|
        +----------------+---------+---------+----------+-----------+-----------+-------------+----------+



================================================================
== Utilization Estimates
================================================================
* Summary: 
+-----------------+---------+------+--------+--------+-----+
|       Name      | BRAM_18K|  DSP |   FF   |   LUT  | URAM|
+-----------------+---------+------+--------+--------+-----+
|DSP              |        -|     2|       -|       -|    -|
|Expression       |        -|     -|       0|      82|    -|
|FIFO             |        -|     -|       -|       -|    -|
|Instance         |        -|     0|       0|      40|    -|
|Memory           |        -|     -|       -|       -|    -|
|Multiplexer      |        -|     -|       0|      54|    -|
|Register         |        -|     -|      67|       -|    -|
+-----------------+---------+------+--------+--------+-----+
|Total            |        0|     2|      67|     176|    0|
+-----------------+---------+------+--------+--------+-----+
|Available        |      288|  1248|  234240|  117120|   64|
+-----------------+---------+------+--------+--------+-----+
|Utilization (%)  |        0|    ~0|      ~0|      ~0|    0|
+-----------------+---------+------+--------+--------+-----+

+ Detail: 
    * Instance: 
    +------------------------+--------------------+---------+----+---+----+-----+
    |        Instance        |       Module       | BRAM_18K| DSP| FF| LUT| URAM|
    +------------------------+--------------------+---------+----+---+----+-----+
    |mul_8ns_8ns_15_1_1_U12  |mul_8ns_8ns_15_1_1  |        0|   0|  0|  40|    0|
    +------------------------+--------------------+---------+----+---+----+-----+
    |Total                   |                    |        0|   0|  0|  40|    0|
    +------------------------+--------------------+---------+----+---+----+-----+

    * DSP: 
    +------------------------------------+--------------------------------+--------------+
    |              Instance              |             Module             |  Expression  |
    +------------------------------------+--------------------------------+--------------+
    |mac_muladd_8ns_5ns_15ns_15_4_1_U13  |mac_muladd_8ns_5ns_15ns_15_4_1  |  i0 + i1 * i2|
    |mac_muladd_8ns_8ns_15ns_16_4_1_U14  |mac_muladd_8ns_8ns_15ns_16_4_1  |  i0 + i1 * i2|
    +------------------------------------+--------------------------------+--------------+

    * Memory: 
    N/A

    * FIFO: 
    N/A

    * Expression: 
    +---------------------------+----------+----+---+----+------------+------------+
    |       Variable Name       | Operation| DSP| FF| LUT| Bitwidth P0| Bitwidth P1|
    +---------------------------+----------+----+---+----+------------+------------+
    |i_2_fu_91_p2               |         +|   0|  0|  39|          32|           1|
    |icmp_ln54_fu_85_p2         |      icmp|   0|  0|  39|          32|          32|
    |ap_block_pp0_stage0_01001  |        or|   0|  0|   2|           1|           1|
    |ap_enable_pp0              |       xor|   0|  0|   2|           1|           2|
    +---------------------------+----------+----+---+----+------------+------------+
    |Total                      |          |   0|  0|  82|          66|          36|
    +---------------------------+----------+----+---+----+------------+------------+

    * Multiplexer: 
    +-------------------------+----+-----------+-----+-----------+
    |           Name          | LUT| Input Size| Bits| Total Bits|
    +-------------------------+----+-----------+-----+-----------+
    |ap_done_int              |   9|          2|    1|          2|
    |ap_enable_reg_pp0_iter1  |   9|          2|    1|          2|
    |ap_sig_allocacmp_i_3     |   9|          2|   32|         64|
    |gray_stream_blk_n        |   9|          2|    1|          2|
    |i_fu_54                  |   9|          2|   32|         64|
    |rgb_stream_blk_n         |   9|          2|    1|          2|
    +-------------------------+----+-----------+-----+-----------+
    |Total                    |  54|         12|   68|        136|
    +-------------------------+----+-----------+-----+-----------+

    * Register: 
    +----------------------------------+----+----+-----+-----------+
    |               Name               | FF | LUT| Bits| Const Bits|
    +----------------------------------+----+----+-----+-----------+
    |ap_CS_fsm                         |   1|   0|    1|          0|
    |ap_done_reg                       |   1|   0|    1|          0|
    |ap_enable_reg_pp0_iter1           |   1|   0|    1|          0|
    |ap_enable_reg_pp0_iter2           |   1|   0|    1|          0|
    |ap_enable_reg_pp0_iter3           |   1|   0|    1|          0|
    |ap_enable_reg_pp0_iter4           |   1|   0|    1|          0|
    |ap_enable_reg_pp0_iter5           |   1|   0|    1|          0|
    |ap_loop_exit_ready_pp0_iter1_reg  |   1|   0|    1|          0|
    |ap_loop_exit_ready_pp0_iter2_reg  |   1|   0|    1|          0|
    |ap_loop_exit_ready_pp0_iter3_reg  |   1|   0|    1|          0|
    |ap_loop_exit_ready_pp0_iter4_reg  |   1|   0|    1|          0|
    |i_fu_54                           |  32|   0|   32|          0|
    |pixel_g_reg_189                   |   8|   0|    8|          0|
    |pixel_r_reg_184                   |   8|   0|    8|          0|
    |pixel_r_reg_184_pp0_iter2_reg     |   8|   0|    8|          0|
    +----------------------------------+----+----+-----+-----------+
    |Total                             |  67|   0|   67|          0|
    +----------------------------------+----+----+-----+-----------+



================================================================
== Interface
================================================================
* Summary: 
+----------------------------+-----+-----+------------+--------------------------------------------------------+--------------+
|          RTL Ports         | Dir | Bits|  Protocol  |                      Source Object                     |    C Type    |
+----------------------------+-----+-----+------------+--------------------------------------------------------+--------------+
|ap_clk                      |   in|    1|  ap_ctrl_hs|  (anonymous namespace)rgb_to_gray_Pipeline_process_loop|  return value|
|ap_rst                      |   in|    1|  ap_ctrl_hs|  (anonymous namespace)rgb_to_gray_Pipeline_process_loop|  return value|
|ap_start                    |   in|    1|  ap_ctrl_hs|  (anonymous namespace)rgb_to_gray_Pipeline_process_loop|  return value|
|ap_done                     |  out|    1|  ap_ctrl_hs|  (anonymous namespace)rgb_to_gray_Pipeline_process_loop|  return value|
|ap_idle                     |  out|    1|  ap_ctrl_hs|  (anonymous namespace)rgb_to_gray_Pipeline_process_loop|  return value|
|ap_ready                    |  out|    1|  ap_ctrl_hs|  (anonymous namespace)rgb_to_gray_Pipeline_process_loop|  return value|
|rgb_stream_dout             |   in|   24|     ap_fifo|                                              rgb_stream|       pointer|
|rgb_stream_num_data_valid   |   in|    7|     ap_fifo|                                              rgb_stream|       pointer|
|rgb_stream_fifo_cap         |   in|    7|     ap_fifo|                                              rgb_stream|       pointer|
|rgb_stream_empty_n          |   in|    1|     ap_fifo|                                              rgb_stream|       pointer|
|rgb_stream_read             |  out|    1|     ap_fifo|                                              rgb_stream|       pointer|
|gray_stream_din             |  out|    8|     ap_fifo|                                             gray_stream|       pointer|
|gray_stream_num_data_valid  |   in|    7|     ap_fifo|                                             gray_stream|       pointer|
|gray_stream_fifo_cap        |   in|    7|     ap_fifo|                                             gray_stream|       pointer|
|gray_stream_full_n          |   in|    1|     ap_fifo|                                             gray_stream|       pointer|
|gray_stream_write           |  out|    1|     ap_fifo|                                             gray_stream|       pointer|
|num_pixels_2                |   in|   32|     ap_none|                                            num_pixels_2|        scalar|
+----------------------------+-----+-----+------------+--------------------------------------------------------+--------------+

============================================================
+ Verbose Summary: Synthesis Manager
============================================================
InlineROM: 1
ExposeGlobal: 0
============================================================
+ Verbose Summary: CDFG Model
============================================================
IsTopModel: 0
ResetActiveHigh: 1
IsCombinational: 2
IsDatapathOnly: 2
HasWiredReturn: 1
HasMFsm: 2
HasVarLatency: 1
IsPipeline: 0
IsRtlPipelined: 0
IsInstanceOverlapped: 0
IsDontTouch: 0
HasImplIP: 0
IsGatedGlobalClock: 0

+ Individual pipeline summary: 
  * Pipeline-0: initiation interval (II) = 1, depth = 6


============================================================
+ Verbose Summary: Schedule
============================================================
* Number of FSM states : 6
* Pipeline : 1
  Pipeline-0 : II = 1, D = 6, States = { 1 2 3 4 5 6 }
* Dataflow Pipeline: 0

* FSM state transitions: 
1 --> 2 
2 --> 3 
3 --> 4 
4 --> 5 
5 --> 6 
6 --> 

* FSM state operations: 

State 1 <SV = 0> <Delay = 1.87>
ST_1 : Operation 9 [1/1] (0.00ns)   --->   "%i = alloca i32 1" [../src/image_accel.cpp:54]   --->   Operation 9 'alloca' 'i' <Predicate = true> <Delay = 0.00>
ST_1 : Operation 10 [1/1] (0.00ns)   --->   "%specinterface_ln0 = specinterface void @_ssdm_op_SpecInterface, i24 %rgb_stream, void @empty_7, i32 0, i32 0, void @empty_10, i32 0, i32 0, void @empty_10, void @empty_10, void @empty_10, i32 0, i32 0, i32 0, i32 0, void @empty_10, void @empty_10, i32 4294967295, i32 0, i32 0"   --->   Operation 10 'specinterface' 'specinterface_ln0' <Predicate = true> <Delay = 0.00>
ST_1 : Operation 11 [1/1] (0.00ns)   --->   "%specinterface_ln0 = specinterface void @_ssdm_op_SpecInterface, i8 %gray_stream, void @empty_7, i32 0, i32 0, void @empty_10, i32 0, i32 0, void @empty_10, void @empty_10, void @empty_10, i32 0, i32 0, i32 0, i32 0, void @empty_10, void @empty_10, i32 4294967295, i32 0, i32 0"   --->   Operation 11 'specinterface' 'specinterface_ln0' <Predicate = true> <Delay = 0.00>
ST_1 : Operation 12 [1/1] (0.00ns)   --->   "%num_pixels_2_read = read i32 @_ssdm_op_Read.ap_auto.i32, i32 %num_pixels_2" [../src/image_accel.cpp:49]   --->   Operation 12 'read' 'num_pixels_2_read' <Predicate = true> <Delay = 0.00>
ST_1 : Operation 13 [1/1] (0.42ns)   --->   "%store_ln54 = store i32 0, i32 %i" [../src/image_accel.cpp:54]   --->   Operation 13 'store' 'store_ln54' <Predicate = true> <Delay = 0.42>
ST_1 : Operation 14 [1/1] (0.00ns)   --->   "%br_ln54 = br void %for.inc" [../src/image_accel.cpp:54]   --->   Operation 14 'br' 'br_ln54' <Predicate = true> <Delay = 0.00>
ST_1 : Operation 15 [1/1] (0.00ns)   --->   "%i_3 = load i32 %i" [../src/image_accel.cpp:54]   --->   Operation 15 'load' 'i_3' <Predicate = true> <Delay = 0.00>
ST_1 : Operation 16 [1/1] (1.01ns)   --->   "%icmp_ln54 = icmp_eq  i32 %i_3, i32 %num_pixels_2_read" [../src/image_accel.cpp:54]   --->   Operation 16 'icmp' 'icmp_ln54' <Predicate = true> <Delay = 1.01> <CoreInst = "Cmp">   --->   Core 9 'Cmp' <Latency = 0> <II = 1> <Delay = 1.01> <FuncUnit> <Opcode : 'seteq' 'setne' 'setle' 'setge' 'setlt' 'setgt'> <InPorts = 2> <OutPorts = 1>
ST_1 : Operation 17 [1/1] (0.00ns)   --->   "%br_ln54 = br i1 %icmp_ln54, void %for.inc.split, void %for.end.loopexit.exitStub" [../src/image_accel.cpp:54]   --->   Operation 17 'br' 'br_ln54' <Predicate = true> <Delay = 0.00>
ST_1 : Operation 18 [1/1] (1.01ns)   --->   "%i_2 = add i32 %i_3, i32 1" [../src/image_accel.cpp:54]   --->   Operation 18 'add' 'i_2' <Predicate = (!icmp_ln54)> <Delay = 1.01> <CoreInst = "Adder">   --->   Core 1 'Adder' <Latency = 0> <II = 1> <Delay = 1.01> <FuncUnit> <Opcode : 'add' 'sub'> <InPorts = 2> <OutPorts = 1>
ST_1 : Operation 19 [1/1] (0.42ns)   --->   "%store_ln54 = store i32 %i_2, i32 %i" [../src/image_accel.cpp:54]   --->   Operation 19 'store' 'store_ln54' <Predicate = (!icmp_ln54)> <Delay = 0.42>

State 2 <SV = 1> <Delay = 2.55>
ST_2 : Operation 20 [1/1] (1.55ns)   --->   "%rgb_stream_read = read i24 @_ssdm_op_Read.ap_fifo.volatile.i24P0A, i24 %rgb_stream" [../src/image_accel.cpp:57]   --->   Operation 20 'read' 'rgb_stream_read' <Predicate = true> <Delay = 1.55> <CoreInst = "FIFO">   --->   Core 77 'FIFO' <Latency = 0> <II = 1> <Delay = 1.55> <Storage> <Opcode : 'read' 'write' 'nbread' 'nbwrite'> <Ports = 0> <Width = 24> <Depth = 64> <FIFO>
ST_2 : Operation 21 [1/1] (0.00ns)   --->   "%pixel_r = trunc i24 %rgb_stream_read" [../src/image_accel.cpp:57]   --->   Operation 21 'trunc' 'pixel_r' <Predicate = true> <Delay = 0.00>
ST_2 : Operation 22 [1/1] (0.00ns)   --->   "%pixel_g = partselect i8 @_ssdm_op_PartSelect.i8.i24.i32.i32, i24 %rgb_stream_read, i32 8, i32 15" [../src/image_accel.cpp:57]   --->   Operation 22 'partselect' 'pixel_g' <Predicate = true> <Delay = 0.00>
ST_2 : Operation 23 [1/1] (0.00ns)   --->   "%tmp = partselect i8 @_ssdm_op_PartSelect.i8.i24.i32.i32, i24 %rgb_stream_read, i32 16, i32 23" [../src/image_accel.cpp:39->../src/image_accel.cpp:58]   --->   Operation 23 'partselect' 'tmp' <Predicate = true> <Delay = 0.00>
ST_2 : Operation 24 [1/1] (0.00ns)   --->   "%zext_ln39_3 = zext i8 %tmp" [../src/image_accel.cpp:39->../src/image_accel.cpp:58]   --->   Operation 24 'zext' 'zext_ln39_3' <Predicate = true> <Delay = 0.00>
ST_2 : Operation 25 [3/3] (0.99ns) (grouped into DSP with root node add_ln39)   --->   "%mul_ln39_2 = mul i13 %zext_ln39_3, i13 29" [../src/image_accel.cpp:39->../src/image_accel.cpp:58]   --->   Operation 25 'mul' 'mul_ln39_2' <Predicate = true> <Delay = 0.99> <CoreInst = "DSP48">   --->   Core 124 'DSP48' <Latency = 3> <II = 1> <Delay = 0.53> <IPBlock> <Opcode : '' 'add' 'sub' 'mul' 'select'> <InPorts = 0> <OutPorts = 1> <Sync> <CReg>

State 3 <SV = 2> <Delay = 0.99>
ST_3 : Operation 26 [1/1] (0.00ns)   --->   "%zext_ln57 = zext i8 %pixel_g" [../src/image_accel.cpp:57]   --->   Operation 26 'zext' 'zext_ln57' <Predicate = true> <Delay = 0.00>
ST_3 : Operation 27 [3/3] (0.99ns) (grouped into DSP with root node weighted_sum)   --->   "%mul_ln39_1 = mul i16 %zext_ln57, i16 150" [../src/image_accel.cpp:39->../src/image_accel.cpp:58]   --->   Operation 27 'mul' 'mul_ln39_1' <Predicate = true> <Delay = 0.99> <CoreInst = "DSP48">   --->   Core 124 'DSP48' <Latency = 3> <II = 1> <Delay = 0.53> <IPBlock> <Opcode : '' 'add' 'sub' 'mul' 'select'> <InPorts = 0> <OutPorts = 1> <Sync> <CReg>
ST_3 : Operation 28 [2/3] (0.99ns) (grouped into DSP with root node add_ln39)   --->   "%mul_ln39_2 = mul i13 %zext_ln39_3, i13 29" [../src/image_accel.cpp:39->../src/image_accel.cpp:58]   --->   Operation 28 'mul' 'mul_ln39_2' <Predicate = true> <Delay = 0.99> <CoreInst = "DSP48">   --->   Core 124 'DSP48' <Latency = 3> <II = 1> <Delay = 0.53> <IPBlock> <Opcode : '' 'add' 'sub' 'mul' 'select'> <InPorts = 0> <OutPorts = 1> <Sync> <CReg>

State 4 <SV = 3> <Delay = 2.29>
ST_4 : Operation 29 [1/1] (0.00ns)   --->   "%zext_ln39 = zext i8 %pixel_r" [../src/image_accel.cpp:39->../src/image_accel.cpp:58]   --->   Operation 29 'zext' 'zext_ln39' <Predicate = true> <Delay = 0.00>
ST_4 : Operation 30 [1/1] (1.65ns)   --->   "%mul_ln39 = mul i15 %zext_ln39, i15 77" [../src/image_accel.cpp:39->../src/image_accel.cpp:58]   --->   Operation 30 'mul' 'mul_ln39' <Predicate = true> <Delay = 1.65> <CoreInst = "Multiplier">   --->   Core 3 'Multiplier' <Latency = 0> <II = 1> <Delay = 1.65> <FuncUnit> <Opcode : 'mul'> <InPorts = 2> <OutPorts = 1>
ST_4 : Operation 31 [2/3] (0.99ns) (grouped into DSP with root node weighted_sum)   --->   "%mul_ln39_1 = mul i16 %zext_ln57, i16 150" [../src/image_accel.cpp:39->../src/image_accel.cpp:58]   --->   Operation 31 'mul' 'mul_ln39_1' <Predicate = true> <Delay = 0.99> <CoreInst = "DSP48">   --->   Core 124 'DSP48' <Latency = 3> <II = 1> <Delay = 0.53> <IPBlock> <Opcode : '' 'add' 'sub' 'mul' 'select'> <InPorts = 0> <OutPorts = 1> <Sync> <CReg>
ST_4 : Operation 32 [1/3] (0.00ns) (grouped into DSP with root node add_ln39)   --->   "%mul_ln39_2 = mul i13 %zext_ln39_3, i13 29" [../src/image_accel.cpp:39->../src/image_accel.cpp:58]   --->   Operation 32 'mul' 'mul_ln39_2' <Predicate = true> <Delay = 0.00> <CoreInst = "DSP48">   --->   Core 124 'DSP48' <Latency = 3> <II = 1> <Delay = 0.53> <IPBlock> <Opcode : '' 'add' 'sub' 'mul' 'select'> <InPorts = 0> <OutPorts = 1> <Sync> <CReg>
ST_4 : Operation 33 [1/1] (0.00ns) (grouped into DSP with root node add_ln39)   --->   "%zext_ln39_1 = zext i13 %mul_ln39_2" [../src/image_accel.cpp:39->../src/image_accel.cpp:58]   --->   Operation 33 'zext' 'zext_ln39_1' <Predicate = true> <Delay = 0.00>
ST_4 : Operation 34 [2/2] (0.64ns) (root node of the DSP)   --->   "%add_ln39 = add i15 %mul_ln39, i15 %zext_ln39_1" [../src/image_accel.cpp:39->../src/image_accel.cpp:58]   --->   Operation 34 'add' 'add_ln39' <Predicate = true> <Delay = 0.64> <CoreInst = "DSP48">   --->   Core 124 'DSP48' <Latency = 3> <II = 1> <Delay = 0.53> <IPBlock> <Opcode : '' 'add' 'sub' 'mul' 'select'> <InPorts = 0> <OutPorts = 1> <Sync> <CReg>

State 5 <SV = 4> <Delay = 1.29>
ST_5 : Operation 35 [1/3] (0.00ns) (grouped into DSP with root node weighted_sum)   --->   "%mul_ln39_1 = mul i16 %zext_ln57, i16 150" [../src/image_accel.cpp:39->../src/image_accel.cpp:58]   --->   Operation 35 'mul' 'mul_ln39_1' <Predicate = true> <Delay = 0.00> <CoreInst = "DSP48">   --->   Core 124 'DSP48' <Latency = 3> <II = 1> <Delay = 0.53> <IPBlock> <Opcode : '' 'add' 'sub' 'mul' 'select'> <InPorts = 0> <OutPorts = 1> <Sync> <CReg>
ST_5 : Operation 36 [1/2] (0.64ns) (root node of the DSP)   --->   "%add_ln39 = add i15 %mul_ln39, i15 %zext_ln39_1" [../src/image_accel.cpp:39->../src/image_accel.cpp:58]   --->   Operation 36 'add' 'add_ln39' <Predicate = true> <Delay = 0.64> <CoreInst = "DSP48">   --->   Core 124 'DSP48' <Latency = 3> <II = 1> <Delay = 0.53> <IPBlock> <Opcode : '' 'add' 'sub' 'mul' 'select'> <InPorts = 0> <OutPorts = 1> <Sync> <CReg>
ST_5 : Operation 37 [1/1] (0.00ns)   --->   "%zext_ln39_2 = zext i15 %add_ln39" [../src/image_accel.cpp:39->../src/image_accel.cpp:58]   --->   Operation 37 'zext' 'zext_ln39_2' <Predicate = true> <Delay = 0.00>
ST_5 : Operation 38 [2/2] (0.64ns) (root node of the DSP)   --->   "%weighted_sum = add i16 %zext_ln39_2, i16 %mul_ln39_1" [../src/image_accel.cpp:39->../src/image_accel.cpp:58]   --->   Operation 38 'add' 'weighted_sum' <Predicate = true> <Delay = 0.64> <CoreInst = "DSP48">   --->   Core 124 'DSP48' <Latency = 3> <II = 1> <Delay = 0.53> <IPBlock> <Opcode : '' 'add' 'sub' 'mul' 'select'> <InPorts = 0> <OutPorts = 1> <Sync> <CReg>
ST_5 : Operation 46 [1/1] (0.42ns)   --->   "%ret_ln0 = ret"   --->   Operation 46 'ret' 'ret_ln0' <Predicate = (icmp_ln54)> <Delay = 0.42>

State 6 <SV = 5> <Delay = 2.39>
ST_6 : Operation 39 [1/1] (0.00ns)   --->   "%specpipeline_ln56 = specpipeline void @_ssdm_op_SpecPipeline, i32 1, i32 0, i32 0, i32 0, void @empty_10" [../src/image_accel.cpp:56]   --->   Operation 39 'specpipeline' 'specpipeline_ln56' <Predicate = true> <Delay = 0.00>
ST_6 : Operation 40 [1/1] (0.00ns)   --->   "%speclooptripcount_ln55 = speclooptripcount void @_ssdm_op_SpecLoopTripCount, i64 1, i64 2073600, i64 2073600" [../src/image_accel.cpp:55]   --->   Operation 40 'speclooptripcount' 'speclooptripcount_ln55' <Predicate = true> <Delay = 0.00>
ST_6 : Operation 41 [1/1] (0.00ns)   --->   "%specloopname_ln54 = specloopname void @_ssdm_op_SpecLoopName, void @empty_8" [../src/image_accel.cpp:54]   --->   Operation 41 'specloopname' 'specloopname_ln54' <Predicate = true> <Delay = 0.00>
ST_6 : Operation 42 [1/2] (0.64ns) (root node of the DSP)   --->   "%weighted_sum = add i16 %zext_ln39_2, i16 %mul_ln39_1" [../src/image_accel.cpp:39->../src/image_accel.cpp:58]   --->   Operation 42 'add' 'weighted_sum' <Predicate = true> <Delay = 0.64> <CoreInst = "DSP48">   --->   Core 124 'DSP48' <Latency = 3> <II = 1> <Delay = 0.53> <IPBlock> <Opcode : '' 'add' 'sub' 'mul' 'select'> <InPorts = 0> <OutPorts = 1> <Sync> <CReg>
ST_6 : Operation 43 [1/1] (0.00ns)   --->   "%trunc_ln = partselect i8 @_ssdm_op_PartSelect.i8.i16.i32.i32, i16 %weighted_sum, i32 8, i32 15" [../src/image_accel.cpp:43->../src/image_accel.cpp:58]   --->   Operation 43 'partselect' 'trunc_ln' <Predicate = true> <Delay = 0.00>
ST_6 : Operation 44 [1/1] (1.75ns)   --->   "%write_ln58 = write void @_ssdm_op_Write.ap_fifo.volatile.i8P0A, i8 %gray_stream, i8 %trunc_ln" [../src/image_accel.cpp:58]   --->   Operation 44 'write' 'write_ln58' <Predicate = true> <Delay = 1.75> <CoreInst = "FIFO_SRL">   --->   Core 80 'FIFO_SRL' <Latency = 0> <II = 1> <Delay = 2.16> <Storage> <Opcode : 'read' 'write' 'nbread' 'nbwrite'> <Ports = 0> <Width = 8> <Depth = 64> <FIFO>
ST_6 : Operation 45 [1/1] (0.00ns)   --->   "%br_ln54 = br void %for.inc" [../src/image_accel.cpp:54]   --->   Operation 45 'br' 'br_ln54' <Predicate = true> <Delay = 0.00>


============================================================
+ Verbose Summary: Binding
============================================================
STG Binding: 
---------------- STG Properties BEGIN ----------------
- Is combinational: 0
- Is one-state seq: 0
- Is datapath-only: 0
- Is pipelined: 0
- Is top level: 0
Port [ Return ] is wired: 1; IO mode=ap_ctrl_hs:ce=0
Port [ num_pixels_2]:  wired=1; compound=0; hidden=0; nouse=0; global=0; static=0; extern=0; dir=0; type=0; pingpong=0; private_global=0; IO mode=ap_none:ce=0
Port [ rgb_stream]:  wired=1; compound=1; hidden=0; nouse=0; global=0; static=0; extern=0; dir=0; type=3; pingpong=0; private_global=0; IO mode=ap_fifo:ce=0
Port [ gray_stream]:  wired=1; compound=1; hidden=0; nouse=0; global=0; static=0; extern=0; dir=1; type=3; pingpong=0; private_global=0; IO mode=ap_fifo:ce=0
---------------- STG Properties END ------------------

---------------- Datapath Model BEGIN ----------------

<LifeTime>
<method=bitvector/>
i                      (alloca           ) [ 0100000]
specinterface_ln0      (specinterface    ) [ 0000000]
specinterface_ln0      (specinterface    ) [ 0000000]
num_pixels_2_read      (read             ) [ 0000000]
store_ln54             (store            ) [ 0000000]
br_ln54                (br               ) [ 0000000]
i_3                    (load             ) [ 0000000]
icmp_ln54              (icmp             ) [ 0111110]
br_ln54                (br               ) [ 0000000]
i_2                    (add              ) [ 0000000]
store_ln54             (store            ) [ 0000000]
rgb_stream_read        (read             ) [ 0000000]
pixel_r                (trunc            ) [ 0101100]
pixel_g                (partselect       ) [ 0101000]
tmp                    (partselect       ) [ 0000000]
zext_ln39_3            (zext             ) [ 0101100]
zext_ln57              (zext             ) [ 0100110]
zext_ln39              (zext             ) [ 0000000]
mul_ln39               (mul              ) [ 0100010]
mul_ln39_2             (mul              ) [ 0000000]
zext_ln39_1            (zext             ) [ 0100010]
mul_ln39_1             (mul              ) [ 0100001]
add_ln39               (add              ) [ 0000000]
zext_ln39_2            (zext             ) [ 0100001]
specpipeline_ln56      (specpipeline     ) [ 0000000]
speclooptripcount_ln55 (speclooptripcount) [ 0000000]
specloopname_ln54      (specloopname     ) [ 0000000]
weighted_sum           (add              ) [ 0000000]
trunc_ln               (partselect       ) [ 0000000]
write_ln58             (write            ) [ 0000000]
br_ln54                (br               ) [ 0000000]
ret_ln0                (ret              ) [ 0000000]
</LifeTime>

<model>

<comp_list>
<comp id="0" class="1000" name="num_pixels_2">
<pin_list>
<pin id="1" dir="1" index="0" bw="1" slack="0"/>
</pin_list>
<bind>
<StgValue><ssdm name="num_pixels_2"/></StgValue>
</bind>
</comp>

<comp id="2" class="1000" name="rgb_stream">
<pin_list>
<pin id="3" dir="1" index="0" bw="1" slack="0"/>
</pin_list>
<bind>
<StgValue><ssdm name="rgb_stream"/></StgValue>
</bind>
</comp>

<comp id="4" class="1000" name="gray_stream">
<pin_list>
<pin id="5" dir="1" index="0" bw="1" slack="0"/>
</pin_list>
<bind>
<StgValue><ssdm name="gray_stream"/></StgValue>
</bind>
</comp>

<comp id="6" class="1001" name="const_6">
<pin_list>
<pin id="7" dir="1" index="0" bw="1" slack="0"/>
</pin_list>
<bind>
<StgValue><ssdm name=""/></StgValue>
</bind>
</comp>

<comp id="8" class="1001" name="const_8">
<pin_list>
<pin id="9" dir="1" index="0" bw="1" slack="2147483647"/>
</pin_list>
<bind>
<StgValue><ssdm name="_ssdm_op_SpecInterface"/></StgValue>
</bind>
</comp>

<comp id="10" class="1001" name="const_10">
<pin_list>
<pin id="11" dir="1" index="0" bw="1" slack="2147483647"/>
</pin_list>
<bind>
<StgValue><ssdm name="empty_7"/></StgValue>
</bind>
</comp>

<comp id="12" class="1001" name="const_12">
<pin_list>
<pin id="13" dir="1" index="0" bw="1" slack="0"/>
</pin_list>
<bind>
<StgValue><ssdm name=""/></StgValue>
</bind>
</comp>

<comp id="14" class="1001" name="const_14">
<pin_list>
<pin id="15" dir="1" index="0" bw="1" slack="2147483647"/>
</pin_list>
<bind>
<StgValue><ssdm name="empty_10"/></StgValue>
</bind>
</comp>

<comp id="16" class="1001" name="const_16">
<pin_list>
<pin id="17" dir="1" index="0" bw="1" slack="2147483647"/>
</pin_list>
<bind>
<StgValue><ssdm name=""/></StgValue>
</bind>
</comp>

<comp id="18" class="1001" name="const_18">
<pin_list>
<pin id="19" dir="1" index="0" bw="1" slack="0"/>
</pin_list>
<bind>
<StgValue><ssdm name="_ssdm_op_Read.ap_auto.i32"/></StgValue>
</bind>
</comp>

<comp id="20" class="1001" name="const_20">
<pin_list>
<pin id="21" dir="1" index="0" bw="1" slack="0"/>
</pin_list>
<bind>
<StgValue><ssdm name="_ssdm_op_Read.ap_fifo.volatile.i24P0A"/></StgValue>
</bind>
</comp>

<comp id="22" class="1001" name="const_22">
<pin_list>
<pin id="23" dir="1" index="0" bw="1" slack="0"/>
</pin_list>
<bind>
<StgValue><ssdm name="_ssdm_op_PartSelect.i8.i24.i32.i32"/></StgValue>
</bind>
</comp>

<comp id="24" class="1001" name="const_24">
<pin_list>
<pin id="25" dir="1" index="0" bw="1" slack="0"/>
</pin_list>
<bind>
<StgValue><ssdm name=""/></StgValue>
</bind>
</comp>

<comp id="26" class="1001" name="const_26">
<pin_list>
<pin id="27" dir="1" index="0" bw="1" slack="0"/>
</pin_list>
<bind>
<StgValue><ssdm name=""/></StgValue>
</bind>
</comp>

<comp id="28" class="1001" name="const_28">
<pin_list>
<pin id="29" dir="1" index="0" bw="1" slack="0"/>
</pin_list>
<bind>
<StgValue><ssdm name=""/></StgValue>
</bind>
</comp>

<comp id="30" class="1001" name="const_30">
<pin_list>
<pin id="31" dir="1" index="0" bw="1" slack="0"/>
</pin_list>
<bind>
<StgValue><ssdm name=""/></StgValue>
</bind>
</comp>

<comp id="32" class="1001" name="const_32">
<pin_list>
<pin id="33" dir="1" index="0" bw="1" slack="0"/>
</pin_list>
<bind>
<StgValue><ssdm name=""/></StgValue>
</bind>
</comp>

<comp id="34" class="1001" name="const_34">
<pin_list>
<pin id="35" dir="1" index="0" bw="1" slack="0"/>
</pin_list>
<bind>
<StgValue><ssdm name=""/></StgValue>
</bind>
</comp>

<comp id="36" class="1001" name="const_36">
<pin_list>
<pin id="37" dir="1" index="0" bw="1" slack="0"/>
</pin_list>
<bind>
<StgValue><ssdm name=""/></StgValue>
</bind>
</comp>

<comp id="38" class="1001" name="const_38">
<pin_list>
<pin id="39" dir="1" index="0" bw="1" slack="2147483647"/>
</pin_list>
<bind>
<StgValue><ssdm name="_ssdm_op_SpecPipeline"/></StgValue>
</bind>
</comp>

<comp id="40" class="1001" name="const_40">
<pin_list>
<pin id="41" dir="1" index="0" bw="1" slack="2147483647"/>
</pin_list>
<bind>
<StgValue><ssdm name="_ssdm_op_SpecLoopTripCount"/></StgValue>
</bind>
</comp>

<comp id="42" class="1001" name="const_42">
<pin_list>
<pin id="43" dir="1" index="0" bw="1" slack="2147483647"/>
</pin_list>
<bind>
<StgValue><ssdm name=""/></StgValue>
</bind>
</comp>

<comp id="44" class="1001" name="const_44">
<pin_list>
<pin id="45" dir="1" index="0" bw="1" slack="2147483647"/>
</pin_list>
<bind>
<StgValue><ssdm name=""/></StgValue>
</bind>
</comp>

<comp id="46" class="1001" name="const_46">
<pin_list>
<pin id="47" dir="1" index="0" bw="1" slack="2147483647"/>
</pin_list>
<bind>
<StgValue><ssdm name="_ssdm_op_SpecLoopName"/></StgValue>
</bind>
</comp>

<comp id="48" class="1001" name="const_48">
<pin_list>
<pin id="49" dir="1" index="0" bw="1" slack="2147483647"/>
</pin_list>
<bind>
<StgValue><ssdm name="empty_8"/></StgValue>
</bind>
</comp>

<comp id="50" class="1001" name="const_50">
<pin_list>
<pin id="51" dir="1" index="0" bw="1" slack="0"/>
</pin_list>
<bind>
<StgValue><ssdm name="_ssdm_op_PartSelect.i8.i16.i32.i32"/></StgValue>
</bind>
</comp>

<comp id="52" class="1001" name="const_52">
<pin_list>
<pin id="53" dir="1" index="0" bw="1" slack="0"/>
</pin_list>
<bind>
<StgValue><ssdm name="_ssdm_op_Write.ap_fifo.volatile.i8P0A"/></StgValue>
</bind>
</comp>

<comp id="54" class="1004" name="i_fu_54">
<pin_list>
<pin id="55" dir="0" index="0" bw="1" slack="0"/>
<pin id="56" dir="1" index="1" bw="32" slack="0"/>
</pin_list>
<bind>
<opcode="alloca(26) " fcode="alloca"/>
<opset="i/1 "/>
</bind>
</comp>

<comp id="58" class="1004" name="num_pixels_2_read_read_fu_58">
<pin_list>
<pin id="59" dir="0" index="0" bw="32" slack="0"/>
<pin id="60" dir="0" index="1" bw="32" slack="0"/>
<pin id="61" dir="1" index="2" bw="32" slack="0"/>
</pin_list>
<bind>
<opcode="read(1150) " fcode="read"/>
<opset="num_pixels_2_read/1 "/>
</bind>
</comp>

<comp id="64" class="1004" name="rgb_stream_read_read_fu_64">
<pin_list>
<pin id="65" dir="0" index="0" bw="24" slack="0"/>
<pin id="66" dir="0" index="1" bw="24" slack="0"/>
<pin id="67" dir="1" index="2" bw="24" slack="0"/>
</pin_list>
<bind>
<opcode="read(1150) " fcode="read"/>
<opset="rgb_stream_read/2 "/>
</bind>
</comp>

<comp id="70" class="1004" name="write_ln58_write_fu_70">
<pin_list>
<pin id="71" dir="0" index="0" bw="0" slack="0"/>
<pin id="72" dir="0" index="1" bw="8" slack="0"/>
<pin id="73" dir="0" index="2" bw="8" slack="0"/>
<pin id="74" dir="1" index="3" bw="0" slack="2147483647"/>
</pin_list>
<bind>
<opcode="write(1151) " fcode="write"/>
<opset="write_ln58/6 "/>
</bind>
</comp>

<comp id="77" class="1004" name="store_ln54_store_fu_77">
<pin_list>
<pin id="78" dir="0" index="0" bw="1" slack="0"/>
<pin id="79" dir="0" index="1" bw="32" slack="0"/>
<pin id="80" dir="1" index="2" bw="0" slack="2147483647"/>
</pin_list>
<bind>
<opcode="store(28) " fcode="store"/>
<opset="store_ln54/1 "/>
</bind>
</comp>

<comp id="82" class="1004" name="i_3_load_fu_82">
<pin_list>
<pin id="83" dir="0" index="0" bw="32" slack="0"/>
<pin id="84" dir="1" index="1" bw="32" slack="0"/>
</pin_list>
<bind>
<opcode="load(27) " fcode="load"/>
<opset="i_3/1 "/>
</bind>
</comp>

<comp id="85" class="1004" name="icmp_ln54_fu_85">
<pin_list>
<pin id="86" dir="0" index="0" bw="32" slack="0"/>
<pin id="87" dir="0" index="1" bw="32" slack="0"/>
<pin id="88" dir="1" index="2" bw="1" slack="4"/>
</pin_list>
<bind>
<opcode="icmp(45) " fcode="icmp"/>
<opset="icmp_ln54/1 "/>
</bind>
</comp>

<comp id="91" class="1004" name="i_2_fu_91">
<pin_list>
<pin id="92" dir="0" index="0" bw="32" slack="0"/>
<pin id="93" dir="0" index="1" bw="1" slack="0"/>
<pin id="94" dir="1" index="2" bw="32" slack="0"/>
</pin_list>
<bind>
<opcode="add(8) " fcode="add"/>
<opset="i_2/1 "/>
</bind>
</comp>

<comp id="97" class="1004" name="store_ln54_store_fu_97">
<pin_list>
<pin id="98" dir="0" index="0" bw="32" slack="0"/>
<pin id="99" dir="0" index="1" bw="32" slack="0"/>
<pin id="100" dir="1" index="2" bw="0" slack="2147483647"/>
</pin_list>
<bind>
<opcode="store(28) " fcode="store"/>
<opset="store_ln54/1 "/>
</bind>
</comp>

<comp id="102" class="1004" name="pixel_r_fu_102">
<pin_list>
<pin id="103" dir="0" index="0" bw="24" slack="0"/>
<pin id="104" dir="1" index="1" bw="8" slack="2"/>
</pin_list>
<bind>
<opcode="trunc(33) " fcode="trunc"/>
<opset="pixel_r/2 "/>
</bind>
</comp>

<comp id="106" class="1004" name="pixel_g_fu_106">
<pin_list>
<pin id="107" dir="0" index="0" bw="8" slack="0"/>
<pin id="108" dir="0" index="1" bw="24" slack="0"/>
<pin id="109" dir="0" index="2" bw="5" slack="0"/>
<pin id="110" dir="0" index="3" bw="5" slack="0"/>
<pin id="111" dir="1" index="4" bw="8" slack="1"/>
</pin_list>
<bind>
<opcode="partselect(1002) " fcode="partselect"/>
<opset="pixel_g/2 "/>
</bind>
</comp>

<comp id="116" class="1004" name="tmp_fu_116">
<pin_list>
<pin id="117" dir="0" index="0" bw="8" slack="0"/>
<pin id="118" dir="0" index="1" bw="24" slack="0"/>
<pin id="119" dir="0" index="2" bw="6" slack="0"/>
<pin id="120" dir="0" index="3" bw="6" slack="0"/>
<pin id="121" dir="1" index="4" bw="8" slack="0"/>
</pin_list>
<bind>
<opcode="partselect(1002) " fcode="partselect"/>
<opset="tmp/2 "/>
</bind>
</comp>

<comp id="126" class="1004" name="zext_ln39_3_fu_126">
<pin_list>
<pin id="127" dir="0" index="0" bw="8" slack="0"/>
<pin id="128" dir="1" index="1" bw="13" slack="0"/>
</pin_list>
<bind>
<opcode="zext(34) " fcode="zext"/>
<opset="zext_ln39_3/2 "/>
</bind>
</comp>

<comp id="130" class="1004" name="zext_ln57_fu_130">
<pin_list>
<pin id="131" dir="0" index="0" bw="8" slack="1"/>
<pin id="132" dir="1" index="1" bw="16" slack="0"/>
</pin_list>
<bind>
<opcode="zext(34) " fcode="zext"/>
<opset="zext_ln57/3 "/>
</bind>
</comp>

<comp id="133" class="1004" name="zext_ln39_fu_133">
<pin_list>
<pin id="134" dir="0" index="0" bw="8" slack="2"/>
<pin id="135" dir="1" index="1" bw="15" slack="0"/>
</pin_list>
<bind>
<opcode="zext(34) " fcode="zext"/>
<opset="zext_ln39/4 "/>
</bind>
</comp>

<comp id="136" class="1004" name="mul_ln39_fu_136">
<pin_list>
<pin id="137" dir="0" index="0" bw="8" slack="0"/>
<pin id="138" dir="0" index="1" bw="8" slack="0"/>
<pin id="139" dir="1" index="2" bw="15" slack="0"/>
</pin_list>
<bind>
<opcode="mul(12) " fcode="mul"/>
<opset="mul_ln39/4 "/>
</bind>
</comp>

<comp id="142" class="1004" name="zext_ln39_2_fu_142">
<pin_list>
<pin id="143" dir="0" index="0" bw="15" slack="0"/>
<pin id="144" dir="1" index="1" bw="16" slack="0"/>
</pin_list>
<bind>
<opcode="zext(34) " fcode="zext"/>
<opset="zext_ln39_2/5 "/>
</bind>
</comp>

<comp id="145" class="1004" name="trunc_ln_fu_145">
<pin_list>
<pin id="146" dir="0" index="0" bw="8" slack="0"/>
<pin id="147" dir="0" index="1" bw="16" slack="0"/>
<pin id="148" dir="0" index="2" bw="5" slack="0"/>
<pin id="149" dir="0" index="3" bw="5" slack="0"/>
<pin id="150" dir="1" index="4" bw="8" slack="0"/>
</pin_list>
<bind>
<opcode="partselect(1002) " fcode="partselect"/>
<opset="trunc_ln/6 "/>
</bind>
</comp>

<comp id="155" class="1007" name="grp_fu_155">
<pin_list>
<pin id="156" dir="0" index="0" bw="8" slack="0"/>
<pin id="157" dir="0" index="1" bw="5" slack="0"/>
<pin id="158" dir="0" index="2" bw="15" slack="0"/>
<pin id="159" dir="1" index="3" bw="15" slack="0"/>
</pin_list>
<bind>
<opcode="muladd(1172) " fcode="muladd"/>
<opset="mul_ln39_2/2 zext_ln39_1/4 add_ln39/4 "/>
</bind>
</comp>

<comp id="164" class="1007" name="grp_fu_164">
<pin_list>
<pin id="165" dir="0" index="0" bw="8" slack="0"/>
<pin id="166" dir="0" index="1" bw="8" slack="0"/>
<pin id="167" dir="0" index="2" bw="15" slack="0"/>
<pin id="168" dir="1" index="3" bw="16" slack="0"/>
</pin_list>
<bind>
<opcode="muladd(1172) " fcode="muladd"/>
<opset="mul_ln39_1/3 weighted_sum/5 "/>
</bind>
</comp>

<comp id="173" class="1005" name="i_reg_173">
<pin_list>
<pin id="174" dir="0" index="0" bw="32" slack="0"/>
<pin id="175" dir="1" index="1" bw="32" slack="0"/>
</pin_list>
<bind>
<opset="i "/>
</bind>
</comp>

<comp id="180" class="1005" name="icmp_ln54_reg_180">
<pin_list>
<pin id="181" dir="0" index="0" bw="1" slack="4"/>
<pin id="182" dir="1" index="1" bw="1" slack="2147483647"/>
</pin_list>
<bind>
<opset="icmp_ln54 "/>
</bind>
</comp>

<comp id="184" class="1005" name="pixel_r_reg_184">
<pin_list>
<pin id="185" dir="0" index="0" bw="8" slack="2"/>
<pin id="186" dir="1" index="1" bw="8" slack="2"/>
</pin_list>
<bind>
<opset="pixel_r "/>
</bind>
</comp>

<comp id="189" class="1005" name="pixel_g_reg_189">
<pin_list>
<pin id="190" dir="0" index="0" bw="8" slack="1"/>
<pin id="191" dir="1" index="1" bw="8" slack="1"/>
</pin_list>
<bind>
<opset="pixel_g "/>
</bind>
</comp>

<comp id="194" class="1005" name="zext_ln39_3_reg_194">
<pin_list>
<pin id="195" dir="0" index="0" bw="13" slack="1"/>
<pin id="196" dir="1" index="1" bw="13" slack="1"/>
</pin_list>
<bind>
<opset="zext_ln39_3 "/>
</bind>
</comp>

<comp id="199" class="1005" name="zext_ln57_reg_199">
<pin_list>
<pin id="200" dir="0" index="0" bw="16" slack="1"/>
<pin id="201" dir="1" index="1" bw="16" slack="1"/>
</pin_list>
<bind>
<opset="zext_ln57 "/>
</bind>
</comp>

<comp id="204" class="1005" name="mul_ln39_reg_204">
<pin_list>
<pin id="205" dir="0" index="0" bw="15" slack="1"/>
<pin id="206" dir="1" index="1" bw="15" slack="1"/>
</pin_list>
<bind>
<opset="mul_ln39 "/>
</bind>
</comp>

<comp id="209" class="1005" name="zext_ln39_2_reg_209">
<pin_list>
<pin id="210" dir="0" index="0" bw="16" slack="1"/>
<pin id="211" dir="1" index="1" bw="16" slack="1"/>
</pin_list>
<bind>
<opset="zext_ln39_2 "/>
</bind>
</comp>

</comp_list>

<net_list>
<net id="57"><net_src comp="6" pin="0"/><net_sink comp="54" pin=0"/></net>

<net id="62"><net_src comp="18" pin="0"/><net_sink comp="58" pin=0"/></net>

<net id="63"><net_src comp="0" pin="0"/><net_sink comp="58" pin=1"/></net>

<net id="68"><net_src comp="20" pin="0"/><net_sink comp="64" pin=0"/></net>

<net id="69"><net_src comp="2" pin="0"/><net_sink comp="64" pin=1"/></net>

<net id="75"><net_src comp="52" pin="0"/><net_sink comp="70" pin=0"/></net>

<net id="76"><net_src comp="4" pin="0"/><net_sink comp="70" pin=1"/></net>

<net id="81"><net_src comp="12" pin="0"/><net_sink comp="77" pin=0"/></net>

<net id="89"><net_src comp="82" pin="1"/><net_sink comp="85" pin=0"/></net>

<net id="90"><net_src comp="58" pin="2"/><net_sink comp="85" pin=1"/></net>

<net id="95"><net_src comp="82" pin="1"/><net_sink comp="91" pin=0"/></net>

<net id="96"><net_src comp="6" pin="0"/><net_sink comp="91" pin=1"/></net>

<net id="101"><net_src comp="91" pin="2"/><net_sink comp="97" pin=0"/></net>

<net id="105"><net_src comp="64" pin="2"/><net_sink comp="102" pin=0"/></net>

<net id="112"><net_src comp="22" pin="0"/><net_sink comp="106" pin=0"/></net>

<net id="113"><net_src comp="64" pin="2"/><net_sink comp="106" pin=1"/></net>

<net id="114"><net_src comp="24" pin="0"/><net_sink comp="106" pin=2"/></net>

<net id="115"><net_src comp="26" pin="0"/><net_sink comp="106" pin=3"/></net>

<net id="122"><net_src comp="22" pin="0"/><net_sink comp="116" pin=0"/></net>

<net id="123"><net_src comp="64" pin="2"/><net_sink comp="116" pin=1"/></net>

<net id="124"><net_src comp="28" pin="0"/><net_sink comp="116" pin=2"/></net>

<net id="125"><net_src comp="30" pin="0"/><net_sink comp="116" pin=3"/></net>

<net id="129"><net_src comp="116" pin="4"/><net_sink comp="126" pin=0"/></net>

<net id="140"><net_src comp="133" pin="1"/><net_sink comp="136" pin=0"/></net>

<net id="141"><net_src comp="36" pin="0"/><net_sink comp="136" pin=1"/></net>

<net id="151"><net_src comp="50" pin="0"/><net_sink comp="145" pin=0"/></net>

<net id="152"><net_src comp="24" pin="0"/><net_sink comp="145" pin=2"/></net>

<net id="153"><net_src comp="26" pin="0"/><net_sink comp="145" pin=3"/></net>

<net id="154"><net_src comp="145" pin="4"/><net_sink comp="70" pin=2"/></net>

<net id="160"><net_src comp="126" pin="1"/><net_sink comp="155" pin=0"/></net>

<net id="161"><net_src comp="32" pin="0"/><net_sink comp="155" pin=1"/></net>

<net id="162"><net_src comp="136" pin="2"/><net_sink comp="155" pin=2"/></net>

<net id="163"><net_src comp="155" pin="3"/><net_sink comp="142" pin=0"/></net>

<net id="169"><net_src comp="130" pin="1"/><net_sink comp="164" pin=0"/></net>

<net id="170"><net_src comp="34" pin="0"/><net_sink comp="164" pin=1"/></net>

<net id="171"><net_src comp="142" pin="1"/><net_sink comp="164" pin=2"/></net>

<net id="172"><net_src comp="164" pin="3"/><net_sink comp="145" pin=1"/></net>

<net id="176"><net_src comp="54" pin="1"/><net_sink comp="173" pin=0"/></net>

<net id="177"><net_src comp="173" pin="1"/><net_sink comp="77" pin=1"/></net>

<net id="178"><net_src comp="173" pin="1"/><net_sink comp="82" pin=0"/></net>

<net id="179"><net_src comp="173" pin="1"/><net_sink comp="97" pin=1"/></net>

<net id="183"><net_src comp="85" pin="2"/><net_sink comp="180" pin=0"/></net>

<net id="187"><net_src comp="102" pin="1"/><net_sink comp="184" pin=0"/></net>

<net id="188"><net_src comp="184" pin="1"/><net_sink comp="133" pin=0"/></net>

<net id="192"><net_src comp="106" pin="4"/><net_sink comp="189" pin=0"/></net>

<net id="193"><net_src comp="189" pin="1"/><net_sink comp="130" pin=0"/></net>

<net id="197"><net_src comp="126" pin="1"/><net_sink comp="194" pin=0"/></net>

<net id="198"><net_src comp="194" pin="1"/><net_sink comp="155" pin=0"/></net>

<net id="202"><net_src comp="130" pin="1"/><net_sink comp="199" pin=0"/></net>

<net id="203"><net_src comp="199" pin="1"/><net_sink comp="164" pin=0"/></net>

<net id="207"><net_src comp="136" pin="2"/><net_sink comp="204" pin=0"/></net>

<net id="208"><net_src comp="204" pin="1"/><net_sink comp="155" pin=0"/></net>

<net id="212"><net_src comp="142" pin="1"/><net_sink comp="209" pin=0"/></net>

<net id="213"><net_src comp="209" pin="1"/><net_sink comp="164" pin=0"/></net>

</net_list>

</model> 
---------------- Datapath Model END ------------------

* FSMD analyzer results:
  - Output states:
	Port: rgb_stream | {}
	Port: gray_stream | {6 }
 - Input state : 
	Port: (anonymous namespace)rgb_to_gray_Pipeline_process_loop : num_pixels_2 | {1 }
	Port: (anonymous namespace)rgb_to_gray_Pipeline_process_loop : rgb_stream | {2 }
	Port: (anonymous namespace)rgb_to_gray_Pipeline_process_loop : gray_stream | {}
  - Chain level:
	State 1
		store_ln54 : 1
		i_3 : 1
		icmp_ln54 : 2
		br_ln54 : 3
		i_2 : 2
		store_ln54 : 3
	State 2
		zext_ln39_3 : 1
		mul_ln39_2 : 2
	State 3
		mul_ln39_1 : 1
	State 4
		mul_ln39 : 1
		zext_ln39_1 : 1
		add_ln39 : 2
	State 5
		zext_ln39_2 : 1
		weighted_sum : 2
	State 6
		trunc_ln : 1
		write_ln58 : 2


============================================================
+ Verbose Summary: Datapath Resource usage 
============================================================

* Functional unit list:
|----------|------------------------------|---------|---------|---------|
| Operation|        Functional Unit       |   DSP   |    FF   |   LUT   |
|----------|------------------------------|---------|---------|---------|
|    mul   |        mul_ln39_fu_136       |    0    |    0    |    40   |
|----------|------------------------------|---------|---------|---------|
|   icmp   |        icmp_ln54_fu_85       |    0    |    0    |    39   |
|----------|------------------------------|---------|---------|---------|
|    add   |           i_2_fu_91          |    0    |    0    |    39   |
|----------|------------------------------|---------|---------|---------|
|  muladd  |          grp_fu_155          |    1    |    0    |    0    |
|          |          grp_fu_164          |    1    |    0    |    0    |
|----------|------------------------------|---------|---------|---------|
|   read   | num_pixels_2_read_read_fu_58 |    0    |    0    |    0    |
|          |  rgb_stream_read_read_fu_64  |    0    |    0    |    0    |
|----------|------------------------------|---------|---------|---------|
|   write  |    write_ln58_write_fu_70    |    0    |    0    |    0    |
|----------|------------------------------|---------|---------|---------|
|   trunc  |        pixel_r_fu_102        |    0    |    0    |    0    |
|----------|------------------------------|---------|---------|---------|
|          |        pixel_g_fu_106        |    0    |    0    |    0    |
|partselect|          tmp_fu_116          |    0    |    0    |    0    |
|          |        trunc_ln_fu_145       |    0    |    0    |    0    |
|----------|------------------------------|---------|---------|---------|
|          |      zext_ln39_3_fu_126      |    0    |    0    |    0    |
|   zext   |       zext_ln57_fu_130       |    0    |    0    |    0    |
|          |       zext_ln39_fu_133       |    0    |    0    |    0    |
|          |      zext_ln39_2_fu_142      |    0    |    0    |    0    |
|----------|------------------------------|---------|---------|---------|
|   Total  |                              |    2    |    0    |   118   |
|----------|------------------------------|---------|---------|---------|

Memories:
N/A

* Register list:
+-------------------+--------+
|                   |   FF   |
+-------------------+--------+
|     i_reg_173     |   32   |
| icmp_ln54_reg_180 |    1   |
|  mul_ln39_reg_204 |   15   |
|  pixel_g_reg_189  |    8   |
|  pixel_r_reg_184  |    8   |
|zext_ln39_2_reg_209|   16   |
|zext_ln39_3_reg_194|   13   |
| zext_ln57_reg_199 |   16   |
+-------------------+--------+
|       Total       |   109  |
+-------------------+--------+

* Multiplexer (MUX) list: 
|------------|------|------|------|--------||---------||---------||---------|
|    Comp    |  Pin | Size |  BW  | S x BW ||  Delay  ||    FF   ||   LUT   |
|------------|------|------|------|--------||---------||---------||---------|
| grp_fu_155 |  p0  |   3  |   8  |   24   ||    0    ||    14   |
| grp_fu_164 |  p0  |   3  |   8  |   24   ||    0    ||    14   |
|------------|------|------|------|--------||---------||---------||---------|
|    Total   |      |      |      |   48   ||  0.952  ||    0    ||    28   |
|------------|------|------|------|--------||---------||---------||---------|



* Summary:
+-----------+--------+--------+--------+--------+
|           |   DSP  |  Delay |   FF   |   LUT  |
+-----------+--------+--------+--------+--------+
|  Function |    2   |    -   |    0   |   118  |
|   Memory  |    -   |    -   |    -   |    -   |
|Multiplexer|    -   |    0   |    0   |   28   |
|  Register |    -   |    -   |   109  |    -   |
+-----------+--------+--------+--------+--------+
|   Total   |    2   |    0   |   109  |   146  |
+-----------+--------+--------+--------+--------+
