

================================================================
== Vitis HLS Report for 'p_anonymous_namespace_read_input_Pipeline_read_loop'
================================================================
* Date:           Sat Jul 11 19:11:15 2026

* Version:        2024.1 (Build 5069499 on May 21 2024)
* Project:        image_accel
* Solution:       hls (Vivado IP Flow Target)
* Product family: zynquplus
* Target device:  xck26-sfvc784-2LV-c


================================================================
== Performance Estimates
================================================================
+ Timing: 
    * Summary: 
    +--------+---------+----------+------------+
    |  Clock |  Target | Estimated| Uncertainty|
    +--------+---------+----------+------------+
    |ap_clk  |  4.00 ns|  3.500 ns|     0.50 ns|
    +--------+---------+----------+------------+

+ Latency: 
    * Summary: 
    +---------+---------+-----------+-----------+-----+---------+-----------------------------------------------+
    |  Latency (cycles) |   Latency (absolute)  |    Interval   |                    Pipeline                   |
    |   min   |   max   |    min    |    max    | min |   max   |                      Type                     |
    +---------+---------+-----------+-----------+-----+---------+-----------------------------------------------+
    |       14|  6220811|  56.000 ns|  24.883 ms|    6|  6220803|  loop auto-rewind stp(delay=0 clock cycles(s))|
    +---------+---------+-----------+-----------+-----+---------+-----------------------------------------------+

    + Detail: 
        * Instance: 
        N/A

        * Loop: 
        +-------------+---------+---------+----------+-----------+-----------+-------------+----------+
        |             |  Latency (cycles) | Iteration|  Initiation Interval  |     Trip    |          |
        |  Loop Name  |   min   |   max   |  Latency |  achieved |   target  |    Count    | Pipelined|
        +-------------+---------+---------+----------+-----------+-----------+-------------+----------+
        |- read_loop  |       12|  6220809|        13|          3|          1|  1 ~ 2073600|       yes|
        +-------------+---------+---------+----------+-----------+-----------+-------------+----------+

============================================================
+ Verbose Summary: Synthesis Manager
============================================================
InlineROM: 1
ExposeGlobal: 0
============================================================
+ Verbose Summary: CDFG Model
============================================================
IsTopModel: 0
ResetActiveHigh: 1
IsCombinational: 0
IsDatapathOnly: 0
HasWiredReturn: 1
HasMFsm: 2
HasVarLatency: 1
IsPipeline: 0
IsRtlPipelined: 0
IsInstanceOverlapped: 0
IsDontTouch: 0
HasImplIP: 0
IsGatedGlobalClock: 0

+ Individual pipeline summary: 
  * Pipeline-0: initiation interval (II) = 3, depth = 13


============================================================
+ Verbose Summary: Schedule
============================================================
* Number of FSM states : 13
* Pipeline : 1
  Pipeline-0 : II = 3, D = 13, States = { 1 2 3 4 5 6 7 8 9 10 11 12 13 }
* Dataflow Pipeline: 0

* FSM state transitions: 
1 --> 2 
2 --> 3 
3 --> 4 
4 --> 5 
5 --> 6 
6 --> 7 
7 --> 8 
8 --> 9 
9 --> 10 
10 --> 11 
11 --> 12 
12 --> 13 
13 --> 

* FSM state operations: 

State 1 <SV = 0> <Delay = 2.52>
ST_1 : Operation 16 [1/1] (0.00ns)   --->   "%i = alloca i32 1" [../src/image_accel.cpp:18]   --->   Operation 16 'alloca' 'i' <Predicate = true> <Delay = 0.00>
ST_1 : Operation 17 [1/1] (0.00ns)   --->   "%specinterface_ln0 = specinterface void @_ssdm_op_SpecInterface, i8 %gmem0, void @empty_2, i32 0, i32 0, void @empty_10, i32 0, i32 6220800, void @empty_3, void @empty_11, void @empty_10, i32 16, i32 16, i32 64, i32 16, void @empty_10, void @empty_10, i32 4294967295, i32 0, i32 0"   --->   Operation 17 'specinterface' 'specinterface_ln0' <Predicate = true> <Delay = 0.00>
ST_1 : Operation 18 [1/1] (0.00ns)   --->   "%specinterface_ln0 = specinterface void @_ssdm_op_SpecInterface, i24 %rgb_stream, void @empty_7, i32 0, i32 0, void @empty_10, i32 0, i32 0, void @empty_10, void @empty_10, void @empty_10, i32 0, i32 0, i32 0, i32 0, void @empty_10, void @empty_10, i32 4294967295, i32 0, i32 0"   --->   Operation 18 'specinterface' 'specinterface_ln0' <Predicate = true> <Delay = 0.00>
ST_1 : Operation 19 [1/1] (0.00ns)   --->   "%input_rgb_read = read i64 @_ssdm_op_Read.ap_auto.i64, i64 %input_rgb" [../src/image_accel.cpp:12]   --->   Operation 19 'read' 'input_rgb_read' <Predicate = true> <Delay = 0.00>
ST_1 : Operation 20 [1/1] (0.00ns)   --->   "%num_pixels_read = read i32 @_ssdm_op_Read.ap_auto.i32, i32 %num_pixels" [../src/image_accel.cpp:12]   --->   Operation 20 'read' 'num_pixels_read' <Predicate = true> <Delay = 0.00>
ST_1 : Operation 21 [1/1] (0.42ns)   --->   "%store_ln18 = store i32 0, i32 %i" [../src/image_accel.cpp:18]   --->   Operation 21 'store' 'store_ln18' <Predicate = true> <Delay = 0.42>
ST_1 : Operation 22 [1/1] (0.00ns)   --->   "%br_ln0 = br void %for.inc"   --->   Operation 22 'br' 'br_ln0' <Predicate = true> <Delay = 0.00>
ST_1 : Operation 23 [1/1] (0.00ns)   --->   "%i_4 = load i32 %i" [../src/image_accel.cpp:22]   --->   Operation 23 'load' 'i_4' <Predicate = true> <Delay = 0.00>
ST_1 : Operation 24 [1/1] (1.01ns)   --->   "%icmp_ln18 = icmp_eq  i32 %i_4, i32 %num_pixels_read" [../src/image_accel.cpp:18]   --->   Operation 24 'icmp' 'icmp_ln18' <Predicate = true> <Delay = 1.01> <CoreInst = "Cmp">   --->   Core 9 'Cmp' <Latency = 0> <II = 1> <Delay = 1.01> <FuncUnit> <Opcode : 'seteq' 'setne' 'setle' 'setge' 'setlt' 'setgt'> <InPorts = 2> <OutPorts = 1>
ST_1 : Operation 25 [1/1] (0.00ns)   --->   "%br_ln18 = br i1 %icmp_ln18, void %for.inc.split, void %for.end.loopexit.exitStub" [../src/image_accel.cpp:18]   --->   Operation 25 'br' 'br_ln18' <Predicate = true> <Delay = 0.00>
ST_1 : Operation 26 [1/1] (1.01ns)   --->   "%add_ln18 = add i32 %i_4, i32 1" [../src/image_accel.cpp:18]   --->   Operation 26 'add' 'add_ln18' <Predicate = (!icmp_ln18)> <Delay = 1.01> <CoreInst = "Adder">   --->   Core 1 'Adder' <Latency = 0> <II = 1> <Delay = 1.01> <FuncUnit> <Opcode : 'add' 'sub'> <InPorts = 2> <OutPorts = 1>
ST_1 : Operation 27 [1/1] (0.00ns) (grouped into LUT with out node base)   --->   "%shl_ln22 = shl i32 %i_4, i32 2" [../src/image_accel.cpp:22]   --->   Operation 27 'shl' 'shl_ln22' <Predicate = (!icmp_ln18)> <Delay = 0.00>
ST_1 : Operation 28 [1/1] (1.01ns) (out node of the LUT)   --->   "%base = sub i32 %shl_ln22, i32 %i_4" [../src/image_accel.cpp:22]   --->   Operation 28 'sub' 'base' <Predicate = (!icmp_ln18)> <Delay = 1.01> <CoreInst = "Adder">   --->   Core 1 'Adder' <Latency = 0> <II = 1> <Delay = 1.01> <FuncUnit> <Opcode : 'add' 'sub'> <InPorts = 2> <OutPorts = 1>
ST_1 : Operation 29 [1/1] (0.00ns)   --->   "%zext_ln25 = zext i32 %base" [../src/image_accel.cpp:25]   --->   Operation 29 'zext' 'zext_ln25' <Predicate = (!icmp_ln18)> <Delay = 0.00>
ST_1 : Operation 30 [1/1] (1.08ns)   --->   "%add_ln25 = add i64 %zext_ln25, i64 %input_rgb_read" [../src/image_accel.cpp:25]   --->   Operation 30 'add' 'add_ln25' <Predicate = (!icmp_ln18)> <Delay = 1.08> <CoreInst = "Adder">   --->   Core 1 'Adder' <Latency = 0> <II = 1> <Delay = 1.08> <FuncUnit> <Opcode : 'add' 'sub'> <InPorts = 2> <OutPorts = 1>
ST_1 : Operation 31 [1/1] (0.00ns)   --->   "%gmem0_addr = getelementptr i8 %gmem0, i64 %add_ln25" [../src/image_accel.cpp:25]   --->   Operation 31 'getelementptr' 'gmem0_addr' <Predicate = (!icmp_ln18)> <Delay = 0.00>
ST_1 : Operation 32 [1/1] (0.42ns)   --->   "%store_ln18 = store i32 %add_ln18, i32 %i" [../src/image_accel.cpp:18]   --->   Operation 32 'store' 'store_ln18' <Predicate = (!icmp_ln18)> <Delay = 0.42>

State 2 <SV = 1> <Delay = 3.50>
ST_2 : Operation 33 [8/8] (3.50ns)   --->   "%pixel_r_req = readreq i1 @_ssdm_op_ReadReq.m_axi.i8P1A, i8 %gmem0_addr, i64 1" [../src/image_accel.cpp:25]   --->   Operation 33 'readreq' 'pixel_r_req' <Predicate = (!icmp_ln18)> <Delay = 3.50> <CoreInst = "m_axi">   --->   Core 119 'm_axi' <Latency = 0> <II = 1> <Delay = 1.00> <Adapter> <Opcode : 'read' 'write' 'readreq' 'writereq' 'writeresp'>
ST_2 : Operation 34 [1/1] (1.01ns)   --->   "%add_ln26 = add i32 %base, i32 1" [../src/image_accel.cpp:26]   --->   Operation 34 'add' 'add_ln26' <Predicate = (!icmp_ln18)> <Delay = 1.01> <CoreInst = "Adder">   --->   Core 1 'Adder' <Latency = 0> <II = 1> <Delay = 1.01> <FuncUnit> <Opcode : 'add' 'sub'> <InPorts = 2> <OutPorts = 1>
ST_2 : Operation 35 [1/1] (0.00ns)   --->   "%zext_ln26 = zext i32 %add_ln26" [../src/image_accel.cpp:26]   --->   Operation 35 'zext' 'zext_ln26' <Predicate = (!icmp_ln18)> <Delay = 0.00>
ST_2 : Operation 36 [1/1] (1.08ns)   --->   "%add_ln26_1 = add i64 %zext_ln26, i64 %input_rgb_read" [../src/image_accel.cpp:26]   --->   Operation 36 'add' 'add_ln26_1' <Predicate = (!icmp_ln18)> <Delay = 1.08> <CoreInst = "Adder">   --->   Core 1 'Adder' <Latency = 0> <II = 1> <Delay = 1.08> <FuncUnit> <Opcode : 'add' 'sub'> <InPorts = 2> <OutPorts = 1>
ST_2 : Operation 37 [1/1] (0.00ns)   --->   "%gmem0_addr_1 = getelementptr i8 %gmem0, i64 %add_ln26_1" [../src/image_accel.cpp:26]   --->   Operation 37 'getelementptr' 'gmem0_addr_1' <Predicate = (!icmp_ln18)> <Delay = 0.00>
ST_2 : Operation 38 [1/1] (1.01ns)   --->   "%add_ln27 = add i32 %base, i32 2" [../src/image_accel.cpp:27]   --->   Operation 38 'add' 'add_ln27' <Predicate = (!icmp_ln18)> <Delay = 1.01> <CoreInst = "Adder">   --->   Core 1 'Adder' <Latency = 0> <II = 1> <Delay = 1.01> <FuncUnit> <Opcode : 'add' 'sub'> <InPorts = 2> <OutPorts = 1>
ST_2 : Operation 39 [1/1] (0.00ns)   --->   "%zext_ln27 = zext i32 %add_ln27" [../src/image_accel.cpp:27]   --->   Operation 39 'zext' 'zext_ln27' <Predicate = (!icmp_ln18)> <Delay = 0.00>
ST_2 : Operation 40 [1/1] (1.08ns)   --->   "%add_ln27_1 = add i64 %zext_ln27, i64 %input_rgb_read" [../src/image_accel.cpp:27]   --->   Operation 40 'add' 'add_ln27_1' <Predicate = (!icmp_ln18)> <Delay = 1.08> <CoreInst = "Adder">   --->   Core 1 'Adder' <Latency = 0> <II = 1> <Delay = 1.08> <FuncUnit> <Opcode : 'add' 'sub'> <InPorts = 2> <OutPorts = 1>
ST_2 : Operation 41 [1/1] (0.00ns)   --->   "%gmem0_addr_2 = getelementptr i8 %gmem0, i64 %add_ln27_1" [../src/image_accel.cpp:27]   --->   Operation 41 'getelementptr' 'gmem0_addr_2' <Predicate = (!icmp_ln18)> <Delay = 0.00>

State 3 <SV = 2> <Delay = 3.50>
ST_3 : Operation 42 [7/8] (3.50ns)   --->   "%pixel_r_req = readreq i1 @_ssdm_op_ReadReq.m_axi.i8P1A, i8 %gmem0_addr, i64 1" [../src/image_accel.cpp:25]   --->   Operation 42 'readreq' 'pixel_r_req' <Predicate = (!icmp_ln18)> <Delay = 3.50> <CoreInst = "m_axi">   --->   Core 119 'm_axi' <Latency = 0> <II = 1> <Delay = 1.00> <Adapter> <Opcode : 'read' 'write' 'readreq' 'writereq' 'writeresp'>
ST_3 : Operation 43 [8/8] (3.50ns)   --->   "%pixel_g_req = readreq i1 @_ssdm_op_ReadReq.m_axi.i8P1A, i8 %gmem0_addr_1, i64 1" [../src/image_accel.cpp:26]   --->   Operation 43 'readreq' 'pixel_g_req' <Predicate = (!icmp_ln18)> <Delay = 3.50> <CoreInst = "m_axi">   --->   Core 119 'm_axi' <Latency = 0> <II = 1> <Delay = 1.00> <Adapter> <Opcode : 'read' 'write' 'readreq' 'writereq' 'writeresp'>

State 4 <SV = 3> <Delay = 3.50>
ST_4 : Operation 44 [6/8] (3.50ns)   --->   "%pixel_r_req = readreq i1 @_ssdm_op_ReadReq.m_axi.i8P1A, i8 %gmem0_addr, i64 1" [../src/image_accel.cpp:25]   --->   Operation 44 'readreq' 'pixel_r_req' <Predicate = true> <Delay = 3.50> <CoreInst = "m_axi">   --->   Core 119 'm_axi' <Latency = 0> <II = 1> <Delay = 1.00> <Adapter> <Opcode : 'read' 'write' 'readreq' 'writereq' 'writeresp'>
ST_4 : Operation 45 [7/8] (3.50ns)   --->   "%pixel_g_req = readreq i1 @_ssdm_op_ReadReq.m_axi.i8P1A, i8 %gmem0_addr_1, i64 1" [../src/image_accel.cpp:26]   --->   Operation 45 'readreq' 'pixel_g_req' <Predicate = true> <Delay = 3.50> <CoreInst = "m_axi">   --->   Core 119 'm_axi' <Latency = 0> <II = 1> <Delay = 1.00> <Adapter> <Opcode : 'read' 'write' 'readreq' 'writereq' 'writeresp'>
ST_4 : Operation 46 [8/8] (3.50ns)   --->   "%pixel_b_req = readreq i1 @_ssdm_op_ReadReq.m_axi.i8P1A, i8 %gmem0_addr_2, i64 1" [../src/image_accel.cpp:27]   --->   Operation 46 'readreq' 'pixel_b_req' <Predicate = true> <Delay = 3.50> <CoreInst = "m_axi">   --->   Core 119 'm_axi' <Latency = 0> <II = 1> <Delay = 1.00> <Adapter> <Opcode : 'read' 'write' 'readreq' 'writereq' 'writeresp'>

State 5 <SV = 4> <Delay = 3.50>
ST_5 : Operation 47 [5/8] (3.50ns)   --->   "%pixel_r_req = readreq i1 @_ssdm_op_ReadReq.m_axi.i8P1A, i8 %gmem0_addr, i64 1" [../src/image_accel.cpp:25]   --->   Operation 47 'readreq' 'pixel_r_req' <Predicate = true> <Delay = 3.50> <CoreInst = "m_axi">   --->   Core 119 'm_axi' <Latency = 0> <II = 1> <Delay = 1.00> <Adapter> <Opcode : 'read' 'write' 'readreq' 'writereq' 'writeresp'>
ST_5 : Operation 48 [6/8] (3.50ns)   --->   "%pixel_g_req = readreq i1 @_ssdm_op_ReadReq.m_axi.i8P1A, i8 %gmem0_addr_1, i64 1" [../src/image_accel.cpp:26]   --->   Operation 48 'readreq' 'pixel_g_req' <Predicate = true> <Delay = 3.50> <CoreInst = "m_axi">   --->   Core 119 'm_axi' <Latency = 0> <II = 1> <Delay = 1.00> <Adapter> <Opcode : 'read' 'write' 'readreq' 'writereq' 'writeresp'>
ST_5 : Operation 49 [7/8] (3.50ns)   --->   "%pixel_b_req = readreq i1 @_ssdm_op_ReadReq.m_axi.i8P1A, i8 %gmem0_addr_2, i64 1" [../src/image_accel.cpp:27]   --->   Operation 49 'readreq' 'pixel_b_req' <Predicate = true> <Delay = 3.50> <CoreInst = "m_axi">   --->   Core 119 'm_axi' <Latency = 0> <II = 1> <Delay = 1.00> <Adapter> <Opcode : 'read' 'write' 'readreq' 'writereq' 'writeresp'>

State 6 <SV = 5> <Delay = 3.50>
ST_6 : Operation 50 [4/8] (3.50ns)   --->   "%pixel_r_req = readreq i1 @_ssdm_op_ReadReq.m_axi.i8P1A, i8 %gmem0_addr, i64 1" [../src/image_accel.cpp:25]   --->   Operation 50 'readreq' 'pixel_r_req' <Predicate = true> <Delay = 3.50> <CoreInst = "m_axi">   --->   Core 119 'm_axi' <Latency = 0> <II = 1> <Delay = 1.00> <Adapter> <Opcode : 'read' 'write' 'readreq' 'writereq' 'writeresp'>
ST_6 : Operation 51 [5/8] (3.50ns)   --->   "%pixel_g_req = readreq i1 @_ssdm_op_ReadReq.m_axi.i8P1A, i8 %gmem0_addr_1, i64 1" [../src/image_accel.cpp:26]   --->   Operation 51 'readreq' 'pixel_g_req' <Predicate = true> <Delay = 3.50> <CoreInst = "m_axi">   --->   Core 119 'm_axi' <Latency = 0> <II = 1> <Delay = 1.00> <Adapter> <Opcode : 'read' 'write' 'readreq' 'writereq' 'writeresp'>
ST_6 : Operation 52 [6/8] (3.50ns)   --->   "%pixel_b_req = readreq i1 @_ssdm_op_ReadReq.m_axi.i8P1A, i8 %gmem0_addr_2, i64 1" [../src/image_accel.cpp:27]   --->   Operation 52 'readreq' 'pixel_b_req' <Predicate = true> <Delay = 3.50> <CoreInst = "m_axi">   --->   Core 119 'm_axi' <Latency = 0> <II = 1> <Delay = 1.00> <Adapter> <Opcode : 'read' 'write' 'readreq' 'writereq' 'writeresp'>

State 7 <SV = 6> <Delay = 3.50>
ST_7 : Operation 53 [3/8] (3.50ns)   --->   "%pixel_r_req = readreq i1 @_ssdm_op_ReadReq.m_axi.i8P1A, i8 %gmem0_addr, i64 1" [../src/image_accel.cpp:25]   --->   Operation 53 'readreq' 'pixel_r_req' <Predicate = true> <Delay = 3.50> <CoreInst = "m_axi">   --->   Core 119 'm_axi' <Latency = 0> <II = 1> <Delay = 1.00> <Adapter> <Opcode : 'read' 'write' 'readreq' 'writereq' 'writeresp'>
ST_7 : Operation 54 [4/8] (3.50ns)   --->   "%pixel_g_req = readreq i1 @_ssdm_op_ReadReq.m_axi.i8P1A, i8 %gmem0_addr_1, i64 1" [../src/image_accel.cpp:26]   --->   Operation 54 'readreq' 'pixel_g_req' <Predicate = true> <Delay = 3.50> <CoreInst = "m_axi">   --->   Core 119 'm_axi' <Latency = 0> <II = 1> <Delay = 1.00> <Adapter> <Opcode : 'read' 'write' 'readreq' 'writereq' 'writeresp'>
ST_7 : Operation 55 [5/8] (3.50ns)   --->   "%pixel_b_req = readreq i1 @_ssdm_op_ReadReq.m_axi.i8P1A, i8 %gmem0_addr_2, i64 1" [../src/image_accel.cpp:27]   --->   Operation 55 'readreq' 'pixel_b_req' <Predicate = true> <Delay = 3.50> <CoreInst = "m_axi">   --->   Core 119 'm_axi' <Latency = 0> <II = 1> <Delay = 1.00> <Adapter> <Opcode : 'read' 'write' 'readreq' 'writereq' 'writeresp'>

State 8 <SV = 7> <Delay = 3.50>
ST_8 : Operation 56 [2/8] (3.50ns)   --->   "%pixel_r_req = readreq i1 @_ssdm_op_ReadReq.m_axi.i8P1A, i8 %gmem0_addr, i64 1" [../src/image_accel.cpp:25]   --->   Operation 56 'readreq' 'pixel_r_req' <Predicate = true> <Delay = 3.50> <CoreInst = "m_axi">   --->   Core 119 'm_axi' <Latency = 0> <II = 1> <Delay = 1.00> <Adapter> <Opcode : 'read' 'write' 'readreq' 'writereq' 'writeresp'>
ST_8 : Operation 57 [3/8] (3.50ns)   --->   "%pixel_g_req = readreq i1 @_ssdm_op_ReadReq.m_axi.i8P1A, i8 %gmem0_addr_1, i64 1" [../src/image_accel.cpp:26]   --->   Operation 57 'readreq' 'pixel_g_req' <Predicate = true> <Delay = 3.50> <CoreInst = "m_axi">   --->   Core 119 'm_axi' <Latency = 0> <II = 1> <Delay = 1.00> <Adapter> <Opcode : 'read' 'write' 'readreq' 'writereq' 'writeresp'>
ST_8 : Operation 58 [4/8] (3.50ns)   --->   "%pixel_b_req = readreq i1 @_ssdm_op_ReadReq.m_axi.i8P1A, i8 %gmem0_addr_2, i64 1" [../src/image_accel.cpp:27]   --->   Operation 58 'readreq' 'pixel_b_req' <Predicate = true> <Delay = 3.50> <CoreInst = "m_axi">   --->   Core 119 'm_axi' <Latency = 0> <II = 1> <Delay = 1.00> <Adapter> <Opcode : 'read' 'write' 'readreq' 'writereq' 'writeresp'>

State 9 <SV = 8> <Delay = 3.50>
ST_9 : Operation 59 [1/8] (3.50ns)   --->   "%pixel_r_req = readreq i1 @_ssdm_op_ReadReq.m_axi.i8P1A, i8 %gmem0_addr, i64 1" [../src/image_accel.cpp:25]   --->   Operation 59 'readreq' 'pixel_r_req' <Predicate = true> <Delay = 3.50> <CoreInst = "m_axi">   --->   Core 119 'm_axi' <Latency = 0> <II = 1> <Delay = 1.00> <Adapter> <Opcode : 'read' 'write' 'readreq' 'writereq' 'writeresp'>
ST_9 : Operation 60 [2/8] (3.50ns)   --->   "%pixel_g_req = readreq i1 @_ssdm_op_ReadReq.m_axi.i8P1A, i8 %gmem0_addr_1, i64 1" [../src/image_accel.cpp:26]   --->   Operation 60 'readreq' 'pixel_g_req' <Predicate = true> <Delay = 3.50> <CoreInst = "m_axi">   --->   Core 119 'm_axi' <Latency = 0> <II = 1> <Delay = 1.00> <Adapter> <Opcode : 'read' 'write' 'readreq' 'writereq' 'writeresp'>
ST_9 : Operation 61 [3/8] (3.50ns)   --->   "%pixel_b_req = readreq i1 @_ssdm_op_ReadReq.m_axi.i8P1A, i8 %gmem0_addr_2, i64 1" [../src/image_accel.cpp:27]   --->   Operation 61 'readreq' 'pixel_b_req' <Predicate = true> <Delay = 3.50> <CoreInst = "m_axi">   --->   Core 119 'm_axi' <Latency = 0> <II = 1> <Delay = 1.00> <Adapter> <Opcode : 'read' 'write' 'readreq' 'writereq' 'writeresp'>

State 10 <SV = 9> <Delay = 3.50>
ST_10 : Operation 62 [1/1] (3.50ns)   --->   "%pixel_r = read i8 @_ssdm_op_Read.m_axi.volatile.i8P1A, i8 %gmem0_addr" [../src/image_accel.cpp:25]   --->   Operation 62 'read' 'pixel_r' <Predicate = true> <Delay = 3.50> <CoreInst = "m_axi">   --->   Core 119 'm_axi' <Latency = 0> <II = 1> <Delay = 1.00> <Adapter> <Opcode : 'read' 'write' 'readreq' 'writereq' 'writeresp'>
ST_10 : Operation 63 [1/8] (3.50ns)   --->   "%pixel_g_req = readreq i1 @_ssdm_op_ReadReq.m_axi.i8P1A, i8 %gmem0_addr_1, i64 1" [../src/image_accel.cpp:26]   --->   Operation 63 'readreq' 'pixel_g_req' <Predicate = true> <Delay = 3.50> <CoreInst = "m_axi">   --->   Core 119 'm_axi' <Latency = 0> <II = 1> <Delay = 1.00> <Adapter> <Opcode : 'read' 'write' 'readreq' 'writereq' 'writeresp'>
ST_10 : Operation 64 [2/8] (3.50ns)   --->   "%pixel_b_req = readreq i1 @_ssdm_op_ReadReq.m_axi.i8P1A, i8 %gmem0_addr_2, i64 1" [../src/image_accel.cpp:27]   --->   Operation 64 'readreq' 'pixel_b_req' <Predicate = true> <Delay = 3.50> <CoreInst = "m_axi">   --->   Core 119 'm_axi' <Latency = 0> <II = 1> <Delay = 1.00> <Adapter> <Opcode : 'read' 'write' 'readreq' 'writereq' 'writeresp'>
ST_10 : Operation 74 [1/1] (0.42ns)   --->   "%ret_ln0 = ret"   --->   Operation 74 'ret' 'ret_ln0' <Predicate = (icmp_ln18)> <Delay = 0.42>

State 11 <SV = 10> <Delay = 3.50>
ST_11 : Operation 65 [1/1] (3.50ns)   --->   "%pixel_g = read i8 @_ssdm_op_Read.m_axi.volatile.i8P1A, i8 %gmem0_addr_1" [../src/image_accel.cpp:26]   --->   Operation 65 'read' 'pixel_g' <Predicate = true> <Delay = 3.50> <CoreInst = "m_axi">   --->   Core 119 'm_axi' <Latency = 0> <II = 1> <Delay = 1.00> <Adapter> <Opcode : 'read' 'write' 'readreq' 'writereq' 'writeresp'>
ST_11 : Operation 66 [1/8] (3.50ns)   --->   "%pixel_b_req = readreq i1 @_ssdm_op_ReadReq.m_axi.i8P1A, i8 %gmem0_addr_2, i64 1" [../src/image_accel.cpp:27]   --->   Operation 66 'readreq' 'pixel_b_req' <Predicate = true> <Delay = 3.50> <CoreInst = "m_axi">   --->   Core 119 'm_axi' <Latency = 0> <II = 1> <Delay = 1.00> <Adapter> <Opcode : 'read' 'write' 'readreq' 'writereq' 'writeresp'>

State 12 <SV = 11> <Delay = 3.50>
ST_12 : Operation 67 [1/1] (3.50ns)   --->   "%pixel_b = read i8 @_ssdm_op_Read.m_axi.volatile.i8P1A, i8 %gmem0_addr_2" [../src/image_accel.cpp:27]   --->   Operation 67 'read' 'pixel_b' <Predicate = true> <Delay = 3.50> <CoreInst = "m_axi">   --->   Core 119 'm_axi' <Latency = 0> <II = 1> <Delay = 1.00> <Adapter> <Opcode : 'read' 'write' 'readreq' 'writereq' 'writeresp'>

State 13 <SV = 12> <Delay = 1.55>
ST_13 : Operation 68 [1/1] (0.00ns)   --->   "%specpipeline_ln20 = specpipeline void @_ssdm_op_SpecPipeline, i32 1, i32 0, i32 0, i32 0, void @empty_10" [../src/image_accel.cpp:20]   --->   Operation 68 'specpipeline' 'specpipeline_ln20' <Predicate = true> <Delay = 0.00>
ST_13 : Operation 69 [1/1] (0.00ns)   --->   "%speclooptripcount_ln19 = speclooptripcount void @_ssdm_op_SpecLoopTripCount, i64 1, i64 2073600, i64 2073600" [../src/image_accel.cpp:19]   --->   Operation 69 'speclooptripcount' 'speclooptripcount_ln19' <Predicate = true> <Delay = 0.00>
ST_13 : Operation 70 [1/1] (0.00ns)   --->   "%specloopname_ln18 = specloopname void @_ssdm_op_SpecLoopName, void @empty_14" [../src/image_accel.cpp:18]   --->   Operation 70 'specloopname' 'specloopname_ln18' <Predicate = true> <Delay = 0.00>
ST_13 : Operation 71 [1/1] (0.00ns)   --->   "%p_0 = bitconcatenate i24 @_ssdm_op_BitConcatenate.i24.i8.i8.i8, i8 %pixel_b, i8 %pixel_g, i8 %pixel_r" [../src/image_accel.cpp:29]   --->   Operation 71 'bitconcatenate' 'p_0' <Predicate = true> <Delay = 0.00>
ST_13 : Operation 72 [1/1] (1.55ns)   --->   "%write_ln29 = write void @_ssdm_op_Write.ap_fifo.volatile.i24P0A, i24 %rgb_stream, i24 %p_0" [../src/image_accel.cpp:29]   --->   Operation 72 'write' 'write_ln29' <Predicate = true> <Delay = 1.55> <CoreInst = "FIFO">   --->   Core 77 'FIFO' <Latency = 0> <II = 1> <Delay = 1.55> <Storage> <Opcode : 'read' 'write' 'nbread' 'nbwrite'> <Ports = 0> <Width = 24> <Depth = 64> <FIFO>
ST_13 : Operation 73 [1/1] (0.00ns)   --->   "%br_ln18 = br void %for.inc" [../src/image_accel.cpp:18]   --->   Operation 73 'br' 'br_ln18' <Predicate = true> <Delay = 0.00>


============================================================
+ Verbose Summary: Timing violations
============================================================
Target clock period: 4.000ns, clock uncertainty: 0.500ns.

 <State 1>: 2.528ns
The critical path consists of the following:
	'store' operation 0 bit ('store_ln18', ../src/image_accel.cpp:18) of constant 0 on local variable 'i', ../src/image_accel.cpp:18 [10]  (0.427 ns)
	'load' operation 32 bit ('i', ../src/image_accel.cpp:22) on local variable 'i', ../src/image_accel.cpp:18 [13]  (0.000 ns)
	'sub' operation 32 bit ('base', ../src/image_accel.cpp:22) [22]  (1.016 ns)
	'add' operation 64 bit ('add_ln25', ../src/image_accel.cpp:25) [24]  (1.085 ns)

 <State 2>: 3.500ns
The critical path consists of the following:
	bus request operation ('pixel_r_req', ../src/image_accel.cpp:25) on port 'gmem0' (../src/image_accel.cpp:25) [26]  (3.500 ns)

 <State 3>: 3.500ns
The critical path consists of the following:
	bus request operation ('pixel_r_req', ../src/image_accel.cpp:25) on port 'gmem0' (../src/image_accel.cpp:25) [26]  (3.500 ns)

 <State 4>: 3.500ns
The critical path consists of the following:
	bus request operation ('pixel_r_req', ../src/image_accel.cpp:25) on port 'gmem0' (../src/image_accel.cpp:25) [26]  (3.500 ns)

 <State 5>: 3.500ns
The critical path consists of the following:
	bus request operation ('pixel_r_req', ../src/image_accel.cpp:25) on port 'gmem0' (../src/image_accel.cpp:25) [26]  (3.500 ns)

 <State 6>: 3.500ns
The critical path consists of the following:
	bus request operation ('pixel_r_req', ../src/image_accel.cpp:25) on port 'gmem0' (../src/image_accel.cpp:25) [26]  (3.500 ns)

 <State 7>: 3.500ns
The critical path consists of the following:
	bus request operation ('pixel_r_req', ../src/image_accel.cpp:25) on port 'gmem0' (../src/image_accel.cpp:25) [26]  (3.500 ns)

 <State 8>: 3.500ns
The critical path consists of the following:
	bus request operation ('pixel_r_req', ../src/image_accel.cpp:25) on port 'gmem0' (../src/image_accel.cpp:25) [26]  (3.500 ns)

 <State 9>: 3.500ns
The critical path consists of the following:
	bus request operation ('pixel_r_req', ../src/image_accel.cpp:25) on port 'gmem0' (../src/image_accel.cpp:25) [26]  (3.500 ns)

 <State 10>: 3.500ns
The critical path consists of the following:
	bus read operation ('pixel.r', ../src/image_accel.cpp:25) on port 'gmem0' (../src/image_accel.cpp:25) [27]  (3.500 ns)

 <State 11>: 3.500ns
The critical path consists of the following:
	bus read operation ('pixel.g', ../src/image_accel.cpp:26) on port 'gmem0' (../src/image_accel.cpp:26) [33]  (3.500 ns)

 <State 12>: 3.500ns
The critical path consists of the following:
	bus read operation ('pixel.b', ../src/image_accel.cpp:27) on port 'gmem0' (../src/image_accel.cpp:27) [39]  (3.500 ns)

 <State 13>: 1.557ns
The critical path consists of the following:
	fifo write operation ('write_ln29', ../src/image_accel.cpp:29) on port 'rgb_stream' (../src/image_accel.cpp:29) [41]  (1.557 ns)


============================================================
+ Verbose Summary: Binding
============================================================
N/A
* FSMD analyzer results:
  - Output states:
 - Input state : 
  - Chain level:
	State 1
	State 2
	State 3
	State 4
	State 5
	State 6
	State 7
	State 8
	State 9
	State 10
	State 11
	State 12
	State 13


============================================================
+ Verbose Summary: Datapath Resource usage 
============================================================
N/A
