

================================================================
== Vitis HLS Report for 'p_anonymous_namespace_write_output_Pipeline_write_loop'
================================================================
* Date:           Sat Jul 11 19:11:16 2026

* Version:        2024.1 (Build 5069499 on May 21 2024)
* Project:        image_accel
* Solution:       hls (Vivado IP Flow Target)
* Product family: zynquplus
* Target device:  xck26-sfvc784-2LV-c


================================================================
== Performance Estimates
================================================================
+ Timing: 
    * Summary: 
    +--------+---------+----------+------------+
    |  Clock |  Target | Estimated| Uncertainty|
    +--------+---------+----------+------------+
    |ap_clk  |  4.00 ns|  3.500 ns|     0.50 ns|
    +--------+---------+----------+------------+

+ Latency: 
    * Summary: 
    +---------+---------+-----------+----------+-----+---------+-----------------------------------------------+
    |  Latency (cycles) |  Latency (absolute)  |    Interval   |                    Pipeline                   |
    |   min   |   max   |    min    |    max   | min |   max   |                      Type                     |
    +---------+---------+-----------+----------+-----+---------+-----------------------------------------------+
    |        9|  2073608|  36.000 ns|  8.294 ms|    2|  2073601|  loop auto-rewind stp(delay=0 clock cycles(s))|
    +---------+---------+-----------+----------+-----+---------+-----------------------------------------------+

    + Detail: 
        * Instance: 
        N/A

        * Loop: 
        +--------------+---------+---------+----------+-----------+-----------+-------------+----------+
        |              |  Latency (cycles) | Iteration|  Initiation Interval  |     Trip    |          |
        |   Loop Name  |   min   |   max   |  Latency |  achieved |   target  |    Count    | Pipelined|
        +--------------+---------+---------+----------+-----------+-----------+-------------+----------+
        |- write_loop  |        7|  2073606|         8|          1|          1|  1 ~ 2073600|       yes|
        +--------------+---------+---------+----------+-----------+-----------+-------------+----------+



================================================================
== Utilization Estimates
================================================================
* Summary: 
+-----------------+---------+------+--------+--------+-----+
|       Name      | BRAM_18K|  DSP |   FF   |   LUT  | URAM|
+-----------------+---------+------+--------+--------+-----+
|DSP              |        -|     -|       -|       -|    -|
|Expression       |        -|     -|       0|     155|    -|
|FIFO             |        -|     -|       -|       -|    -|
|Instance         |        -|     -|       -|       -|    -|
|Memory           |        -|     -|       -|       -|    -|
|Multiplexer      |        -|     -|       0|      72|    -|
|Register         |        -|     -|     119|       -|    -|
+-----------------+---------+------+--------+--------+-----+
|Total            |        0|     0|     119|     227|    0|
+-----------------+---------+------+--------+--------+-----+
|Available        |      288|  1248|  234240|  117120|   64|
+-----------------+---------+------+--------+--------+-----+
|Utilization (%)  |        0|     0|      ~0|      ~0|    0|
+-----------------+---------+------+--------+--------+-----+

+ Detail: 
    * Instance: 
    N/A

    * DSP: 
    N/A

    * Memory: 
    N/A

    * FIFO: 
    N/A

    * Expression: 
    +---------------------------+----------+----+---+----+------------+------------+
    |       Variable Name       | Operation| DSP| FF| LUT| Bitwidth P0| Bitwidth P1|
    +---------------------------+----------+----+---+----+------------+------------+
    |add_ln70_fu_110_p2         |         +|   0|  0|  39|          32|           1|
    |add_ln73_fu_120_p2         |         +|   0|  0|  71|          64|          64|
    |icmp_ln70_fu_104_p2        |      icmp|   0|  0|  39|          32|          32|
    |ap_block_pp0_stage0_01001  |        or|   0|  0|   2|           1|           1|
    |ap_block_pp0_stage0_11001  |        or|   0|  0|   2|           1|           1|
    |ap_enable_pp0              |       xor|   0|  0|   2|           1|           2|
    +---------------------------+----------+----+---+----+------------+------------+
    |Total                      |          |   0|  0| 155|         131|         101|
    +---------------------------+----------+----+---+----+------------+------------+

    * Multiplexer: 
    +-------------------------+----+-----------+-----+-----------+
    |           Name          | LUT| Input Size| Bits| Total Bits|
    +-------------------------+----+-----------+-----+-----------+
    |ap_done_int              |   9|          2|    1|          2|
    |ap_enable_reg_pp0_iter1  |   9|          2|    1|          2|
    |ap_sig_allocacmp_i_1     |   9|          2|   32|         64|
    |gmem1_blk_n_AW           |   9|          2|    1|          2|
    |gmem1_blk_n_B            |   9|          2|    1|          2|
    |gmem1_blk_n_W            |   9|          2|    1|          2|
    |gray_stream_blk_n        |   9|          2|    1|          2|
    |i_fu_58                  |   9|          2|   32|         64|
    +-------------------------+----+-----------+-----+-----------+
    |Total                    |  72|         16|   70|        140|
    +-------------------------+----+-----------+-----+-----------+

    * Register: 
    +----------------------------------+----+----+-----+-----------+
    |               Name               | FF | LUT| Bits| Const Bits|
    +----------------------------------+----+----+-----+-----------+
    |ap_CS_fsm                         |   1|   0|    1|          0|
    |ap_done_reg                       |   1|   0|    1|          0|
    |ap_enable_reg_pp0_iter1           |   1|   0|    1|          0|
    |ap_enable_reg_pp0_iter2           |   1|   0|    1|          0|
    |ap_enable_reg_pp0_iter3           |   1|   0|    1|          0|
    |ap_enable_reg_pp0_iter4           |   1|   0|    1|          0|
    |ap_enable_reg_pp0_iter5           |   1|   0|    1|          0|
    |ap_enable_reg_pp0_iter6           |   1|   0|    1|          0|
    |ap_enable_reg_pp0_iter7           |   1|   0|    1|          0|
    |ap_loop_exit_ready_pp0_iter1_reg  |   1|   0|    1|          0|
    |ap_loop_exit_ready_pp0_iter2_reg  |   1|   0|    1|          0|
    |ap_loop_exit_ready_pp0_iter3_reg  |   1|   0|    1|          0|
    |ap_loop_exit_ready_pp0_iter4_reg  |   1|   0|    1|          0|
    |ap_loop_exit_ready_pp0_iter5_reg  |   1|   0|    1|          0|
    |ap_loop_exit_ready_pp0_iter6_reg  |   1|   0|    1|          0|
    |gmem1_addr_reg_148                |  64|   0|   64|          0|
    |gray_stream_read_reg_154          |   8|   0|    8|          0|
    |i_fu_58                           |  32|   0|   32|          0|
    +----------------------------------+----+----+-----+-----------+
    |Total                             | 119|   0|  119|          0|
    +----------------------------------+----+----+-----+-----------+



================================================================
== Interface
================================================================
* Summary: 
+----------------------------+-----+-----+------------+-------------------------------------------------------+--------------+
|          RTL Ports         | Dir | Bits|  Protocol  |                     Source Object                     |    C Type    |
+----------------------------+-----+-----+------------+-------------------------------------------------------+--------------+
|ap_clk                      |   in|    1|  ap_ctrl_hs|  (anonymous namespace)write_output_Pipeline_write_loop|  return value|
|ap_rst                      |   in|    1|  ap_ctrl_hs|  (anonymous namespace)write_output_Pipeline_write_loop|  return value|
|ap_start                    |   in|    1|  ap_ctrl_hs|  (anonymous namespace)write_output_Pipeline_write_loop|  return value|
|ap_done                     |  out|    1|  ap_ctrl_hs|  (anonymous namespace)write_output_Pipeline_write_loop|  return value|
|ap_idle                     |  out|    1|  ap_ctrl_hs|  (anonymous namespace)write_output_Pipeline_write_loop|  return value|
|ap_ready                    |  out|    1|  ap_ctrl_hs|  (anonymous namespace)write_output_Pipeline_write_loop|  return value|
|gray_stream_dout            |   in|    8|     ap_fifo|                                            gray_stream|       pointer|
|gray_stream_num_data_valid  |   in|    7|     ap_fifo|                                            gray_stream|       pointer|
|gray_stream_fifo_cap        |   in|    7|     ap_fifo|                                            gray_stream|       pointer|
|gray_stream_empty_n         |   in|    1|     ap_fifo|                                            gray_stream|       pointer|
|gray_stream_read            |  out|    1|     ap_fifo|                                            gray_stream|       pointer|
|m_axi_gmem1_AWVALID         |  out|    1|       m_axi|                                                  gmem1|       pointer|
|m_axi_gmem1_AWREADY         |   in|    1|       m_axi|                                                  gmem1|       pointer|
|m_axi_gmem1_AWADDR          |  out|   64|       m_axi|                                                  gmem1|       pointer|
|m_axi_gmem1_AWID            |  out|    1|       m_axi|                                                  gmem1|       pointer|
|m_axi_gmem1_AWLEN           |  out|   32|       m_axi|                                                  gmem1|       pointer|
|m_axi_gmem1_AWSIZE          |  out|    3|       m_axi|                                                  gmem1|       pointer|
|m_axi_gmem1_AWBURST         |  out|    2|       m_axi|                                                  gmem1|       pointer|
|m_axi_gmem1_AWLOCK          |  out|    2|       m_axi|                                                  gmem1|       pointer|
|m_axi_gmem1_AWCACHE         |  out|    4|       m_axi|                                                  gmem1|       pointer|
|m_axi_gmem1_AWPROT          |  out|    3|       m_axi|                                                  gmem1|       pointer|
|m_axi_gmem1_AWQOS           |  out|    4|       m_axi|                                                  gmem1|       pointer|
|m_axi_gmem1_AWREGION        |  out|    4|       m_axi|                                                  gmem1|       pointer|
|m_axi_gmem1_AWUSER          |  out|    1|       m_axi|                                                  gmem1|       pointer|
|m_axi_gmem1_WVALID          |  out|    1|       m_axi|                                                  gmem1|       pointer|
|m_axi_gmem1_WREADY          |   in|    1|       m_axi|                                                  gmem1|       pointer|
|m_axi_gmem1_WDATA           |  out|    8|       m_axi|                                                  gmem1|       pointer|
|m_axi_gmem1_WSTRB           |  out|    1|       m_axi|                                                  gmem1|       pointer|
|m_axi_gmem1_WLAST           |  out|    1|       m_axi|                                                  gmem1|       pointer|
|m_axi_gmem1_WID             |  out|    1|       m_axi|                                                  gmem1|       pointer|
|m_axi_gmem1_WUSER           |  out|    1|       m_axi|                                                  gmem1|       pointer|
|m_axi_gmem1_ARVALID         |  out|    1|       m_axi|                                                  gmem1|       pointer|
|m_axi_gmem1_ARREADY         |   in|    1|       m_axi|                                                  gmem1|       pointer|
|m_axi_gmem1_ARADDR          |  out|   64|       m_axi|                                                  gmem1|       pointer|
|m_axi_gmem1_ARID            |  out|    1|       m_axi|                                                  gmem1|       pointer|
|m_axi_gmem1_ARLEN           |  out|   32|       m_axi|                                                  gmem1|       pointer|
|m_axi_gmem1_ARSIZE          |  out|    3|       m_axi|                                                  gmem1|       pointer|
|m_axi_gmem1_ARBURST         |  out|    2|       m_axi|                                                  gmem1|       pointer|
|m_axi_gmem1_ARLOCK          |  out|    2|       m_axi|                                                  gmem1|       pointer|
|m_axi_gmem1_ARCACHE         |  out|    4|       m_axi|                                                  gmem1|       pointer|
|m_axi_gmem1_ARPROT          |  out|    3|       m_axi|                                                  gmem1|       pointer|
|m_axi_gmem1_ARQOS           |  out|    4|       m_axi|                                                  gmem1|       pointer|
|m_axi_gmem1_ARREGION        |  out|    4|       m_axi|                                                  gmem1|       pointer|
|m_axi_gmem1_ARUSER          |  out|    1|       m_axi|                                                  gmem1|       pointer|
|m_axi_gmem1_RVALID          |   in|    1|       m_axi|                                                  gmem1|       pointer|
|m_axi_gmem1_RREADY          |  out|    1|       m_axi|                                                  gmem1|       pointer|
|m_axi_gmem1_RDATA           |   in|    8|       m_axi|                                                  gmem1|       pointer|
|m_axi_gmem1_RLAST           |   in|    1|       m_axi|                                                  gmem1|       pointer|
|m_axi_gmem1_RID             |   in|    1|       m_axi|                                                  gmem1|       pointer|
|m_axi_gmem1_RFIFONUM        |   in|   11|       m_axi|                                                  gmem1|       pointer|
|m_axi_gmem1_RUSER           |   in|    1|       m_axi|                                                  gmem1|       pointer|
|m_axi_gmem1_RRESP           |   in|    2|       m_axi|                                                  gmem1|       pointer|
|m_axi_gmem1_BVALID          |   in|    1|       m_axi|                                                  gmem1|       pointer|
|m_axi_gmem1_BREADY          |  out|    1|       m_axi|                                                  gmem1|       pointer|
|m_axi_gmem1_BRESP           |   in|    2|       m_axi|                                                  gmem1|       pointer|
|m_axi_gmem1_BID             |   in|    1|       m_axi|                                                  gmem1|       pointer|
|m_axi_gmem1_BUSER           |   in|    1|       m_axi|                                                  gmem1|       pointer|
|num_pixels_1                |   in|   32|     ap_none|                                           num_pixels_1|        scalar|
|output_gray_1               |   in|   64|     ap_none|                                          output_gray_1|        scalar|
+----------------------------+-----+-----+------------+-------------------------------------------------------+--------------+

============================================================
+ Verbose Summary: Synthesis Manager
============================================================
InlineROM: 1
ExposeGlobal: 0
============================================================
+ Verbose Summary: CDFG Model
============================================================
IsTopModel: 0
ResetActiveHigh: 1
IsCombinational: 2
IsDatapathOnly: 2
HasWiredReturn: 1
HasMFsm: 2
HasVarLatency: 1
IsPipeline: 0
IsRtlPipelined: 0
IsInstanceOverlapped: 0
IsDontTouch: 0
HasImplIP: 0
IsGatedGlobalClock: 0

+ Individual pipeline summary: 
  * Pipeline-0: initiation interval (II) = 1, depth = 8


============================================================
+ Verbose Summary: Schedule
============================================================
* Number of FSM states : 8
* Pipeline : 1
  Pipeline-0 : II = 1, D = 8, States = { 1 2 3 4 5 6 7 8 }
* Dataflow Pipeline: 0

* FSM state transitions: 
1 --> 2 
2 --> 3 
3 --> 4 
4 --> 5 
5 --> 6 
6 --> 7 
7 --> 8 
8 --> 

* FSM state operations: 

State 1 <SV = 0> <Delay = 1.87>
ST_1 : Operation 11 [1/1] (0.00ns)   --->   "%i = alloca i32 1" [../src/image_accel.cpp:70]   --->   Operation 11 'alloca' 'i' <Predicate = true> <Delay = 0.00>
ST_1 : Operation 12 [1/1] (0.00ns)   --->   "%specinterface_ln0 = specinterface void @_ssdm_op_SpecInterface, i8 %gmem1, void @empty_2, i32 0, i32 0, void @empty_10, i32 0, i32 2073600, void @empty_12, void @empty_11, void @empty_10, i32 16, i32 16, i32 16, i32 64, void @empty_10, void @empty_10, i32 4294967295, i32 0, i32 0"   --->   Operation 12 'specinterface' 'specinterface_ln0' <Predicate = true> <Delay = 0.00>
ST_1 : Operation 13 [1/1] (0.00ns)   --->   "%specinterface_ln0 = specinterface void @_ssdm_op_SpecInterface, i8 %gray_stream, void @empty_7, i32 0, i32 0, void @empty_10, i32 0, i32 0, void @empty_10, void @empty_10, void @empty_10, i32 0, i32 0, i32 0, i32 0, void @empty_10, void @empty_10, i32 4294967295, i32 0, i32 0"   --->   Operation 13 'specinterface' 'specinterface_ln0' <Predicate = true> <Delay = 0.00>
ST_1 : Operation 14 [1/1] (0.00ns)   --->   "%output_gray_1_read = read i64 @_ssdm_op_Read.ap_auto.i64, i64 %output_gray_1" [../src/image_accel.cpp:64]   --->   Operation 14 'read' 'output_gray_1_read' <Predicate = true> <Delay = 0.00>
ST_1 : Operation 15 [1/1] (0.00ns)   --->   "%num_pixels_1_read = read i32 @_ssdm_op_Read.ap_auto.i32, i32 %num_pixels_1" [../src/image_accel.cpp:64]   --->   Operation 15 'read' 'num_pixels_1_read' <Predicate = true> <Delay = 0.00>
ST_1 : Operation 16 [1/1] (0.42ns)   --->   "%store_ln70 = store i32 0, i32 %i" [../src/image_accel.cpp:70]   --->   Operation 16 'store' 'store_ln70' <Predicate = true> <Delay = 0.42>
ST_1 : Operation 17 [1/1] (0.00ns)   --->   "%br_ln70 = br void %for.inc" [../src/image_accel.cpp:70]   --->   Operation 17 'br' 'br_ln70' <Predicate = true> <Delay = 0.00>
ST_1 : Operation 18 [1/1] (0.00ns)   --->   "%i_1 = load i32 %i" [../src/image_accel.cpp:70]   --->   Operation 18 'load' 'i_1' <Predicate = true> <Delay = 0.00>
ST_1 : Operation 19 [1/1] (1.01ns)   --->   "%icmp_ln70 = icmp_eq  i32 %i_1, i32 %num_pixels_1_read" [../src/image_accel.cpp:70]   --->   Operation 19 'icmp' 'icmp_ln70' <Predicate = true> <Delay = 1.01> <CoreInst = "Cmp">   --->   Core 9 'Cmp' <Latency = 0> <II = 1> <Delay = 1.01> <FuncUnit> <Opcode : 'seteq' 'setne' 'setle' 'setge' 'setlt' 'setgt'> <InPorts = 2> <OutPorts = 1>
ST_1 : Operation 20 [1/1] (0.00ns)   --->   "%br_ln70 = br i1 %icmp_ln70, void %for.inc.split, void %for.end.loopexit.exitStub" [../src/image_accel.cpp:70]   --->   Operation 20 'br' 'br_ln70' <Predicate = true> <Delay = 0.00>
ST_1 : Operation 21 [1/1] (1.01ns)   --->   "%add_ln70 = add i32 %i_1, i32 1" [../src/image_accel.cpp:70]   --->   Operation 21 'add' 'add_ln70' <Predicate = (!icmp_ln70)> <Delay = 1.01> <CoreInst = "Adder">   --->   Core 1 'Adder' <Latency = 0> <II = 1> <Delay = 1.01> <FuncUnit> <Opcode : 'add' 'sub'> <InPorts = 2> <OutPorts = 1>
ST_1 : Operation 22 [1/1] (0.00ns)   --->   "%zext_ln70 = zext i32 %i_1" [../src/image_accel.cpp:70]   --->   Operation 22 'zext' 'zext_ln70' <Predicate = (!icmp_ln70)> <Delay = 0.00>
ST_1 : Operation 23 [1/1] (1.08ns)   --->   "%add_ln73 = add i64 %output_gray_1_read, i64 %zext_ln70" [../src/image_accel.cpp:73]   --->   Operation 23 'add' 'add_ln73' <Predicate = (!icmp_ln70)> <Delay = 1.08> <CoreInst = "Adder">   --->   Core 1 'Adder' <Latency = 0> <II = 1> <Delay = 1.08> <FuncUnit> <Opcode : 'add' 'sub'> <InPorts = 2> <OutPorts = 1>
ST_1 : Operation 24 [1/1] (0.00ns)   --->   "%gmem1_addr = getelementptr i8 %gmem1, i64 %add_ln73" [../src/image_accel.cpp:73]   --->   Operation 24 'getelementptr' 'gmem1_addr' <Predicate = (!icmp_ln70)> <Delay = 0.00>
ST_1 : Operation 25 [1/1] (0.42ns)   --->   "%store_ln70 = store i32 %add_ln70, i32 %i" [../src/image_accel.cpp:70]   --->   Operation 25 'store' 'store_ln70' <Predicate = (!icmp_ln70)> <Delay = 0.42>

State 2 <SV = 1> <Delay = 3.50>
ST_2 : Operation 26 [1/1] (1.75ns)   --->   "%gray_stream_read = read i8 @_ssdm_op_Read.ap_fifo.volatile.i8P0A, i8 %gray_stream" [../src/image_accel.cpp:74]   --->   Operation 26 'read' 'gray_stream_read' <Predicate = true> <Delay = 1.75> <CoreInst = "FIFO_SRL">   --->   Core 80 'FIFO_SRL' <Latency = 0> <II = 1> <Delay = 2.16> <Storage> <Opcode : 'read' 'write' 'nbread' 'nbwrite'> <Ports = 0> <Width = 8> <Depth = 64> <FIFO>
ST_2 : Operation 27 [1/1] (3.50ns)   --->   "%gmem1_addr_req = writereq i1 @_ssdm_op_WriteReq.m_axi.i8P1A, i64 %gmem1_addr, i64 1" [../src/image_accel.cpp:73]   --->   Operation 27 'writereq' 'gmem1_addr_req' <Predicate = true> <Delay = 3.50> <CoreInst = "m_axi">   --->   Core 119 'm_axi' <Latency = 0> <II = 1> <Delay = 1.00> <Adapter> <Opcode : 'read' 'write' 'readreq' 'writereq' 'writeresp'>

State 3 <SV = 2> <Delay = 3.50>
ST_3 : Operation 28 [1/1] (3.50ns)   --->   "%write_ln73 = write void @_ssdm_op_Write.m_axi.volatile.i8P1A, i64 %gmem1_addr, i8 %gray_stream_read, i1 1" [../src/image_accel.cpp:73]   --->   Operation 28 'write' 'write_ln73' <Predicate = true> <Delay = 3.50> <CoreInst = "m_axi">   --->   Core 119 'm_axi' <Latency = 0> <II = 1> <Delay = 1.00> <Adapter> <Opcode : 'read' 'write' 'readreq' 'writereq' 'writeresp'>

State 4 <SV = 3> <Delay = 3.50>
ST_4 : Operation 29 [5/5] (3.50ns)   --->   "%gmem1_addr_resp = writeresp i1 @_ssdm_op_WriteResp.m_axi.i8P1A, i64 %gmem1_addr" [../src/image_accel.cpp:73]   --->   Operation 29 'writeresp' 'gmem1_addr_resp' <Predicate = true> <Delay = 3.50> <CoreInst = "m_axi">   --->   Core 119 'm_axi' <Latency = 0> <II = 1> <Delay = 1.00> <Adapter> <Opcode : 'read' 'write' 'readreq' 'writereq' 'writeresp'>

State 5 <SV = 4> <Delay = 3.50>
ST_5 : Operation 30 [4/5] (3.50ns)   --->   "%gmem1_addr_resp = writeresp i1 @_ssdm_op_WriteResp.m_axi.i8P1A, i64 %gmem1_addr" [../src/image_accel.cpp:73]   --->   Operation 30 'writeresp' 'gmem1_addr_resp' <Predicate = true> <Delay = 3.50> <CoreInst = "m_axi">   --->   Core 119 'm_axi' <Latency = 0> <II = 1> <Delay = 1.00> <Adapter> <Opcode : 'read' 'write' 'readreq' 'writereq' 'writeresp'>

State 6 <SV = 5> <Delay = 3.50>
ST_6 : Operation 31 [3/5] (3.50ns)   --->   "%gmem1_addr_resp = writeresp i1 @_ssdm_op_WriteResp.m_axi.i8P1A, i64 %gmem1_addr" [../src/image_accel.cpp:73]   --->   Operation 31 'writeresp' 'gmem1_addr_resp' <Predicate = true> <Delay = 3.50> <CoreInst = "m_axi">   --->   Core 119 'm_axi' <Latency = 0> <II = 1> <Delay = 1.00> <Adapter> <Opcode : 'read' 'write' 'readreq' 'writereq' 'writeresp'>

State 7 <SV = 6> <Delay = 3.50>
ST_7 : Operation 32 [2/5] (3.50ns)   --->   "%gmem1_addr_resp = writeresp i1 @_ssdm_op_WriteResp.m_axi.i8P1A, i64 %gmem1_addr" [../src/image_accel.cpp:73]   --->   Operation 32 'writeresp' 'gmem1_addr_resp' <Predicate = true> <Delay = 3.50> <CoreInst = "m_axi">   --->   Core 119 'm_axi' <Latency = 0> <II = 1> <Delay = 1.00> <Adapter> <Opcode : 'read' 'write' 'readreq' 'writereq' 'writeresp'>
ST_7 : Operation 38 [1/1] (0.42ns)   --->   "%ret_ln0 = ret"   --->   Operation 38 'ret' 'ret_ln0' <Predicate = (icmp_ln70)> <Delay = 0.42>

State 8 <SV = 7> <Delay = 3.50>
ST_8 : Operation 33 [1/1] (0.00ns)   --->   "%specpipeline_ln72 = specpipeline void @_ssdm_op_SpecPipeline, i32 1, i32 0, i32 0, i32 0, void @empty_10" [../src/image_accel.cpp:72]   --->   Operation 33 'specpipeline' 'specpipeline_ln72' <Predicate = true> <Delay = 0.00>
ST_8 : Operation 34 [1/1] (0.00ns)   --->   "%speclooptripcount_ln71 = speclooptripcount void @_ssdm_op_SpecLoopTripCount, i64 1, i64 2073600, i64 2073600" [../src/image_accel.cpp:71]   --->   Operation 34 'speclooptripcount' 'speclooptripcount_ln71' <Predicate = true> <Delay = 0.00>
ST_8 : Operation 35 [1/1] (0.00ns)   --->   "%specloopname_ln70 = specloopname void @_ssdm_op_SpecLoopName, void @empty_15" [../src/image_accel.cpp:70]   --->   Operation 35 'specloopname' 'specloopname_ln70' <Predicate = true> <Delay = 0.00>
ST_8 : Operation 36 [1/5] (3.50ns)   --->   "%gmem1_addr_resp = writeresp i1 @_ssdm_op_WriteResp.m_axi.i8P1A, i64 %gmem1_addr" [../src/image_accel.cpp:73]   --->   Operation 36 'writeresp' 'gmem1_addr_resp' <Predicate = true> <Delay = 3.50> <CoreInst = "m_axi">   --->   Core 119 'm_axi' <Latency = 0> <II = 1> <Delay = 1.00> <Adapter> <Opcode : 'read' 'write' 'readreq' 'writereq' 'writeresp'>
ST_8 : Operation 37 [1/1] (0.00ns)   --->   "%br_ln70 = br void %for.inc" [../src/image_accel.cpp:70]   --->   Operation 37 'br' 'br_ln70' <Predicate = true> <Delay = 0.00>


============================================================
+ Verbose Summary: Binding
============================================================
STG Binding: 
---------------- STG Properties BEGIN ----------------
- Is combinational: 0
- Is one-state seq: 0
- Is datapath-only: 0
- Is pipelined: 0
- Is top level: 0
Port [ Return ] is wired: 1; IO mode=ap_ctrl_hs:ce=0
Port [ num_pixels_1]:  wired=1; compound=0; hidden=0; nouse=0; global=0; static=0; extern=0; dir=0; type=0; pingpong=0; private_global=0; IO mode=ap_none:ce=0
Port [ gray_stream]:  wired=1; compound=1; hidden=0; nouse=0; global=0; static=0; extern=0; dir=0; type=3; pingpong=0; private_global=0; IO mode=ap_fifo:ce=0
Port [ output_gray_1]:  wired=1; compound=0; hidden=0; nouse=0; global=0; static=0; extern=0; dir=0; type=0; pingpong=0; private_global=0; IO mode=ap_none:ce=0
Port [ gmem1]:  wired=1; compound=1; hidden=0; nouse=0; global=0; static=0; extern=0; dir=1; type=4; pingpong=0; private_global=0; IO mode=m_axi:ce=0
---------------- STG Properties END ------------------

---------------- Datapath Model BEGIN ----------------

<LifeTime>
<method=bitvector/>
i                      (alloca           ) [ 010000000]
specinterface_ln0      (specinterface    ) [ 000000000]
specinterface_ln0      (specinterface    ) [ 000000000]
output_gray_1_read     (read             ) [ 000000000]
num_pixels_1_read      (read             ) [ 000000000]
store_ln70             (store            ) [ 000000000]
br_ln70                (br               ) [ 000000000]
i_1                    (load             ) [ 000000000]
icmp_ln70              (icmp             ) [ 011111110]
br_ln70                (br               ) [ 000000000]
add_ln70               (add              ) [ 000000000]
zext_ln70              (zext             ) [ 000000000]
add_ln73               (add              ) [ 000000000]
gmem1_addr             (getelementptr    ) [ 011111111]
store_ln70             (store            ) [ 000000000]
gray_stream_read       (read             ) [ 010100000]
gmem1_addr_req         (writereq         ) [ 000000000]
write_ln73             (write            ) [ 000000000]
specpipeline_ln72      (specpipeline     ) [ 000000000]
speclooptripcount_ln71 (speclooptripcount) [ 000000000]
specloopname_ln70      (specloopname     ) [ 000000000]
gmem1_addr_resp        (writeresp        ) [ 000000000]
br_ln70                (br               ) [ 000000000]
ret_ln0                (ret              ) [ 000000000]
</LifeTime>

<model>

<comp_list>
<comp id="0" class="1000" name="num_pixels_1">
<pin_list>
<pin id="1" dir="1" index="0" bw="1" slack="0"/>
</pin_list>
<bind>
<StgValue><ssdm name="num_pixels_1"/></StgValue>
</bind>
</comp>

<comp id="2" class="1000" name="gray_stream">
<pin_list>
<pin id="3" dir="1" index="0" bw="1" slack="0"/>
</pin_list>
<bind>
<StgValue><ssdm name="gray_stream"/></StgValue>
</bind>
</comp>

<comp id="4" class="1000" name="output_gray_1">
<pin_list>
<pin id="5" dir="1" index="0" bw="1" slack="0"/>
</pin_list>
<bind>
<StgValue><ssdm name="output_gray_1"/></StgValue>
</bind>
</comp>

<comp id="6" class="1000" name="gmem1">
<pin_list>
<pin id="7" dir="1" index="0" bw="1" slack="0"/>
</pin_list>
<bind>
<StgValue><ssdm name="gmem1"/></StgValue>
</bind>
</comp>

<comp id="8" class="1001" name="const_8">
<pin_list>
<pin id="9" dir="1" index="0" bw="1" slack="0"/>
</pin_list>
<bind>
<StgValue><ssdm name=""/></StgValue>
</bind>
</comp>

<comp id="10" class="1001" name="const_10">
<pin_list>
<pin id="11" dir="1" index="0" bw="1" slack="2147483647"/>
</pin_list>
<bind>
<StgValue><ssdm name="_ssdm_op_SpecInterface"/></StgValue>
</bind>
</comp>

<comp id="12" class="1001" name="const_12">
<pin_list>
<pin id="13" dir="1" index="0" bw="1" slack="2147483647"/>
</pin_list>
<bind>
<StgValue><ssdm name="empty_2"/></StgValue>
</bind>
</comp>

<comp id="14" class="1001" name="const_14">
<pin_list>
<pin id="15" dir="1" index="0" bw="1" slack="0"/>
</pin_list>
<bind>
<StgValue><ssdm name=""/></StgValue>
</bind>
</comp>

<comp id="16" class="1001" name="const_16">
<pin_list>
<pin id="17" dir="1" index="0" bw="1" slack="2147483647"/>
</pin_list>
<bind>
<StgValue><ssdm name="empty_10"/></StgValue>
</bind>
</comp>

<comp id="18" class="1001" name="const_18">
<pin_list>
<pin id="19" dir="1" index="0" bw="1" slack="2147483647"/>
</pin_list>
<bind>
<StgValue><ssdm name=""/></StgValue>
</bind>
</comp>

<comp id="20" class="1001" name="const_20">
<pin_list>
<pin id="21" dir="1" index="0" bw="1" slack="2147483647"/>
</pin_list>
<bind>
<StgValue><ssdm name="empty_12"/></StgValue>
</bind>
</comp>

<comp id="22" class="1001" name="const_22">
<pin_list>
<pin id="23" dir="1" index="0" bw="1" slack="2147483647"/>
</pin_list>
<bind>
<StgValue><ssdm name="empty_11"/></StgValue>
</bind>
</comp>

<comp id="24" class="1001" name="const_24">
<pin_list>
<pin id="25" dir="1" index="0" bw="1" slack="2147483647"/>
</pin_list>
<bind>
<StgValue><ssdm name=""/></StgValue>
</bind>
</comp>

<comp id="26" class="1001" name="const_26">
<pin_list>
<pin id="27" dir="1" index="0" bw="1" slack="2147483647"/>
</pin_list>
<bind>
<StgValue><ssdm name=""/></StgValue>
</bind>
</comp>

<comp id="28" class="1001" name="const_28">
<pin_list>
<pin id="29" dir="1" index="0" bw="1" slack="2147483647"/>
</pin_list>
<bind>
<StgValue><ssdm name=""/></StgValue>
</bind>
</comp>

<comp id="30" class="1001" name="const_30">
<pin_list>
<pin id="31" dir="1" index="0" bw="1" slack="2147483647"/>
</pin_list>
<bind>
<StgValue><ssdm name="empty_7"/></StgValue>
</bind>
</comp>

<comp id="32" class="1001" name="const_32">
<pin_list>
<pin id="33" dir="1" index="0" bw="1" slack="0"/>
</pin_list>
<bind>
<StgValue><ssdm name="_ssdm_op_Read.ap_auto.i64"/></StgValue>
</bind>
</comp>

<comp id="34" class="1001" name="const_34">
<pin_list>
<pin id="35" dir="1" index="0" bw="1" slack="0"/>
</pin_list>
<bind>
<StgValue><ssdm name="_ssdm_op_Read.ap_auto.i32"/></StgValue>
</bind>
</comp>

<comp id="36" class="1001" name="const_36">
<pin_list>
<pin id="37" dir="1" index="0" bw="1" slack="0"/>
</pin_list>
<bind>
<StgValue><ssdm name="_ssdm_op_Read.ap_fifo.volatile.i8P0A"/></StgValue>
</bind>
</comp>

<comp id="38" class="1001" name="const_38">
<pin_list>
<pin id="39" dir="1" index="0" bw="1" slack="0"/>
</pin_list>
<bind>
<StgValue><ssdm name="_ssdm_op_WriteReq.m_axi.i8P1A"/></StgValue>
</bind>
</comp>

<comp id="40" class="1001" name="const_40">
<pin_list>
<pin id="41" dir="1" index="0" bw="1" slack="0"/>
</pin_list>
<bind>
<StgValue><ssdm name=""/></StgValue>
</bind>
</comp>

<comp id="42" class="1001" name="const_42">
<pin_list>
<pin id="43" dir="1" index="0" bw="1" slack="0"/>
</pin_list>
<bind>
<StgValue><ssdm name="_ssdm_op_Write.m_axi.volatile.i8P1A"/></StgValue>
</bind>
</comp>

<comp id="44" class="1001" name="const_44">
<pin_list>
<pin id="45" dir="1" index="0" bw="1" slack="0"/>
</pin_list>
<bind>
<StgValue><ssdm name=""/></StgValue>
</bind>
</comp>

<comp id="46" class="1001" name="const_46">
<pin_list>
<pin id="47" dir="1" index="0" bw="1" slack="0"/>
</pin_list>
<bind>
<StgValue><ssdm name="_ssdm_op_WriteResp.m_axi.i8P1A"/></StgValue>
</bind>
</comp>

<comp id="48" class="1001" name="const_48">
<pin_list>
<pin id="49" dir="1" index="0" bw="1" slack="2147483647"/>
</pin_list>
<bind>
<StgValue><ssdm name="_ssdm_op_SpecPipeline"/></StgValue>
</bind>
</comp>

<comp id="50" class="1001" name="const_50">
<pin_list>
<pin id="51" dir="1" index="0" bw="1" slack="2147483647"/>
</pin_list>
<bind>
<StgValue><ssdm name="_ssdm_op_SpecLoopTripCount"/></StgValue>
</bind>
</comp>

<comp id="52" class="1001" name="const_52">
<pin_list>
<pin id="53" dir="1" index="0" bw="1" slack="2147483647"/>
</pin_list>
<bind>
<StgValue><ssdm name=""/></StgValue>
</bind>
</comp>

<comp id="54" class="1001" name="const_54">
<pin_list>
<pin id="55" dir="1" index="0" bw="1" slack="2147483647"/>
</pin_list>
<bind>
<StgValue><ssdm name="_ssdm_op_SpecLoopName"/></StgValue>
</bind>
</comp>

<comp id="56" class="1001" name="const_56">
<pin_list>
<pin id="57" dir="1" index="0" bw="1" slack="2147483647"/>
</pin_list>
<bind>
<StgValue><ssdm name="empty_15"/></StgValue>
</bind>
</comp>

<comp id="58" class="1004" name="i_fu_58">
<pin_list>
<pin id="59" dir="0" index="0" bw="1" slack="0"/>
<pin id="60" dir="1" index="1" bw="32" slack="0"/>
</pin_list>
<bind>
<opcode="alloca(26) " fcode="alloca"/>
<opset="i/1 "/>
</bind>
</comp>

<comp id="62" class="1004" name="output_gray_1_read_read_fu_62">
<pin_list>
<pin id="63" dir="0" index="0" bw="64" slack="0"/>
<pin id="64" dir="0" index="1" bw="64" slack="0"/>
<pin id="65" dir="1" index="2" bw="64" slack="0"/>
</pin_list>
<bind>
<opcode="read(1150) " fcode="read"/>
<opset="output_gray_1_read/1 "/>
</bind>
</comp>

<comp id="68" class="1004" name="num_pixels_1_read_read_fu_68">
<pin_list>
<pin id="69" dir="0" index="0" bw="32" slack="0"/>
<pin id="70" dir="0" index="1" bw="32" slack="0"/>
<pin id="71" dir="1" index="2" bw="32" slack="0"/>
</pin_list>
<bind>
<opcode="read(1150) " fcode="read"/>
<opset="num_pixels_1_read/1 "/>
</bind>
</comp>

<comp id="74" class="1004" name="gray_stream_read_read_fu_74">
<pin_list>
<pin id="75" dir="0" index="0" bw="8" slack="0"/>
<pin id="76" dir="0" index="1" bw="8" slack="0"/>
<pin id="77" dir="1" index="2" bw="8" slack="1"/>
</pin_list>
<bind>
<opcode="read(1150) " fcode="read"/>
<opset="gray_stream_read/2 "/>
</bind>
</comp>

<comp id="80" class="1004" name="grp_writeresp_fu_80">
<pin_list>
<pin id="81" dir="0" index="0" bw="1" slack="0"/>
<pin id="82" dir="0" index="1" bw="8" slack="1"/>
<pin id="83" dir="0" index="2" bw="1" slack="0"/>
<pin id="84" dir="1" index="3" bw="1" slack="2147483647"/>
</pin_list>
<bind>
<opcode="writereq(1155) writeresp(1158) " fcode="writeresp"/>
<opset="gmem1_addr_req/2 gmem1_addr_resp/4 "/>
</bind>
</comp>

<comp id="87" class="1004" name="write_ln73_write_fu_87">
<pin_list>
<pin id="88" dir="0" index="0" bw="0" slack="0"/>
<pin id="89" dir="0" index="1" bw="8" slack="2"/>
<pin id="90" dir="0" index="2" bw="8" slack="1"/>
<pin id="91" dir="0" index="3" bw="1" slack="0"/>
<pin id="92" dir="1" index="4" bw="0" slack="2147483647"/>
</pin_list>
<bind>
<opcode="write(1151) " fcode="write"/>
<opset="write_ln73/3 "/>
</bind>
</comp>

<comp id="96" class="1004" name="store_ln70_store_fu_96">
<pin_list>
<pin id="97" dir="0" index="0" bw="1" slack="0"/>
<pin id="98" dir="0" index="1" bw="32" slack="0"/>
<pin id="99" dir="1" index="2" bw="0" slack="2147483647"/>
</pin_list>
<bind>
<opcode="store(28) " fcode="store"/>
<opset="store_ln70/1 "/>
</bind>
</comp>

<comp id="101" class="1004" name="i_1_load_fu_101">
<pin_list>
<pin id="102" dir="0" index="0" bw="32" slack="0"/>
<pin id="103" dir="1" index="1" bw="32" slack="0"/>
</pin_list>
<bind>
<opcode="load(27) " fcode="load"/>
<opset="i_1/1 "/>
</bind>
</comp>

<comp id="104" class="1004" name="icmp_ln70_fu_104">
<pin_list>
<pin id="105" dir="0" index="0" bw="32" slack="0"/>
<pin id="106" dir="0" index="1" bw="32" slack="0"/>
<pin id="107" dir="1" index="2" bw="1" slack="6"/>
</pin_list>
<bind>
<opcode="icmp(45) " fcode="icmp"/>
<opset="icmp_ln70/1 "/>
</bind>
</comp>

<comp id="110" class="1004" name="add_ln70_fu_110">
<pin_list>
<pin id="111" dir="0" index="0" bw="32" slack="0"/>
<pin id="112" dir="0" index="1" bw="1" slack="0"/>
<pin id="113" dir="1" index="2" bw="32" slack="0"/>
</pin_list>
<bind>
<opcode="add(8) " fcode="add"/>
<opset="add_ln70/1 "/>
</bind>
</comp>

<comp id="116" class="1004" name="zext_ln70_fu_116">
<pin_list>
<pin id="117" dir="0" index="0" bw="32" slack="0"/>
<pin id="118" dir="1" index="1" bw="64" slack="0"/>
</pin_list>
<bind>
<opcode="zext(34) " fcode="zext"/>
<opset="zext_ln70/1 "/>
</bind>
</comp>

<comp id="120" class="1004" name="add_ln73_fu_120">
<pin_list>
<pin id="121" dir="0" index="0" bw="64" slack="0"/>
<pin id="122" dir="0" index="1" bw="32" slack="0"/>
<pin id="123" dir="1" index="2" bw="64" slack="0"/>
</pin_list>
<bind>
<opcode="add(8) " fcode="add"/>
<opset="add_ln73/1 "/>
</bind>
</comp>

<comp id="126" class="1004" name="gmem1_addr_fu_126">
<pin_list>
<pin id="127" dir="0" index="0" bw="64" slack="0"/>
<pin id="128" dir="0" index="1" bw="64" slack="0"/>
<pin id="129" dir="1" index="2" bw="64" slack="1"/>
</pin_list>
<bind>
<opcode="getelementptr(29) " fcode="getelementptr"/>
<opset="gmem1_addr/1 "/>
</bind>
</comp>

<comp id="132" class="1004" name="store_ln70_store_fu_132">
<pin_list>
<pin id="133" dir="0" index="0" bw="32" slack="0"/>
<pin id="134" dir="0" index="1" bw="32" slack="0"/>
<pin id="135" dir="1" index="2" bw="0" slack="2147483647"/>
</pin_list>
<bind>
<opcode="store(28) " fcode="store"/>
<opset="store_ln70/1 "/>
</bind>
</comp>

<comp id="137" class="1005" name="i_reg_137">
<pin_list>
<pin id="138" dir="0" index="0" bw="32" slack="0"/>
<pin id="139" dir="1" index="1" bw="32" slack="0"/>
</pin_list>
<bind>
<opset="i "/>
</bind>
</comp>

<comp id="144" class="1005" name="icmp_ln70_reg_144">
<pin_list>
<pin id="145" dir="0" index="0" bw="1" slack="6"/>
<pin id="146" dir="1" index="1" bw="1" slack="2147483647"/>
</pin_list>
<bind>
<opset="icmp_ln70 "/>
</bind>
</comp>

<comp id="148" class="1005" name="gmem1_addr_reg_148">
<pin_list>
<pin id="149" dir="0" index="0" bw="8" slack="1"/>
<pin id="150" dir="1" index="1" bw="8" slack="1"/>
</pin_list>
<bind>
<opset="gmem1_addr "/>
</bind>
</comp>

<comp id="154" class="1005" name="gray_stream_read_reg_154">
<pin_list>
<pin id="155" dir="0" index="0" bw="8" slack="1"/>
<pin id="156" dir="1" index="1" bw="8" slack="1"/>
</pin_list>
<bind>
<opset="gray_stream_read "/>
</bind>
</comp>

</comp_list>

<net_list>
<net id="61"><net_src comp="8" pin="0"/><net_sink comp="58" pin=0"/></net>

<net id="66"><net_src comp="32" pin="0"/><net_sink comp="62" pin=0"/></net>

<net id="67"><net_src comp="4" pin="0"/><net_sink comp="62" pin=1"/></net>

<net id="72"><net_src comp="34" pin="0"/><net_sink comp="68" pin=0"/></net>

<net id="73"><net_src comp="0" pin="0"/><net_sink comp="68" pin=1"/></net>

<net id="78"><net_src comp="36" pin="0"/><net_sink comp="74" pin=0"/></net>

<net id="79"><net_src comp="2" pin="0"/><net_sink comp="74" pin=1"/></net>

<net id="85"><net_src comp="38" pin="0"/><net_sink comp="80" pin=0"/></net>

<net id="86"><net_src comp="40" pin="0"/><net_sink comp="80" pin=2"/></net>

<net id="93"><net_src comp="42" pin="0"/><net_sink comp="87" pin=0"/></net>

<net id="94"><net_src comp="44" pin="0"/><net_sink comp="87" pin=3"/></net>

<net id="95"><net_src comp="46" pin="0"/><net_sink comp="80" pin=0"/></net>

<net id="100"><net_src comp="14" pin="0"/><net_sink comp="96" pin=0"/></net>

<net id="108"><net_src comp="101" pin="1"/><net_sink comp="104" pin=0"/></net>

<net id="109"><net_src comp="68" pin="2"/><net_sink comp="104" pin=1"/></net>

<net id="114"><net_src comp="101" pin="1"/><net_sink comp="110" pin=0"/></net>

<net id="115"><net_src comp="8" pin="0"/><net_sink comp="110" pin=1"/></net>

<net id="119"><net_src comp="101" pin="1"/><net_sink comp="116" pin=0"/></net>

<net id="124"><net_src comp="62" pin="2"/><net_sink comp="120" pin=0"/></net>

<net id="125"><net_src comp="116" pin="1"/><net_sink comp="120" pin=1"/></net>

<net id="130"><net_src comp="6" pin="0"/><net_sink comp="126" pin=0"/></net>

<net id="131"><net_src comp="120" pin="2"/><net_sink comp="126" pin=1"/></net>

<net id="136"><net_src comp="110" pin="2"/><net_sink comp="132" pin=0"/></net>

<net id="140"><net_src comp="58" pin="1"/><net_sink comp="137" pin=0"/></net>

<net id="141"><net_src comp="137" pin="1"/><net_sink comp="96" pin=1"/></net>

<net id="142"><net_src comp="137" pin="1"/><net_sink comp="101" pin=0"/></net>

<net id="143"><net_src comp="137" pin="1"/><net_sink comp="132" pin=1"/></net>

<net id="147"><net_src comp="104" pin="2"/><net_sink comp="144" pin=0"/></net>

<net id="151"><net_src comp="126" pin="2"/><net_sink comp="148" pin=0"/></net>

<net id="152"><net_src comp="148" pin="1"/><net_sink comp="80" pin=1"/></net>

<net id="153"><net_src comp="148" pin="1"/><net_sink comp="87" pin=1"/></net>

<net id="157"><net_src comp="74" pin="2"/><net_sink comp="154" pin=0"/></net>

<net id="158"><net_src comp="154" pin="1"/><net_sink comp="87" pin=2"/></net>

</net_list>

</model> 
---------------- Datapath Model END ------------------

* FSMD analyzer results:
  - Output states:
	Port: gray_stream | {}
	Port: gmem1 | {2 3 4 5 6 7 8 }
 - Input state : 
	Port: (anonymous namespace)write_output_Pipeline_write_loop : num_pixels_1 | {1 }
	Port: (anonymous namespace)write_output_Pipeline_write_loop : gray_stream | {2 }
	Port: (anonymous namespace)write_output_Pipeline_write_loop : output_gray_1 | {1 }
	Port: (anonymous namespace)write_output_Pipeline_write_loop : gmem1 | {}
  - Chain level:
	State 1
		store_ln70 : 1
		i_1 : 1
		icmp_ln70 : 2
		br_ln70 : 3
		add_ln70 : 2
		zext_ln70 : 2
		add_ln73 : 3
		gmem1_addr : 4
		store_ln70 : 3
	State 2
	State 3
	State 4
	State 5
	State 6
	State 7
	State 8


============================================================
+ Verbose Summary: Datapath Resource usage 
============================================================

* Functional unit list:
|----------|-------------------------------|---------|---------|
| Operation|        Functional Unit        |    FF   |   LUT   |
|----------|-------------------------------|---------|---------|
|    add   |        add_ln70_fu_110        |    0    |    39   |
|          |        add_ln73_fu_120        |    0    |    71   |
|----------|-------------------------------|---------|---------|
|   icmp   |        icmp_ln70_fu_104       |    0    |    39   |
|----------|-------------------------------|---------|---------|
|          | output_gray_1_read_read_fu_62 |    0    |    0    |
|   read   |  num_pixels_1_read_read_fu_68 |    0    |    0    |
|          |  gray_stream_read_read_fu_74  |    0    |    0    |
|----------|-------------------------------|---------|---------|
| writeresp|      grp_writeresp_fu_80      |    0    |    0    |
|----------|-------------------------------|---------|---------|
|   write  |     write_ln73_write_fu_87    |    0    |    0    |
|----------|-------------------------------|---------|---------|
|   zext   |        zext_ln70_fu_116       |    0    |    0    |
|----------|-------------------------------|---------|---------|
|   Total  |                               |    0    |   149   |
|----------|-------------------------------|---------|---------|

Memories:
N/A

* Register list:
+------------------------+--------+
|                        |   FF   |
+------------------------+--------+
|   gmem1_addr_reg_148   |    8   |
|gray_stream_read_reg_154|    8   |
|        i_reg_137       |   32   |
|    icmp_ln70_reg_144   |    1   |
+------------------------+--------+
|          Total         |   49   |
+------------------------+--------+

* Multiplexer (MUX) list: 
|---------------------|------|------|------|--------||---------|
|         Comp        |  Pin | Size |  BW  | S x BW ||  Delay  |
|---------------------|------|------|------|--------||---------|
| grp_writeresp_fu_80 |  p0  |   2  |   1  |    2   |
|---------------------|------|------|------|--------||---------|
|        Total        |      |      |      |    2   ||  0.427  |
|---------------------|------|------|------|--------||---------|



* Summary:
+-----------+--------+--------+--------+
|           |  Delay |   FF   |   LUT  |
+-----------+--------+--------+--------+
|  Function |    -   |    0   |   149  |
|   Memory  |    -   |    -   |    -   |
|Multiplexer|    0   |    -   |    -   |
|  Register |    -   |   49   |    -   |
+-----------+--------+--------+--------+
|   Total   |    0   |   49   |   149  |
+-----------+--------+--------+--------+
