

================================================================
== Vitis HLS Report for 'p_anonymous_namespace_rgb_to_gray_Pipeline_process_loop'
================================================================
* Date:           Sat Jul 11 19:11:15 2026

* Version:        2024.1 (Build 5069499 on May 21 2024)
* Project:        image_accel
* Solution:       hls (Vivado IP Flow Target)
* Product family: zynquplus
* Target device:  xck26-sfvc784-2LV-c


================================================================
== Performance Estimates
================================================================
+ Timing: 
    * Summary: 
    +--------+---------+----------+------------+
    |  Clock |  Target | Estimated| Uncertainty|
    +--------+---------+----------+------------+
    |ap_clk  |  4.00 ns|  2.553 ns|     0.50 ns|
    +--------+---------+----------+------------+

+ Latency: 
    * Summary: 
    +---------+---------+-----------+----------+-----+---------+-----------------------------------------------+
    |  Latency (cycles) |  Latency (absolute)  |    Interval   |                    Pipeline                   |
    |   min   |   max   |    min    |    max   | min |   max   |                      Type                     |
    +---------+---------+-----------+----------+-----+---------+-----------------------------------------------+
    |        7|  2073606|  28.000 ns|  8.294 ms|    2|  2073601|  loop auto-rewind stp(delay=0 clock cycles(s))|
    +---------+---------+-----------+----------+-----+---------+-----------------------------------------------+

    + Detail: 
        * Instance: 
        N/A

        * Loop: 
        +----------------+---------+---------+----------+-----------+-----------+-------------+----------+
        |                |  Latency (cycles) | Iteration|  Initiation Interval  |     Trip    |          |
        |    Loop Name   |   min   |   max   |  Latency |  achieved |   target  |    Count    | Pipelined|
        +----------------+---------+---------+----------+-----------+-----------+-------------+----------+
        |- process_loop  |        5|  2073604|         6|          1|          1|  1 ~ 2073600|       yes|
        +----------------+---------+---------+----------+-----------+-----------+-------------+----------+

============================================================
+ Verbose Summary: Synthesis Manager
============================================================
InlineROM: 1
ExposeGlobal: 0
============================================================
+ Verbose Summary: CDFG Model
============================================================
IsTopModel: 0
ResetActiveHigh: 1
IsCombinational: 0
IsDatapathOnly: 0
HasWiredReturn: 1
HasMFsm: 2
HasVarLatency: 1
IsPipeline: 0
IsRtlPipelined: 0
IsInstanceOverlapped: 0
IsDontTouch: 0
HasImplIP: 0
IsGatedGlobalClock: 0

+ Individual pipeline summary: 
  * Pipeline-0: initiation interval (II) = 1, depth = 6


============================================================
+ Verbose Summary: Schedule
============================================================
* Number of FSM states : 6
* Pipeline : 1
  Pipeline-0 : II = 1, D = 6, States = { 1 2 3 4 5 6 }
* Dataflow Pipeline: 0

* FSM state transitions: 
1 --> 2 
2 --> 3 
3 --> 4 
4 --> 5 
5 --> 6 
6 --> 

* FSM state operations: 

State 1 <SV = 0> <Delay = 1.87>
ST_1 : Operation 9 [1/1] (0.00ns)   --->   "%i = alloca i32 1" [../src/image_accel.cpp:54]   --->   Operation 9 'alloca' 'i' <Predicate = true> <Delay = 0.00>
ST_1 : Operation 10 [1/1] (0.00ns)   --->   "%specinterface_ln0 = specinterface void @_ssdm_op_SpecInterface, i24 %rgb_stream, void @empty_7, i32 0, i32 0, void @empty_10, i32 0, i32 0, void @empty_10, void @empty_10, void @empty_10, i32 0, i32 0, i32 0, i32 0, void @empty_10, void @empty_10, i32 4294967295, i32 0, i32 0"   --->   Operation 10 'specinterface' 'specinterface_ln0' <Predicate = true> <Delay = 0.00>
ST_1 : Operation 11 [1/1] (0.00ns)   --->   "%specinterface_ln0 = specinterface void @_ssdm_op_SpecInterface, i8 %gray_stream, void @empty_7, i32 0, i32 0, void @empty_10, i32 0, i32 0, void @empty_10, void @empty_10, void @empty_10, i32 0, i32 0, i32 0, i32 0, void @empty_10, void @empty_10, i32 4294967295, i32 0, i32 0"   --->   Operation 11 'specinterface' 'specinterface_ln0' <Predicate = true> <Delay = 0.00>
ST_1 : Operation 12 [1/1] (0.00ns)   --->   "%num_pixels_2_read = read i32 @_ssdm_op_Read.ap_auto.i32, i32 %num_pixels_2" [../src/image_accel.cpp:49]   --->   Operation 12 'read' 'num_pixels_2_read' <Predicate = true> <Delay = 0.00>
ST_1 : Operation 13 [1/1] (0.42ns)   --->   "%store_ln54 = store i32 0, i32 %i" [../src/image_accel.cpp:54]   --->   Operation 13 'store' 'store_ln54' <Predicate = true> <Delay = 0.42>
ST_1 : Operation 14 [1/1] (0.00ns)   --->   "%br_ln54 = br void %for.inc" [../src/image_accel.cpp:54]   --->   Operation 14 'br' 'br_ln54' <Predicate = true> <Delay = 0.00>
ST_1 : Operation 15 [1/1] (0.00ns)   --->   "%i_3 = load i32 %i" [../src/image_accel.cpp:54]   --->   Operation 15 'load' 'i_3' <Predicate = true> <Delay = 0.00>
ST_1 : Operation 16 [1/1] (1.01ns)   --->   "%icmp_ln54 = icmp_eq  i32 %i_3, i32 %num_pixels_2_read" [../src/image_accel.cpp:54]   --->   Operation 16 'icmp' 'icmp_ln54' <Predicate = true> <Delay = 1.01> <CoreInst = "Cmp">   --->   Core 9 'Cmp' <Latency = 0> <II = 1> <Delay = 1.01> <FuncUnit> <Opcode : 'seteq' 'setne' 'setle' 'setge' 'setlt' 'setgt'> <InPorts = 2> <OutPorts = 1>
ST_1 : Operation 17 [1/1] (0.00ns)   --->   "%br_ln54 = br i1 %icmp_ln54, void %for.inc.split, void %for.end.loopexit.exitStub" [../src/image_accel.cpp:54]   --->   Operation 17 'br' 'br_ln54' <Predicate = true> <Delay = 0.00>
ST_1 : Operation 18 [1/1] (1.01ns)   --->   "%i_2 = add i32 %i_3, i32 1" [../src/image_accel.cpp:54]   --->   Operation 18 'add' 'i_2' <Predicate = (!icmp_ln54)> <Delay = 1.01> <CoreInst = "Adder">   --->   Core 1 'Adder' <Latency = 0> <II = 1> <Delay = 1.01> <FuncUnit> <Opcode : 'add' 'sub'> <InPorts = 2> <OutPorts = 1>
ST_1 : Operation 19 [1/1] (0.42ns)   --->   "%store_ln54 = store i32 %i_2, i32 %i" [../src/image_accel.cpp:54]   --->   Operation 19 'store' 'store_ln54' <Predicate = (!icmp_ln54)> <Delay = 0.42>

State 2 <SV = 1> <Delay = 2.55>
ST_2 : Operation 20 [1/1] (1.55ns)   --->   "%rgb_stream_read = read i24 @_ssdm_op_Read.ap_fifo.volatile.i24P0A, i24 %rgb_stream" [../src/image_accel.cpp:57]   --->   Operation 20 'read' 'rgb_stream_read' <Predicate = true> <Delay = 1.55> <CoreInst = "FIFO">   --->   Core 77 'FIFO' <Latency = 0> <II = 1> <Delay = 1.55> <Storage> <Opcode : 'read' 'write' 'nbread' 'nbwrite'> <Ports = 0> <Width = 24> <Depth = 64> <FIFO>
ST_2 : Operation 21 [1/1] (0.00ns)   --->   "%pixel_r = trunc i24 %rgb_stream_read" [../src/image_accel.cpp:57]   --->   Operation 21 'trunc' 'pixel_r' <Predicate = true> <Delay = 0.00>
ST_2 : Operation 22 [1/1] (0.00ns)   --->   "%pixel_g = partselect i8 @_ssdm_op_PartSelect.i8.i24.i32.i32, i24 %rgb_stream_read, i32 8, i32 15" [../src/image_accel.cpp:57]   --->   Operation 22 'partselect' 'pixel_g' <Predicate = true> <Delay = 0.00>
ST_2 : Operation 23 [1/1] (0.00ns)   --->   "%tmp = partselect i8 @_ssdm_op_PartSelect.i8.i24.i32.i32, i24 %rgb_stream_read, i32 16, i32 23" [../src/image_accel.cpp:39->../src/image_accel.cpp:58]   --->   Operation 23 'partselect' 'tmp' <Predicate = true> <Delay = 0.00>
ST_2 : Operation 24 [1/1] (0.00ns)   --->   "%zext_ln39_3 = zext i8 %tmp" [../src/image_accel.cpp:39->../src/image_accel.cpp:58]   --->   Operation 24 'zext' 'zext_ln39_3' <Predicate = true> <Delay = 0.00>
ST_2 : Operation 25 [3/3] (0.99ns) (grouped into DSP with root node add_ln39)   --->   "%mul_ln39_2 = mul i13 %zext_ln39_3, i13 29" [../src/image_accel.cpp:39->../src/image_accel.cpp:58]   --->   Operation 25 'mul' 'mul_ln39_2' <Predicate = true> <Delay = 0.99> <CoreInst = "DSP48">   --->   Core 124 'DSP48' <Latency = 3> <II = 1> <Delay = 0.53> <IPBlock> <Opcode : '' 'add' 'sub' 'mul' 'select'> <InPorts = 0> <OutPorts = 1> <Sync> <CReg>

State 3 <SV = 2> <Delay = 0.99>
ST_3 : Operation 26 [1/1] (0.00ns)   --->   "%zext_ln57 = zext i8 %pixel_g" [../src/image_accel.cpp:57]   --->   Operation 26 'zext' 'zext_ln57' <Predicate = true> <Delay = 0.00>
ST_3 : Operation 27 [3/3] (0.99ns) (grouped into DSP with root node weighted_sum)   --->   "%mul_ln39_1 = mul i16 %zext_ln57, i16 150" [../src/image_accel.cpp:39->../src/image_accel.cpp:58]   --->   Operation 27 'mul' 'mul_ln39_1' <Predicate = true> <Delay = 0.99> <CoreInst = "DSP48">   --->   Core 124 'DSP48' <Latency = 3> <II = 1> <Delay = 0.53> <IPBlock> <Opcode : '' 'add' 'sub' 'mul' 'select'> <InPorts = 0> <OutPorts = 1> <Sync> <CReg>
ST_3 : Operation 28 [2/3] (0.99ns) (grouped into DSP with root node add_ln39)   --->   "%mul_ln39_2 = mul i13 %zext_ln39_3, i13 29" [../src/image_accel.cpp:39->../src/image_accel.cpp:58]   --->   Operation 28 'mul' 'mul_ln39_2' <Predicate = true> <Delay = 0.99> <CoreInst = "DSP48">   --->   Core 124 'DSP48' <Latency = 3> <II = 1> <Delay = 0.53> <IPBlock> <Opcode : '' 'add' 'sub' 'mul' 'select'> <InPorts = 0> <OutPorts = 1> <Sync> <CReg>

State 4 <SV = 3> <Delay = 2.29>
ST_4 : Operation 29 [1/1] (0.00ns)   --->   "%zext_ln39 = zext i8 %pixel_r" [../src/image_accel.cpp:39->../src/image_accel.cpp:58]   --->   Operation 29 'zext' 'zext_ln39' <Predicate = true> <Delay = 0.00>
ST_4 : Operation 30 [1/1] (1.65ns)   --->   "%mul_ln39 = mul i15 %zext_ln39, i15 77" [../src/image_accel.cpp:39->../src/image_accel.cpp:58]   --->   Operation 30 'mul' 'mul_ln39' <Predicate = true> <Delay = 1.65> <CoreInst = "Multiplier">   --->   Core 3 'Multiplier' <Latency = 0> <II = 1> <Delay = 1.65> <FuncUnit> <Opcode : 'mul'> <InPorts = 2> <OutPorts = 1>
ST_4 : Operation 31 [2/3] (0.99ns) (grouped into DSP with root node weighted_sum)   --->   "%mul_ln39_1 = mul i16 %zext_ln57, i16 150" [../src/image_accel.cpp:39->../src/image_accel.cpp:58]   --->   Operation 31 'mul' 'mul_ln39_1' <Predicate = true> <Delay = 0.99> <CoreInst = "DSP48">   --->   Core 124 'DSP48' <Latency = 3> <II = 1> <Delay = 0.53> <IPBlock> <Opcode : '' 'add' 'sub' 'mul' 'select'> <InPorts = 0> <OutPorts = 1> <Sync> <CReg>
ST_4 : Operation 32 [1/3] (0.00ns) (grouped into DSP with root node add_ln39)   --->   "%mul_ln39_2 = mul i13 %zext_ln39_3, i13 29" [../src/image_accel.cpp:39->../src/image_accel.cpp:58]   --->   Operation 32 'mul' 'mul_ln39_2' <Predicate = true> <Delay = 0.00> <CoreInst = "DSP48">   --->   Core 124 'DSP48' <Latency = 3> <II = 1> <Delay = 0.53> <IPBlock> <Opcode : '' 'add' 'sub' 'mul' 'select'> <InPorts = 0> <OutPorts = 1> <Sync> <CReg>
ST_4 : Operation 33 [1/1] (0.00ns) (grouped into DSP with root node add_ln39)   --->   "%zext_ln39_1 = zext i13 %mul_ln39_2" [../src/image_accel.cpp:39->../src/image_accel.cpp:58]   --->   Operation 33 'zext' 'zext_ln39_1' <Predicate = true> <Delay = 0.00>
ST_4 : Operation 34 [2/2] (0.64ns) (root node of the DSP)   --->   "%add_ln39 = add i15 %mul_ln39, i15 %zext_ln39_1" [../src/image_accel.cpp:39->../src/image_accel.cpp:58]   --->   Operation 34 'add' 'add_ln39' <Predicate = true> <Delay = 0.64> <CoreInst = "DSP48">   --->   Core 124 'DSP48' <Latency = 3> <II = 1> <Delay = 0.53> <IPBlock> <Opcode : '' 'add' 'sub' 'mul' 'select'> <InPorts = 0> <OutPorts = 1> <Sync> <CReg>

State 5 <SV = 4> <Delay = 1.29>
ST_5 : Operation 35 [1/3] (0.00ns) (grouped into DSP with root node weighted_sum)   --->   "%mul_ln39_1 = mul i16 %zext_ln57, i16 150" [../src/image_accel.cpp:39->../src/image_accel.cpp:58]   --->   Operation 35 'mul' 'mul_ln39_1' <Predicate = true> <Delay = 0.00> <CoreInst = "DSP48">   --->   Core 124 'DSP48' <Latency = 3> <II = 1> <Delay = 0.53> <IPBlock> <Opcode : '' 'add' 'sub' 'mul' 'select'> <InPorts = 0> <OutPorts = 1> <Sync> <CReg>
ST_5 : Operation 36 [1/2] (0.64ns) (root node of the DSP)   --->   "%add_ln39 = add i15 %mul_ln39, i15 %zext_ln39_1" [../src/image_accel.cpp:39->../src/image_accel.cpp:58]   --->   Operation 36 'add' 'add_ln39' <Predicate = true> <Delay = 0.64> <CoreInst = "DSP48">   --->   Core 124 'DSP48' <Latency = 3> <II = 1> <Delay = 0.53> <IPBlock> <Opcode : '' 'add' 'sub' 'mul' 'select'> <InPorts = 0> <OutPorts = 1> <Sync> <CReg>
ST_5 : Operation 37 [1/1] (0.00ns)   --->   "%zext_ln39_2 = zext i15 %add_ln39" [../src/image_accel.cpp:39->../src/image_accel.cpp:58]   --->   Operation 37 'zext' 'zext_ln39_2' <Predicate = true> <Delay = 0.00>
ST_5 : Operation 38 [2/2] (0.64ns) (root node of the DSP)   --->   "%weighted_sum = add i16 %zext_ln39_2, i16 %mul_ln39_1" [../src/image_accel.cpp:39->../src/image_accel.cpp:58]   --->   Operation 38 'add' 'weighted_sum' <Predicate = true> <Delay = 0.64> <CoreInst = "DSP48">   --->   Core 124 'DSP48' <Latency = 3> <II = 1> <Delay = 0.53> <IPBlock> <Opcode : '' 'add' 'sub' 'mul' 'select'> <InPorts = 0> <OutPorts = 1> <Sync> <CReg>
ST_5 : Operation 46 [1/1] (0.42ns)   --->   "%ret_ln0 = ret"   --->   Operation 46 'ret' 'ret_ln0' <Predicate = (icmp_ln54)> <Delay = 0.42>

State 6 <SV = 5> <Delay = 2.39>
ST_6 : Operation 39 [1/1] (0.00ns)   --->   "%specpipeline_ln56 = specpipeline void @_ssdm_op_SpecPipeline, i32 1, i32 0, i32 0, i32 0, void @empty_10" [../src/image_accel.cpp:56]   --->   Operation 39 'specpipeline' 'specpipeline_ln56' <Predicate = true> <Delay = 0.00>
ST_6 : Operation 40 [1/1] (0.00ns)   --->   "%speclooptripcount_ln55 = speclooptripcount void @_ssdm_op_SpecLoopTripCount, i64 1, i64 2073600, i64 2073600" [../src/image_accel.cpp:55]   --->   Operation 40 'speclooptripcount' 'speclooptripcount_ln55' <Predicate = true> <Delay = 0.00>
ST_6 : Operation 41 [1/1] (0.00ns)   --->   "%specloopname_ln54 = specloopname void @_ssdm_op_SpecLoopName, void @empty_8" [../src/image_accel.cpp:54]   --->   Operation 41 'specloopname' 'specloopname_ln54' <Predicate = true> <Delay = 0.00>
ST_6 : Operation 42 [1/2] (0.64ns) (root node of the DSP)   --->   "%weighted_sum = add i16 %zext_ln39_2, i16 %mul_ln39_1" [../src/image_accel.cpp:39->../src/image_accel.cpp:58]   --->   Operation 42 'add' 'weighted_sum' <Predicate = true> <Delay = 0.64> <CoreInst = "DSP48">   --->   Core 124 'DSP48' <Latency = 3> <II = 1> <Delay = 0.53> <IPBlock> <Opcode : '' 'add' 'sub' 'mul' 'select'> <InPorts = 0> <OutPorts = 1> <Sync> <CReg>
ST_6 : Operation 43 [1/1] (0.00ns)   --->   "%trunc_ln = partselect i8 @_ssdm_op_PartSelect.i8.i16.i32.i32, i16 %weighted_sum, i32 8, i32 15" [../src/image_accel.cpp:43->../src/image_accel.cpp:58]   --->   Operation 43 'partselect' 'trunc_ln' <Predicate = true> <Delay = 0.00>
ST_6 : Operation 44 [1/1] (1.75ns)   --->   "%write_ln58 = write void @_ssdm_op_Write.ap_fifo.volatile.i8P0A, i8 %gray_stream, i8 %trunc_ln" [../src/image_accel.cpp:58]   --->   Operation 44 'write' 'write_ln58' <Predicate = true> <Delay = 1.75> <CoreInst = "FIFO_SRL">   --->   Core 80 'FIFO_SRL' <Latency = 0> <II = 1> <Delay = 2.16> <Storage> <Opcode : 'read' 'write' 'nbread' 'nbwrite'> <Ports = 0> <Width = 8> <Depth = 64> <FIFO>
ST_6 : Operation 45 [1/1] (0.00ns)   --->   "%br_ln54 = br void %for.inc" [../src/image_accel.cpp:54]   --->   Operation 45 'br' 'br_ln54' <Predicate = true> <Delay = 0.00>


============================================================
+ Verbose Summary: Timing violations
============================================================
Target clock period: 4.000ns, clock uncertainty: 0.500ns.

 <State 1>: 1.870ns
The critical path consists of the following:
	'store' operation 0 bit ('store_ln54', ../src/image_accel.cpp:54) of constant 0 on local variable 'i', ../src/image_accel.cpp:54 [8]  (0.427 ns)
	'load' operation 32 bit ('i', ../src/image_accel.cpp:54) on local variable 'i', ../src/image_accel.cpp:54 [11]  (0.000 ns)
	'icmp' operation 1 bit ('icmp_ln54', ../src/image_accel.cpp:54) [12]  (1.016 ns)
	'store' operation 0 bit ('store_ln54', ../src/image_accel.cpp:54) of variable 'i', ../src/image_accel.cpp:54 on local variable 'i', ../src/image_accel.cpp:54 [35]  (0.427 ns)

 <State 2>: 2.553ns
The critical path consists of the following:
	fifo read operation ('rgb_stream_read', ../src/image_accel.cpp:57) on port 'rgb_stream' (../src/image_accel.cpp:57) [19]  (1.557 ns)
	'mul' operation 13 bit of DSP[30] ('mul_ln39_2', ../src/image_accel.cpp:39->../src/image_accel.cpp:58) [28]  (0.996 ns)

 <State 3>: 0.996ns
The critical path consists of the following:
	'mul' operation 16 bit of DSP[32] ('mul_ln39_1', ../src/image_accel.cpp:39->../src/image_accel.cpp:58) [25]  (0.996 ns)

 <State 4>: 2.295ns
The critical path consists of the following:
	'mul' operation 15 bit ('mul_ln39', ../src/image_accel.cpp:39->../src/image_accel.cpp:58) [24]  (1.650 ns)
	'add' operation 15 bit of DSP[30] ('add_ln39', ../src/image_accel.cpp:39->../src/image_accel.cpp:58) [30]  (0.645 ns)

 <State 5>: 1.290ns
The critical path consists of the following:
	'add' operation 15 bit of DSP[30] ('add_ln39', ../src/image_accel.cpp:39->../src/image_accel.cpp:58) [30]  (0.645 ns)
	'add' operation 16 bit of DSP[32] ('weighted_sum', ../src/image_accel.cpp:39->../src/image_accel.cpp:58) [32]  (0.645 ns)

 <State 6>: 2.395ns
The critical path consists of the following:
	'add' operation 16 bit of DSP[32] ('weighted_sum', ../src/image_accel.cpp:39->../src/image_accel.cpp:58) [32]  (0.645 ns)
	fifo write operation ('write_ln58', ../src/image_accel.cpp:58) on port 'gray_stream' (../src/image_accel.cpp:58) [34]  (1.750 ns)


============================================================
+ Verbose Summary: Binding
============================================================
N/A
* FSMD analyzer results:
  - Output states:
 - Input state : 
  - Chain level:
	State 1
	State 2
	State 3
	State 4
	State 5
	State 6


============================================================
+ Verbose Summary: Datapath Resource usage 
============================================================
N/A
