

================================================================
== Vitis HLS Report for 'p_anonymous_namespace_write_output_Pipeline_write_loop'
================================================================
* Date:           Sat Jul 11 19:11:15 2026

* Version:        2024.1 (Build 5069499 on May 21 2024)
* Project:        image_accel
* Solution:       hls (Vivado IP Flow Target)
* Product family: zynquplus
* Target device:  xck26-sfvc784-2LV-c


================================================================
== Performance Estimates
================================================================
+ Timing: 
    * Summary: 
    +--------+---------+----------+------------+
    |  Clock |  Target | Estimated| Uncertainty|
    +--------+---------+----------+------------+
    |ap_clk  |  4.00 ns|  3.500 ns|     0.50 ns|
    +--------+---------+----------+------------+

+ Latency: 
    * Summary: 
    +---------+---------+-----------+----------+-----+---------+-----------------------------------------------+
    |  Latency (cycles) |  Latency (absolute)  |    Interval   |                    Pipeline                   |
    |   min   |   max   |    min    |    max   | min |   max   |                      Type                     |
    +---------+---------+-----------+----------+-----+---------+-----------------------------------------------+
    |        9|  2073608|  36.000 ns|  8.294 ms|    2|  2073601|  loop auto-rewind stp(delay=0 clock cycles(s))|
    +---------+---------+-----------+----------+-----+---------+-----------------------------------------------+

    + Detail: 
        * Instance: 
        N/A

        * Loop: 
        +--------------+---------+---------+----------+-----------+-----------+-------------+----------+
        |              |  Latency (cycles) | Iteration|  Initiation Interval  |     Trip    |          |
        |   Loop Name  |   min   |   max   |  Latency |  achieved |   target  |    Count    | Pipelined|
        +--------------+---------+---------+----------+-----------+-----------+-------------+----------+
        |- write_loop  |        7|  2073606|         8|          1|          1|  1 ~ 2073600|       yes|
        +--------------+---------+---------+----------+-----------+-----------+-------------+----------+

============================================================
+ Verbose Summary: Synthesis Manager
============================================================
InlineROM: 1
ExposeGlobal: 0
============================================================
+ Verbose Summary: CDFG Model
============================================================
IsTopModel: 0
ResetActiveHigh: 1
IsCombinational: 0
IsDatapathOnly: 0
HasWiredReturn: 1
HasMFsm: 2
HasVarLatency: 1
IsPipeline: 0
IsRtlPipelined: 0
IsInstanceOverlapped: 0
IsDontTouch: 0
HasImplIP: 0
IsGatedGlobalClock: 0

+ Individual pipeline summary: 
  * Pipeline-0: initiation interval (II) = 1, depth = 8


============================================================
+ Verbose Summary: Schedule
============================================================
* Number of FSM states : 8
* Pipeline : 1
  Pipeline-0 : II = 1, D = 8, States = { 1 2 3 4 5 6 7 8 }
* Dataflow Pipeline: 0

* FSM state transitions: 
1 --> 2 
2 --> 3 
3 --> 4 
4 --> 5 
5 --> 6 
6 --> 7 
7 --> 8 
8 --> 

* FSM state operations: 

State 1 <SV = 0> <Delay = 1.87>
ST_1 : Operation 11 [1/1] (0.00ns)   --->   "%i = alloca i32 1" [../src/image_accel.cpp:70]   --->   Operation 11 'alloca' 'i' <Predicate = true> <Delay = 0.00>
ST_1 : Operation 12 [1/1] (0.00ns)   --->   "%specinterface_ln0 = specinterface void @_ssdm_op_SpecInterface, i8 %gmem1, void @empty_2, i32 0, i32 0, void @empty_10, i32 0, i32 2073600, void @empty_12, void @empty_11, void @empty_10, i32 16, i32 16, i32 16, i32 64, void @empty_10, void @empty_10, i32 4294967295, i32 0, i32 0"   --->   Operation 12 'specinterface' 'specinterface_ln0' <Predicate = true> <Delay = 0.00>
ST_1 : Operation 13 [1/1] (0.00ns)   --->   "%specinterface_ln0 = specinterface void @_ssdm_op_SpecInterface, i8 %gray_stream, void @empty_7, i32 0, i32 0, void @empty_10, i32 0, i32 0, void @empty_10, void @empty_10, void @empty_10, i32 0, i32 0, i32 0, i32 0, void @empty_10, void @empty_10, i32 4294967295, i32 0, i32 0"   --->   Operation 13 'specinterface' 'specinterface_ln0' <Predicate = true> <Delay = 0.00>
ST_1 : Operation 14 [1/1] (0.00ns)   --->   "%output_gray_1_read = read i64 @_ssdm_op_Read.ap_auto.i64, i64 %output_gray_1" [../src/image_accel.cpp:64]   --->   Operation 14 'read' 'output_gray_1_read' <Predicate = true> <Delay = 0.00>
ST_1 : Operation 15 [1/1] (0.00ns)   --->   "%num_pixels_1_read = read i32 @_ssdm_op_Read.ap_auto.i32, i32 %num_pixels_1" [../src/image_accel.cpp:64]   --->   Operation 15 'read' 'num_pixels_1_read' <Predicate = true> <Delay = 0.00>
ST_1 : Operation 16 [1/1] (0.42ns)   --->   "%store_ln70 = store i32 0, i32 %i" [../src/image_accel.cpp:70]   --->   Operation 16 'store' 'store_ln70' <Predicate = true> <Delay = 0.42>
ST_1 : Operation 17 [1/1] (0.00ns)   --->   "%br_ln70 = br void %for.inc" [../src/image_accel.cpp:70]   --->   Operation 17 'br' 'br_ln70' <Predicate = true> <Delay = 0.00>
ST_1 : Operation 18 [1/1] (0.00ns)   --->   "%i_1 = load i32 %i" [../src/image_accel.cpp:70]   --->   Operation 18 'load' 'i_1' <Predicate = true> <Delay = 0.00>
ST_1 : Operation 19 [1/1] (1.01ns)   --->   "%icmp_ln70 = icmp_eq  i32 %i_1, i32 %num_pixels_1_read" [../src/image_accel.cpp:70]   --->   Operation 19 'icmp' 'icmp_ln70' <Predicate = true> <Delay = 1.01> <CoreInst = "Cmp">   --->   Core 9 'Cmp' <Latency = 0> <II = 1> <Delay = 1.01> <FuncUnit> <Opcode : 'seteq' 'setne' 'setle' 'setge' 'setlt' 'setgt'> <InPorts = 2> <OutPorts = 1>
ST_1 : Operation 20 [1/1] (0.00ns)   --->   "%br_ln70 = br i1 %icmp_ln70, void %for.inc.split, void %for.end.loopexit.exitStub" [../src/image_accel.cpp:70]   --->   Operation 20 'br' 'br_ln70' <Predicate = true> <Delay = 0.00>
ST_1 : Operation 21 [1/1] (1.01ns)   --->   "%add_ln70 = add i32 %i_1, i32 1" [../src/image_accel.cpp:70]   --->   Operation 21 'add' 'add_ln70' <Predicate = (!icmp_ln70)> <Delay = 1.01> <CoreInst = "Adder">   --->   Core 1 'Adder' <Latency = 0> <II = 1> <Delay = 1.01> <FuncUnit> <Opcode : 'add' 'sub'> <InPorts = 2> <OutPorts = 1>
ST_1 : Operation 22 [1/1] (0.00ns)   --->   "%zext_ln70 = zext i32 %i_1" [../src/image_accel.cpp:70]   --->   Operation 22 'zext' 'zext_ln70' <Predicate = (!icmp_ln70)> <Delay = 0.00>
ST_1 : Operation 23 [1/1] (1.08ns)   --->   "%add_ln73 = add i64 %output_gray_1_read, i64 %zext_ln70" [../src/image_accel.cpp:73]   --->   Operation 23 'add' 'add_ln73' <Predicate = (!icmp_ln70)> <Delay = 1.08> <CoreInst = "Adder">   --->   Core 1 'Adder' <Latency = 0> <II = 1> <Delay = 1.08> <FuncUnit> <Opcode : 'add' 'sub'> <InPorts = 2> <OutPorts = 1>
ST_1 : Operation 24 [1/1] (0.00ns)   --->   "%gmem1_addr = getelementptr i8 %gmem1, i64 %add_ln73" [../src/image_accel.cpp:73]   --->   Operation 24 'getelementptr' 'gmem1_addr' <Predicate = (!icmp_ln70)> <Delay = 0.00>
ST_1 : Operation 25 [1/1] (0.42ns)   --->   "%store_ln70 = store i32 %add_ln70, i32 %i" [../src/image_accel.cpp:70]   --->   Operation 25 'store' 'store_ln70' <Predicate = (!icmp_ln70)> <Delay = 0.42>

State 2 <SV = 1> <Delay = 3.50>
ST_2 : Operation 26 [1/1] (1.75ns)   --->   "%gray_stream_read = read i8 @_ssdm_op_Read.ap_fifo.volatile.i8P0A, i8 %gray_stream" [../src/image_accel.cpp:74]   --->   Operation 26 'read' 'gray_stream_read' <Predicate = true> <Delay = 1.75> <CoreInst = "FIFO_SRL">   --->   Core 80 'FIFO_SRL' <Latency = 0> <II = 1> <Delay = 2.16> <Storage> <Opcode : 'read' 'write' 'nbread' 'nbwrite'> <Ports = 0> <Width = 8> <Depth = 64> <FIFO>
ST_2 : Operation 27 [1/1] (3.50ns)   --->   "%gmem1_addr_req = writereq i1 @_ssdm_op_WriteReq.m_axi.i8P1A, i8 %gmem1_addr, i64 1" [../src/image_accel.cpp:73]   --->   Operation 27 'writereq' 'gmem1_addr_req' <Predicate = true> <Delay = 3.50> <CoreInst = "m_axi">   --->   Core 119 'm_axi' <Latency = 0> <II = 1> <Delay = 1.00> <Adapter> <Opcode : 'read' 'write' 'readreq' 'writereq' 'writeresp'>

State 3 <SV = 2> <Delay = 3.50>
ST_3 : Operation 28 [1/1] (3.50ns)   --->   "%write_ln73 = write void @_ssdm_op_Write.m_axi.volatile.i8P1A, i8 %gmem1_addr, i8 %gray_stream_read, i1 1" [../src/image_accel.cpp:73]   --->   Operation 28 'write' 'write_ln73' <Predicate = true> <Delay = 3.50> <CoreInst = "m_axi">   --->   Core 119 'm_axi' <Latency = 0> <II = 1> <Delay = 1.00> <Adapter> <Opcode : 'read' 'write' 'readreq' 'writereq' 'writeresp'>

State 4 <SV = 3> <Delay = 3.50>
ST_4 : Operation 29 [5/5] (3.50ns)   --->   "%gmem1_addr_resp = writeresp i1 @_ssdm_op_WriteResp.m_axi.i8P1A, i8 %gmem1_addr" [../src/image_accel.cpp:73]   --->   Operation 29 'writeresp' 'gmem1_addr_resp' <Predicate = true> <Delay = 3.50> <CoreInst = "m_axi">   --->   Core 119 'm_axi' <Latency = 0> <II = 1> <Delay = 1.00> <Adapter> <Opcode : 'read' 'write' 'readreq' 'writereq' 'writeresp'>

State 5 <SV = 4> <Delay = 3.50>
ST_5 : Operation 30 [4/5] (3.50ns)   --->   "%gmem1_addr_resp = writeresp i1 @_ssdm_op_WriteResp.m_axi.i8P1A, i8 %gmem1_addr" [../src/image_accel.cpp:73]   --->   Operation 30 'writeresp' 'gmem1_addr_resp' <Predicate = true> <Delay = 3.50> <CoreInst = "m_axi">   --->   Core 119 'm_axi' <Latency = 0> <II = 1> <Delay = 1.00> <Adapter> <Opcode : 'read' 'write' 'readreq' 'writereq' 'writeresp'>

State 6 <SV = 5> <Delay = 3.50>
ST_6 : Operation 31 [3/5] (3.50ns)   --->   "%gmem1_addr_resp = writeresp i1 @_ssdm_op_WriteResp.m_axi.i8P1A, i8 %gmem1_addr" [../src/image_accel.cpp:73]   --->   Operation 31 'writeresp' 'gmem1_addr_resp' <Predicate = true> <Delay = 3.50> <CoreInst = "m_axi">   --->   Core 119 'm_axi' <Latency = 0> <II = 1> <Delay = 1.00> <Adapter> <Opcode : 'read' 'write' 'readreq' 'writereq' 'writeresp'>

State 7 <SV = 6> <Delay = 3.50>
ST_7 : Operation 32 [2/5] (3.50ns)   --->   "%gmem1_addr_resp = writeresp i1 @_ssdm_op_WriteResp.m_axi.i8P1A, i8 %gmem1_addr" [../src/image_accel.cpp:73]   --->   Operation 32 'writeresp' 'gmem1_addr_resp' <Predicate = true> <Delay = 3.50> <CoreInst = "m_axi">   --->   Core 119 'm_axi' <Latency = 0> <II = 1> <Delay = 1.00> <Adapter> <Opcode : 'read' 'write' 'readreq' 'writereq' 'writeresp'>
ST_7 : Operation 38 [1/1] (0.42ns)   --->   "%ret_ln0 = ret"   --->   Operation 38 'ret' 'ret_ln0' <Predicate = (icmp_ln70)> <Delay = 0.42>

State 8 <SV = 7> <Delay = 3.50>
ST_8 : Operation 33 [1/1] (0.00ns)   --->   "%specpipeline_ln72 = specpipeline void @_ssdm_op_SpecPipeline, i32 1, i32 0, i32 0, i32 0, void @empty_10" [../src/image_accel.cpp:72]   --->   Operation 33 'specpipeline' 'specpipeline_ln72' <Predicate = true> <Delay = 0.00>
ST_8 : Operation 34 [1/1] (0.00ns)   --->   "%speclooptripcount_ln71 = speclooptripcount void @_ssdm_op_SpecLoopTripCount, i64 1, i64 2073600, i64 2073600" [../src/image_accel.cpp:71]   --->   Operation 34 'speclooptripcount' 'speclooptripcount_ln71' <Predicate = true> <Delay = 0.00>
ST_8 : Operation 35 [1/1] (0.00ns)   --->   "%specloopname_ln70 = specloopname void @_ssdm_op_SpecLoopName, void @empty_15" [../src/image_accel.cpp:70]   --->   Operation 35 'specloopname' 'specloopname_ln70' <Predicate = true> <Delay = 0.00>
ST_8 : Operation 36 [1/5] (3.50ns)   --->   "%gmem1_addr_resp = writeresp i1 @_ssdm_op_WriteResp.m_axi.i8P1A, i8 %gmem1_addr" [../src/image_accel.cpp:73]   --->   Operation 36 'writeresp' 'gmem1_addr_resp' <Predicate = true> <Delay = 3.50> <CoreInst = "m_axi">   --->   Core 119 'm_axi' <Latency = 0> <II = 1> <Delay = 1.00> <Adapter> <Opcode : 'read' 'write' 'readreq' 'writereq' 'writeresp'>
ST_8 : Operation 37 [1/1] (0.00ns)   --->   "%br_ln70 = br void %for.inc" [../src/image_accel.cpp:70]   --->   Operation 37 'br' 'br_ln70' <Predicate = true> <Delay = 0.00>


============================================================
+ Verbose Summary: Timing violations
============================================================
Target clock period: 4.000ns, clock uncertainty: 0.500ns.

 <State 1>: 1.870ns
The critical path consists of the following:
	'store' operation 0 bit ('store_ln70', ../src/image_accel.cpp:70) of constant 0 on local variable 'i', ../src/image_accel.cpp:70 [10]  (0.427 ns)
	'load' operation 32 bit ('i', ../src/image_accel.cpp:70) on local variable 'i', ../src/image_accel.cpp:70 [13]  (0.000 ns)
	'add' operation 32 bit ('add_ln70', ../src/image_accel.cpp:70) [17]  (1.016 ns)
	'store' operation 0 bit ('store_ln70', ../src/image_accel.cpp:70) of variable 'add_ln70', ../src/image_accel.cpp:70 on local variable 'i', ../src/image_accel.cpp:70 [28]  (0.427 ns)

 <State 2>: 3.500ns
The critical path consists of the following:
	bus request operation ('gmem1_addr_req', ../src/image_accel.cpp:73) on port 'gmem1' (../src/image_accel.cpp:73) [25]  (3.500 ns)

 <State 3>: 3.500ns
The critical path consists of the following:
	bus write operation ('write_ln73', ../src/image_accel.cpp:73) on port 'gmem1' (../src/image_accel.cpp:73) [26]  (3.500 ns)

 <State 4>: 3.500ns
The critical path consists of the following:
	bus response operation ('gmem1_addr_resp', ../src/image_accel.cpp:73) on port 'gmem1' (../src/image_accel.cpp:73) [27]  (3.500 ns)

 <State 5>: 3.500ns
The critical path consists of the following:
	bus response operation ('gmem1_addr_resp', ../src/image_accel.cpp:73) on port 'gmem1' (../src/image_accel.cpp:73) [27]  (3.500 ns)

 <State 6>: 3.500ns
The critical path consists of the following:
	bus response operation ('gmem1_addr_resp', ../src/image_accel.cpp:73) on port 'gmem1' (../src/image_accel.cpp:73) [27]  (3.500 ns)

 <State 7>: 3.500ns
The critical path consists of the following:
	bus response operation ('gmem1_addr_resp', ../src/image_accel.cpp:73) on port 'gmem1' (../src/image_accel.cpp:73) [27]  (3.500 ns)

 <State 8>: 3.500ns
The critical path consists of the following:
	bus response operation ('gmem1_addr_resp', ../src/image_accel.cpp:73) on port 'gmem1' (../src/image_accel.cpp:73) [27]  (3.500 ns)


============================================================
+ Verbose Summary: Binding
============================================================
N/A
* FSMD analyzer results:
  - Output states:
 - Input state : 
  - Chain level:
	State 1
	State 2
	State 3
	State 4
	State 5
	State 6
	State 7
	State 8


============================================================
+ Verbose Summary: Datapath Resource usage 
============================================================
N/A
