

================================================================
== Vitis HLS Report for 'p_anonymous_namespace_read_input'
================================================================
* Date:           Sat Jul 11 19:11:15 2026

* Version:        2024.1 (Build 5069499 on May 21 2024)
* Project:        image_accel
* Solution:       hls (Vivado IP Flow Target)
* Product family: zynquplus
* Target device:  xck26-sfvc784-2LV-c


================================================================
== Performance Estimates
================================================================
+ Timing: 
    * Summary: 
    +--------+---------+----------+------------+
    |  Clock |  Target | Estimated| Uncertainty|
    +--------+---------+----------+------------+
    |ap_clk  |  4.00 ns|  3.500 ns|     0.50 ns|
    +--------+---------+----------+------------+

+ Latency: 
    * Summary: 
    +---------+---------+-----------+-----------+-----+---------+---------+
    |  Latency (cycles) |   Latency (absolute)  |    Interval   | Pipeline|
    |   min   |   max   |    min    |    max    | min |   max   |   Type  |
    +---------+---------+-----------+-----------+-----+---------+---------+
    |       16|  6220813|  64.000 ns|  24.883 ms|   16|  6220813|       no|
    +---------+---------+-----------+-----------+-----+---------+---------+

    + Detail: 
        * Instance: 
        +---------------------------------------------------------------+-----------------------------------------------------+---------+---------+-----------+-----------+-----+---------+-----------------------------------------------+
        |                                                               |                                                     |  Latency (cycles) |   Latency (absolute)  |    Interval   |                    Pipeline                   |
        |                            Instance                           |                        Module                       |   min   |   max   |    min    |    max    | min |   max   |                      Type                     |
        +---------------------------------------------------------------+-----------------------------------------------------+---------+---------+-----------+-----------+-----+---------+-----------------------------------------------+
        |grp_p_anonymous_namespace_read_input_Pipeline_read_loop_fu_70  |p_anonymous_namespace_read_input_Pipeline_read_loop  |       14|  6220811|  56.000 ns|  24.883 ms|    6|  6220803|  loop auto-rewind stp(delay=0 clock cycles(s))|
        +---------------------------------------------------------------+-----------------------------------------------------+---------+---------+-----------+-----------+-----+---------+-----------------------------------------------+

        * Loop: 
        N/A



================================================================
== Utilization Estimates
================================================================
* Summary: 
+-----------------+---------+------+--------+--------+-----+
|       Name      | BRAM_18K|  DSP |   FF   |   LUT  | URAM|
+-----------------+---------+------+--------+--------+-----+
|DSP              |        -|     -|       -|       -|    -|
|Expression       |        -|     -|       0|       2|    -|
|FIFO             |        -|     -|       -|       -|    -|
|Instance         |        -|     -|     357|     600|    -|
|Memory           |        -|     -|       -|       -|    -|
|Multiplexer      |        -|     -|       0|      74|    -|
|Register         |        -|     -|       6|       -|    -|
+-----------------+---------+------+--------+--------+-----+
|Total            |        0|     0|     363|     676|    0|
+-----------------+---------+------+--------+--------+-----+
|Available        |      288|  1248|  234240|  117120|   64|
+-----------------+---------+------+--------+--------+-----+
|Utilization (%)  |        0|     0|      ~0|      ~0|    0|
+-----------------+---------+------+--------+--------+-----+

+ Detail: 
    * Instance: 
    +---------------------------------------------------------------+-----------------------------------------------------+---------+----+-----+-----+-----+
    |                            Instance                           |                        Module                       | BRAM_18K| DSP|  FF | LUT | URAM|
    +---------------------------------------------------------------+-----------------------------------------------------+---------+----+-----+-----+-----+
    |grp_p_anonymous_namespace_read_input_Pipeline_read_loop_fu_70  |p_anonymous_namespace_read_input_Pipeline_read_loop  |        0|   0|  357|  600|    0|
    +---------------------------------------------------------------+-----------------------------------------------------+---------+----+-----+-----+-----+
    |Total                                                          |                                                     |        0|   0|  357|  600|    0|
    +---------------------------------------------------------------+-----------------------------------------------------+---------+----+-----+-----+-----+

    * DSP: 
    N/A

    * Memory: 
    N/A

    * FIFO: 
    N/A

    * Expression: 
    +-----------------+----------+----+---+----+------------+------------+
    |  Variable Name  | Operation| DSP| FF| LUT| Bitwidth P0| Bitwidth P1|
    +-----------------+----------+----+---+----+------------+------------+
    |ap_block_state1  |        or|   0|  0|   2|           1|           1|
    +-----------------+----------+----+---+----+------------+------------+
    |Total            |          |   0|  0|   2|           1|           1|
    +-----------------+----------+----+---+----+------------+------------+

    * Multiplexer: 
    +---------------------+----+-----------+-----+-----------+
    |         Name        | LUT| Input Size| Bits| Total Bits|
    +---------------------+----+-----------+-----+-----------+
    |ap_NS_fsm            |  20|          4|    1|          4|
    |ap_done              |   9|          2|    1|          2|
    |m_axi_gmem0_ARVALID  |   9|          2|    1|          2|
    |m_axi_gmem0_RREADY   |   9|          2|    1|          2|
    |num_pixels_c1_blk_n  |   9|          2|    1|          2|
    |real_start           |   9|          2|    1|          2|
    |rgb_stream_write     |   9|          2|    1|          2|
    +---------------------+----+-----------+-----+-----------+
    |Total                |  74|         16|    7|         16|
    +---------------------+----+-----------+-----+-----------+

    * Register: 
    +----------------------------------------------------------------------------+---+----+-----+-----------+
    |                                    Name                                    | FF| LUT| Bits| Const Bits|
    +----------------------------------------------------------------------------+---+----+-----+-----------+
    |ap_CS_fsm                                                                   |  3|   0|    3|          0|
    |ap_done_reg                                                                 |  1|   0|    1|          0|
    |grp_p_anonymous_namespace_read_input_Pipeline_read_loop_fu_70_ap_start_reg  |  1|   0|    1|          0|
    |start_once_reg                                                              |  1|   0|    1|          0|
    +----------------------------------------------------------------------------+---+----+-----+-----------+
    |Total                                                                       |  6|   0|    6|          0|
    +----------------------------------------------------------------------------+---+----+-----+-----------+



================================================================
== Interface
================================================================
* Summary: 
+------------------------------+-----+-----+------------+---------------------------------+--------------+
|           RTL Ports          | Dir | Bits|  Protocol  |          Source Object          |    C Type    |
+------------------------------+-----+-----+------------+---------------------------------+--------------+
|ap_clk                        |   in|    1|  ap_ctrl_hs|  (anonymous namespace)read_input|  return value|
|ap_rst                        |   in|    1|  ap_ctrl_hs|  (anonymous namespace)read_input|  return value|
|ap_start                      |   in|    1|  ap_ctrl_hs|  (anonymous namespace)read_input|  return value|
|start_full_n                  |   in|    1|  ap_ctrl_hs|  (anonymous namespace)read_input|  return value|
|ap_done                       |  out|    1|  ap_ctrl_hs|  (anonymous namespace)read_input|  return value|
|ap_continue                   |   in|    1|  ap_ctrl_hs|  (anonymous namespace)read_input|  return value|
|ap_idle                       |  out|    1|  ap_ctrl_hs|  (anonymous namespace)read_input|  return value|
|ap_ready                      |  out|    1|  ap_ctrl_hs|  (anonymous namespace)read_input|  return value|
|start_out                     |  out|    1|  ap_ctrl_hs|  (anonymous namespace)read_input|  return value|
|start_write                   |  out|    1|  ap_ctrl_hs|  (anonymous namespace)read_input|  return value|
|m_axi_gmem0_AWVALID           |  out|    1|       m_axi|                            gmem0|       pointer|
|m_axi_gmem0_AWREADY           |   in|    1|       m_axi|                            gmem0|       pointer|
|m_axi_gmem0_AWADDR            |  out|   64|       m_axi|                            gmem0|       pointer|
|m_axi_gmem0_AWID              |  out|    1|       m_axi|                            gmem0|       pointer|
|m_axi_gmem0_AWLEN             |  out|   32|       m_axi|                            gmem0|       pointer|
|m_axi_gmem0_AWSIZE            |  out|    3|       m_axi|                            gmem0|       pointer|
|m_axi_gmem0_AWBURST           |  out|    2|       m_axi|                            gmem0|       pointer|
|m_axi_gmem0_AWLOCK            |  out|    2|       m_axi|                            gmem0|       pointer|
|m_axi_gmem0_AWCACHE           |  out|    4|       m_axi|                            gmem0|       pointer|
|m_axi_gmem0_AWPROT            |  out|    3|       m_axi|                            gmem0|       pointer|
|m_axi_gmem0_AWQOS             |  out|    4|       m_axi|                            gmem0|       pointer|
|m_axi_gmem0_AWREGION          |  out|    4|       m_axi|                            gmem0|       pointer|
|m_axi_gmem0_AWUSER            |  out|    1|       m_axi|                            gmem0|       pointer|
|m_axi_gmem0_WVALID            |  out|    1|       m_axi|                            gmem0|       pointer|
|m_axi_gmem0_WREADY            |   in|    1|       m_axi|                            gmem0|       pointer|
|m_axi_gmem0_WDATA             |  out|    8|       m_axi|                            gmem0|       pointer|
|m_axi_gmem0_WSTRB             |  out|    1|       m_axi|                            gmem0|       pointer|
|m_axi_gmem0_WLAST             |  out|    1|       m_axi|                            gmem0|       pointer|
|m_axi_gmem0_WID               |  out|    1|       m_axi|                            gmem0|       pointer|
|m_axi_gmem0_WUSER             |  out|    1|       m_axi|                            gmem0|       pointer|
|m_axi_gmem0_ARVALID           |  out|    1|       m_axi|                            gmem0|       pointer|
|m_axi_gmem0_ARREADY           |   in|    1|       m_axi|                            gmem0|       pointer|
|m_axi_gmem0_ARADDR            |  out|   64|       m_axi|                            gmem0|       pointer|
|m_axi_gmem0_ARID              |  out|    1|       m_axi|                            gmem0|       pointer|
|m_axi_gmem0_ARLEN             |  out|   32|       m_axi|                            gmem0|       pointer|
|m_axi_gmem0_ARSIZE            |  out|    3|       m_axi|                            gmem0|       pointer|
|m_axi_gmem0_ARBURST           |  out|    2|       m_axi|                            gmem0|       pointer|
|m_axi_gmem0_ARLOCK            |  out|    2|       m_axi|                            gmem0|       pointer|
|m_axi_gmem0_ARCACHE           |  out|    4|       m_axi|                            gmem0|       pointer|
|m_axi_gmem0_ARPROT            |  out|    3|       m_axi|                            gmem0|       pointer|
|m_axi_gmem0_ARQOS             |  out|    4|       m_axi|                            gmem0|       pointer|
|m_axi_gmem0_ARREGION          |  out|    4|       m_axi|                            gmem0|       pointer|
|m_axi_gmem0_ARUSER            |  out|    1|       m_axi|                            gmem0|       pointer|
|m_axi_gmem0_RVALID            |   in|    1|       m_axi|                            gmem0|       pointer|
|m_axi_gmem0_RREADY            |  out|    1|       m_axi|                            gmem0|       pointer|
|m_axi_gmem0_RDATA             |   in|    8|       m_axi|                            gmem0|       pointer|
|m_axi_gmem0_RLAST             |   in|    1|       m_axi|                            gmem0|       pointer|
|m_axi_gmem0_RID               |   in|    1|       m_axi|                            gmem0|       pointer|
|m_axi_gmem0_RFIFONUM          |   in|   13|       m_axi|                            gmem0|       pointer|
|m_axi_gmem0_RUSER             |   in|    1|       m_axi|                            gmem0|       pointer|
|m_axi_gmem0_RRESP             |   in|    2|       m_axi|                            gmem0|       pointer|
|m_axi_gmem0_BVALID            |   in|    1|       m_axi|                            gmem0|       pointer|
|m_axi_gmem0_BREADY            |  out|    1|       m_axi|                            gmem0|       pointer|
|m_axi_gmem0_BRESP             |   in|    2|       m_axi|                            gmem0|       pointer|
|m_axi_gmem0_BID               |   in|    1|       m_axi|                            gmem0|       pointer|
|m_axi_gmem0_BUSER             |   in|    1|       m_axi|                            gmem0|       pointer|
|input_rgb                     |   in|   64|     ap_none|                        input_rgb|        scalar|
|rgb_stream_din                |  out|   24|     ap_fifo|                       rgb_stream|       pointer|
|rgb_stream_num_data_valid     |   in|    7|     ap_fifo|                       rgb_stream|       pointer|
|rgb_stream_fifo_cap           |   in|    7|     ap_fifo|                       rgb_stream|       pointer|
|rgb_stream_full_n             |   in|    1|     ap_fifo|                       rgb_stream|       pointer|
|rgb_stream_write              |  out|    1|     ap_fifo|                       rgb_stream|       pointer|
|num_pixels                    |   in|   32|     ap_none|                       num_pixels|        scalar|
|num_pixels_c1_din             |  out|   32|     ap_fifo|                    num_pixels_c1|       pointer|
|num_pixels_c1_num_data_valid  |   in|    3|     ap_fifo|                    num_pixels_c1|       pointer|
|num_pixels_c1_fifo_cap        |   in|    3|     ap_fifo|                    num_pixels_c1|       pointer|
|num_pixels_c1_full_n          |   in|    1|     ap_fifo|                    num_pixels_c1|       pointer|
|num_pixels_c1_write           |  out|    1|     ap_fifo|                    num_pixels_c1|       pointer|
+------------------------------+-----+-----+------------+---------------------------------+--------------+

============================================================
+ Verbose Summary: Synthesis Manager
============================================================
InlineROM: 1
ExposeGlobal: 0
============================================================
+ Verbose Summary: CDFG Model
============================================================
IsTopModel: 0
ResetActiveHigh: 1
IsCombinational: 2
IsDatapathOnly: 0
HasWiredReturn: 1
HasMFsm: 0
HasVarLatency: 1
IsPipeline: 0
IsRtlPipelined: 0
IsInstanceOverlapped: 0
IsDontTouch: 0
HasImplIP: 0
IsGatedGlobalClock: 0


============================================================
+ Verbose Summary: Schedule
============================================================
* Number of FSM states : 3
* Pipeline : 0
* Dataflow Pipeline: 0

* FSM state transitions: 
1 --> 2 
2 --> 3 
3 --> 

* FSM state operations: 

State 1 <SV = 0> <Delay = 1.75>
ST_1 : Operation 4 [1/1] (0.00ns)   --->   "%num_pixels_read = read i32 @_ssdm_op_Read.ap_auto.i32, i32 %num_pixels"   --->   Operation 4 'read' 'num_pixels_read' <Predicate = true> <Delay = 0.00>
ST_1 : Operation 5 [1/1] (0.00ns)   --->   "%input_rgb_read = read i64 @_ssdm_op_Read.ap_auto.i64, i64 %input_rgb"   --->   Operation 5 'read' 'input_rgb_read' <Predicate = true> <Delay = 0.00>
ST_1 : Operation 6 [1/1] (1.75ns)   --->   "%write_ln0 = write void @_ssdm_op_Write.ap_fifo.i32P0A, i32 %num_pixels_c1, i32 %num_pixels_read"   --->   Operation 6 'write' 'write_ln0' <Predicate = true> <Delay = 1.75> <CoreInst = "FIFO_SRL">   --->   Core 80 'FIFO_SRL' <Latency = 0> <II = 1> <Delay = 1.83> <Storage> <Opcode : 'read' 'write' 'nbread' 'nbwrite'> <Ports = 0> <Width = 32> <Depth = 2> <FIFO>

State 2 <SV = 1> <Delay = 1.44>
ST_2 : Operation 7 [1/1] (0.00ns)   --->   "%empty = wait i32 @_ssdm_op_Wait"   --->   Operation 7 'wait' 'empty' <Predicate = true> <Delay = 0.00>
ST_2 : Operation 8 [2/2] (1.44ns)   --->   "%call_ln0 = call void @(anonymous namespace)read_input_Pipeline_read_loop, i32 %num_pixels_read, i64 %input_rgb_read, i8 %gmem0, i24 %rgb_stream"   --->   Operation 8 'call' 'call_ln0' <Predicate = true> <Delay = 1.44> <CoreType = "Generic">   --->   Core 0 '' <Latency = 0> <II = 1> <Delay = 1.00> <Generic> <Opcode : >

State 3 <SV = 2> <Delay = 0.00>
ST_3 : Operation 9 [1/1] (0.00ns)   --->   "%specinterface_ln0 = specinterface void @_ssdm_op_SpecInterface, i32 %num_pixels_c1, void @ap_fifo_str, i32 0, i32 0, void @p_str, i32 0, i32 0, void @p_str, void @p_str, void @p_str, i32 2, i32 2, i32 16, i32 16, void @p_str, void @ScalarProp_str, i32 4294967295, i32 0, i32 0"   --->   Operation 9 'specinterface' 'specinterface_ln0' <Predicate = true> <Delay = 0.00>
ST_3 : Operation 10 [1/1] (0.00ns)   --->   "%specinterface_ln0 = specinterface void @_ssdm_op_SpecInterface, i24 %rgb_stream, void @empty_7, i32 0, i32 0, void @empty_10, i32 0, i32 0, void @empty_10, void @empty_10, void @empty_10, i32 0, i32 0, i32 0, i32 0, void @empty_10, void @empty_10, i32 4294967295, i32 0, i32 0"   --->   Operation 10 'specinterface' 'specinterface_ln0' <Predicate = true> <Delay = 0.00>
ST_3 : Operation 11 [1/1] (0.00ns)   --->   "%specinterface_ln0 = specinterface void @_ssdm_op_SpecInterface, i8 %gmem0, void @empty_2, i32 0, i32 0, void @empty_10, i32 0, i32 6220800, void @empty_3, void @empty_11, void @empty_10, i32 16, i32 16, i32 64, i32 16, void @empty_10, void @empty_10, i32 4294967295, i32 0, i32 0"   --->   Operation 11 'specinterface' 'specinterface_ln0' <Predicate = true> <Delay = 0.00>
ST_3 : Operation 12 [1/2] (0.00ns)   --->   "%call_ln0 = call void @(anonymous namespace)read_input_Pipeline_read_loop, i32 %num_pixels_read, i64 %input_rgb_read, i8 %gmem0, i24 %rgb_stream"   --->   Operation 12 'call' 'call_ln0' <Predicate = true> <Delay = 0.00> <CoreType = "Generic">   --->   Core 0 '' <Latency = 0> <II = 1> <Delay = 1.00> <Generic> <Opcode : >
ST_3 : Operation 13 [1/1] (0.00ns)   --->   "%ret_ln31 = ret" [../src/image_accel.cpp:31]   --->   Operation 13 'ret' 'ret_ln31' <Predicate = true> <Delay = 0.00>


============================================================
+ Verbose Summary: Binding
============================================================
STG Binding: 
---------------- STG Properties BEGIN ----------------
- Is combinational: 0
- Is one-state seq: 0
- Is datapath-only: 0
- Is pipelined: 0
- Is top level: 0
Port [ Return ] is wired: 1; IO mode=ap_ctrl_hs:ce=0
Port [ gmem0]:  wired=1; compound=1; hidden=0; nouse=0; global=0; static=0; extern=0; dir=0; type=4; pingpong=0; private_global=0; IO mode=m_axi:ce=0
Port [ input_rgb]:  wired=1; compound=0; hidden=0; nouse=0; global=0; static=0; extern=0; dir=0; type=0; pingpong=0; private_global=0; IO mode=ap_none:ce=0
Port [ rgb_stream]:  wired=1; compound=1; hidden=0; nouse=0; global=0; static=0; extern=0; dir=1; type=3; pingpong=0; private_global=0; IO mode=ap_fifo:ce=0
Port [ num_pixels]:  wired=1; compound=0; hidden=0; nouse=0; global=0; static=0; extern=0; dir=0; type=0; pingpong=0; private_global=0; IO mode=ap_none:ce=0
Port [ num_pixels_c1]:  wired=1; compound=1; hidden=0; nouse=0; global=0; static=0; extern=0; dir=1; type=3; pingpong=0; private_global=0; IO mode=ap_fifo:ce=0
---------------- STG Properties END ------------------

---------------- Datapath Model BEGIN ----------------

<LifeTime>
<method=bitvector/>
num_pixels_read   (read         ) [ 0011]
input_rgb_read    (read         ) [ 0011]
write_ln0         (write        ) [ 0000]
empty             (wait         ) [ 0000]
specinterface_ln0 (specinterface) [ 0000]
specinterface_ln0 (specinterface) [ 0000]
specinterface_ln0 (specinterface) [ 0000]
call_ln0          (call         ) [ 0000]
ret_ln31          (ret          ) [ 0000]
</LifeTime>

<model>

<comp_list>
<comp id="0" class="1000" name="gmem0">
<pin_list>
<pin id="1" dir="1" index="0" bw="1" slack="0"/>
</pin_list>
<bind>
<StgValue><ssdm name="gmem0"/></StgValue>
</bind>
</comp>

<comp id="2" class="1000" name="input_rgb">
<pin_list>
<pin id="3" dir="1" index="0" bw="1" slack="0"/>
</pin_list>
<bind>
<StgValue><ssdm name="input_rgb"/></StgValue>
</bind>
</comp>

<comp id="4" class="1000" name="rgb_stream">
<pin_list>
<pin id="5" dir="1" index="0" bw="1" slack="0"/>
</pin_list>
<bind>
<StgValue><ssdm name="rgb_stream"/></StgValue>
</bind>
</comp>

<comp id="6" class="1000" name="num_pixels">
<pin_list>
<pin id="7" dir="1" index="0" bw="1" slack="0"/>
</pin_list>
<bind>
<StgValue><ssdm name="num_pixels"/></StgValue>
</bind>
</comp>

<comp id="8" class="1000" name="num_pixels_c1">
<pin_list>
<pin id="9" dir="1" index="0" bw="1" slack="0"/>
</pin_list>
<bind>
<StgValue><ssdm name="num_pixels_c1"/></StgValue>
</bind>
</comp>

<comp id="10" class="1001" name="const_10">
<pin_list>
<pin id="11" dir="1" index="0" bw="1" slack="0"/>
</pin_list>
<bind>
<StgValue><ssdm name="_ssdm_op_Read.ap_auto.i32"/></StgValue>
</bind>
</comp>

<comp id="12" class="1001" name="const_12">
<pin_list>
<pin id="13" dir="1" index="0" bw="1" slack="0"/>
</pin_list>
<bind>
<StgValue><ssdm name="_ssdm_op_Read.ap_auto.i64"/></StgValue>
</bind>
</comp>

<comp id="14" class="1001" name="const_14">
<pin_list>
<pin id="15" dir="1" index="0" bw="1" slack="0"/>
</pin_list>
<bind>
<StgValue><ssdm name="_ssdm_op_Write.ap_fifo.i32P0A"/></StgValue>
</bind>
</comp>

<comp id="16" class="1001" name="const_16">
<pin_list>
<pin id="17" dir="1" index="0" bw="1" slack="2147483647"/>
</pin_list>
<bind>
<StgValue><ssdm name="_ssdm_op_Wait"/></StgValue>
</bind>
</comp>

<comp id="18" class="1001" name="const_18">
<pin_list>
<pin id="19" dir="1" index="0" bw="1" slack="0"/>
</pin_list>
<bind>
<StgValue><ssdm name="(anonymous namespace)read_input_Pipeline_read_loop"/></StgValue>
</bind>
</comp>

<comp id="20" class="1001" name="const_20">
<pin_list>
<pin id="21" dir="1" index="0" bw="1" slack="2147483647"/>
</pin_list>
<bind>
<StgValue><ssdm name="_ssdm_op_SpecInterface"/></StgValue>
</bind>
</comp>

<comp id="22" class="1001" name="const_22">
<pin_list>
<pin id="23" dir="1" index="0" bw="1" slack="2147483647"/>
</pin_list>
<bind>
<StgValue><ssdm name="ap_fifo_str"/></StgValue>
</bind>
</comp>

<comp id="24" class="1001" name="const_24">
<pin_list>
<pin id="25" dir="1" index="0" bw="1" slack="2147483647"/>
</pin_list>
<bind>
<StgValue><ssdm name=""/></StgValue>
</bind>
</comp>

<comp id="26" class="1001" name="const_26">
<pin_list>
<pin id="27" dir="1" index="0" bw="1" slack="2147483647"/>
</pin_list>
<bind>
<StgValue><ssdm name="p_str"/></StgValue>
</bind>
</comp>

<comp id="28" class="1001" name="const_28">
<pin_list>
<pin id="29" dir="1" index="0" bw="1" slack="2147483647"/>
</pin_list>
<bind>
<StgValue><ssdm name=""/></StgValue>
</bind>
</comp>

<comp id="30" class="1001" name="const_30">
<pin_list>
<pin id="31" dir="1" index="0" bw="1" slack="2147483647"/>
</pin_list>
<bind>
<StgValue><ssdm name=""/></StgValue>
</bind>
</comp>

<comp id="32" class="1001" name="const_32">
<pin_list>
<pin id="33" dir="1" index="0" bw="1" slack="2147483647"/>
</pin_list>
<bind>
<StgValue><ssdm name="ScalarProp_str"/></StgValue>
</bind>
</comp>

<comp id="34" class="1001" name="const_34">
<pin_list>
<pin id="35" dir="1" index="0" bw="1" slack="2147483647"/>
</pin_list>
<bind>
<StgValue><ssdm name=""/></StgValue>
</bind>
</comp>

<comp id="36" class="1001" name="const_36">
<pin_list>
<pin id="37" dir="1" index="0" bw="1" slack="2147483647"/>
</pin_list>
<bind>
<StgValue><ssdm name="empty_7"/></StgValue>
</bind>
</comp>

<comp id="38" class="1001" name="const_38">
<pin_list>
<pin id="39" dir="1" index="0" bw="1" slack="2147483647"/>
</pin_list>
<bind>
<StgValue><ssdm name="empty_10"/></StgValue>
</bind>
</comp>

<comp id="40" class="1001" name="const_40">
<pin_list>
<pin id="41" dir="1" index="0" bw="1" slack="2147483647"/>
</pin_list>
<bind>
<StgValue><ssdm name="empty_2"/></StgValue>
</bind>
</comp>

<comp id="42" class="1001" name="const_42">
<pin_list>
<pin id="43" dir="1" index="0" bw="1" slack="2147483647"/>
</pin_list>
<bind>
<StgValue><ssdm name=""/></StgValue>
</bind>
</comp>

<comp id="44" class="1001" name="const_44">
<pin_list>
<pin id="45" dir="1" index="0" bw="1" slack="2147483647"/>
</pin_list>
<bind>
<StgValue><ssdm name="empty_3"/></StgValue>
</bind>
</comp>

<comp id="46" class="1001" name="const_46">
<pin_list>
<pin id="47" dir="1" index="0" bw="1" slack="2147483647"/>
</pin_list>
<bind>
<StgValue><ssdm name="empty_11"/></StgValue>
</bind>
</comp>

<comp id="48" class="1001" name="const_48">
<pin_list>
<pin id="49" dir="1" index="0" bw="1" slack="2147483647"/>
</pin_list>
<bind>
<StgValue><ssdm name=""/></StgValue>
</bind>
</comp>

<comp id="50" class="1004" name="num_pixels_read_read_fu_50">
<pin_list>
<pin id="51" dir="0" index="0" bw="32" slack="0"/>
<pin id="52" dir="0" index="1" bw="32" slack="0"/>
<pin id="53" dir="1" index="2" bw="32" slack="0"/>
</pin_list>
<bind>
<opcode="read(1150) " fcode="read"/>
<opset="num_pixels_read/1 "/>
</bind>
</comp>

<comp id="56" class="1004" name="input_rgb_read_read_fu_56">
<pin_list>
<pin id="57" dir="0" index="0" bw="64" slack="0"/>
<pin id="58" dir="0" index="1" bw="64" slack="0"/>
<pin id="59" dir="1" index="2" bw="64" slack="1"/>
</pin_list>
<bind>
<opcode="read(1150) " fcode="read"/>
<opset="input_rgb_read/1 "/>
</bind>
</comp>

<comp id="62" class="1004" name="write_ln0_write_fu_62">
<pin_list>
<pin id="63" dir="0" index="0" bw="0" slack="0"/>
<pin id="64" dir="0" index="1" bw="32" slack="0"/>
<pin id="65" dir="0" index="2" bw="32" slack="0"/>
<pin id="66" dir="1" index="3" bw="0" slack="2147483647"/>
</pin_list>
<bind>
<opcode="write(1151) " fcode="write"/>
<opset="write_ln0/1 "/>
</bind>
</comp>

<comp id="70" class="1004" name="grp_p_anonymous_namespace_read_input_Pipeline_read_loop_fu_70">
<pin_list>
<pin id="71" dir="0" index="0" bw="0" slack="0"/>
<pin id="72" dir="0" index="1" bw="32" slack="1"/>
<pin id="73" dir="0" index="2" bw="64" slack="1"/>
<pin id="74" dir="0" index="3" bw="8" slack="0"/>
<pin id="75" dir="0" index="4" bw="24" slack="0"/>
<pin id="76" dir="1" index="5" bw="0" slack="2147483647"/>
</pin_list>
<bind>
<opcode="call(48) " fcode="call"/>
<opset="call_ln0/2 "/>
</bind>
</comp>

<comp id="80" class="1005" name="num_pixels_read_reg_80">
<pin_list>
<pin id="81" dir="0" index="0" bw="32" slack="1"/>
<pin id="82" dir="1" index="1" bw="32" slack="1"/>
</pin_list>
<bind>
<opset="num_pixels_read "/>
</bind>
</comp>

<comp id="85" class="1005" name="input_rgb_read_reg_85">
<pin_list>
<pin id="86" dir="0" index="0" bw="64" slack="1"/>
<pin id="87" dir="1" index="1" bw="64" slack="1"/>
</pin_list>
<bind>
<opset="input_rgb_read "/>
</bind>
</comp>

</comp_list>

<net_list>
<net id="54"><net_src comp="10" pin="0"/><net_sink comp="50" pin=0"/></net>

<net id="55"><net_src comp="6" pin="0"/><net_sink comp="50" pin=1"/></net>

<net id="60"><net_src comp="12" pin="0"/><net_sink comp="56" pin=0"/></net>

<net id="61"><net_src comp="2" pin="0"/><net_sink comp="56" pin=1"/></net>

<net id="67"><net_src comp="14" pin="0"/><net_sink comp="62" pin=0"/></net>

<net id="68"><net_src comp="8" pin="0"/><net_sink comp="62" pin=1"/></net>

<net id="69"><net_src comp="50" pin="2"/><net_sink comp="62" pin=2"/></net>

<net id="77"><net_src comp="18" pin="0"/><net_sink comp="70" pin=0"/></net>

<net id="78"><net_src comp="0" pin="0"/><net_sink comp="70" pin=3"/></net>

<net id="79"><net_src comp="4" pin="0"/><net_sink comp="70" pin=4"/></net>

<net id="83"><net_src comp="50" pin="2"/><net_sink comp="80" pin=0"/></net>

<net id="84"><net_src comp="80" pin="1"/><net_sink comp="70" pin=1"/></net>

<net id="88"><net_src comp="56" pin="2"/><net_sink comp="85" pin=0"/></net>

<net id="89"><net_src comp="85" pin="1"/><net_sink comp="70" pin=2"/></net>

</net_list>

</model> 
---------------- Datapath Model END ------------------

* FSMD analyzer results:
  - Output states:
	Port: gmem0 | {}
	Port: rgb_stream | {2 3 }
	Port: num_pixels_c1 | {1 }
 - Input state : 
	Port: (anonymous namespace)read_input : gmem0 | {2 3 }
	Port: (anonymous namespace)read_input : input_rgb | {1 }
	Port: (anonymous namespace)read_input : num_pixels | {1 }
  - Chain level:
	State 1
	State 2
	State 3


============================================================
+ Verbose Summary: Datapath Resource usage 
============================================================

* Functional unit list:
|----------|---------------------------------------------------------------|---------|---------|
| Operation|                        Functional Unit                        |    FF   |   LUT   |
|----------|---------------------------------------------------------------|---------|---------|
|   call   | grp_p_anonymous_namespace_read_input_Pipeline_read_loop_fu_70 |   177   |   408   |
|----------|---------------------------------------------------------------|---------|---------|
|   read   |                   num_pixels_read_read_fu_50                  |    0    |    0    |
|          |                   input_rgb_read_read_fu_56                   |    0    |    0    |
|----------|---------------------------------------------------------------|---------|---------|
|   write  |                     write_ln0_write_fu_62                     |    0    |    0    |
|----------|---------------------------------------------------------------|---------|---------|
|   Total  |                                                               |   177   |   408   |
|----------|---------------------------------------------------------------|---------|---------|

Memories:
N/A

* Register list:
+----------------------+--------+
|                      |   FF   |
+----------------------+--------+
| input_rgb_read_reg_85|   64   |
|num_pixels_read_reg_80|   32   |
+----------------------+--------+
|         Total        |   96   |
+----------------------+--------+

* Multiplexer (MUX) list: 
|--------|------|------|------|--------|
|  Comp  |  Pin | Size |  BW  | S x BW |
|--------|------|------|------|--------|
|  Total |      |      |      |    0   |
|--------|------|------|------|--------|



* Summary:
+-----------+--------+--------+
|           |   FF   |   LUT  |
+-----------+--------+--------+
|  Function |   177  |   408  |
|   Memory  |    -   |    -   |
|Multiplexer|    -   |    -   |
|  Register |   96   |    -   |
+-----------+--------+--------+
|   Total   |   273  |   408  |
+-----------+--------+--------+
