Sun Jul 12 12:35:07 2026: Running xcd server. This server was built by gradle.
Sun Jul 12 12:35:07 2026: Server was asked to start on port: '41295'
Sun Jul 12 12:35:07 2026: Server is using token UUID: '6759f3be-7e20-11f1-9aec-4e32f9e4c3c1'
Sun Jul 12 12:35:07 2026: SESSION_MGR: creating session with session uuid: '6d04a3e9-ade5-4ab9-8d63-1f78fcd2ec76' and name 'default'
Sun Jul 12 12:35:07 2026: Attempting to start server on port '41295'
Sun Jul 12 12:35:07 2026: XCD main fifo: created main fifo '/tmp/xcdmain6759f3be-7e20-11f1-9aec-4e32f9e4c3c1', fd read = 11
Sun Jul 12 12:35:07 2026: Running Dispatch Server
Sun Jul 12 12:35:07 2026: Version 2.2.0
Sun Jul 12 12:35:09 2026: Dispatch Server: Accepted socket connection from client
Sun Jul 12 12:35:09 2026: Starting Socket connection
Sun Jul 12 12:35:09 2026: EXCHANGE_TOKEN received, server token: 6759f3be-7e20-11f1-9aec-4e32f9e4c3c1, passed token: 6759f3be-7e20-11f1-9aec-4e32f9e4c3c1
Sun Jul 12 12:35:09 2026: SESSION_MGR: creating session with session uuid: '374ed3b4-e948-4c4c-8fb2-86a626dbc58b' and name 'Code Analyzer'
Sun Jul 12 12:35:09 2026: KERNEL_SVC: creating session with uuid: '374ed3b4-e948-4c4c-8fb2-86a626dbc58b' and name 'Code Analyzer'
Sun Jul 12 12:35:09 2026: GUIDANCE_SMGR: creating guidance session with uuid: '374ed3b4-e948-4c4c-8fb2-86a626dbc58b' and name 'Code Analyzer'
Sun Jul 12 12:35:18 2026: SESSION_MGR: closing session for UUID '374ed3b4-e948-4c4c-8fb2-86a626dbc58b' with name ''
Sun Jul 12 12:35:18 2026: KERNEL_SVC: closing session for UUID '374ed3b4-e948-4c4c-8fb2-86a626dbc58b' with name ''
Sun Jul 12 12:35:18 2026: GUIDANCE_SMGR: closing session for UUID '374ed3b4-e948-4c4c-8fb2-86a626dbc58b' with name ''
Sun Jul 12 12:35:18 2026: STOP_SERVER received, server token: 6759f3be-7e20-11f1-9aec-4e32f9e4c3c1, passed token: 6759f3be-7e20-11f1-9aec-4e32f9e4c3c1
Sun Jul 12 12:35:18 2026: Socket received request to stop server.
Sun Jul 12 12:35:18 2026: Dispatch Server: do_await_stop
Sun Jul 12 12:35:18 2026: Dispatch Server: stopping mainFifo_
Sun Jul 12 12:35:18 2026: XCD main fifo: Stopping
Sun Jul 12 12:35:18 2026: XCD main fifo: do_read error code: Operation canceled
Sun Jul 12 12:35:18 2026: XCD main fifo: bytes_transferred: 0
Sun Jul 12 12:35:18 2026: SERVER: destructor for server bound to port 41295
Sun Jul 12 12:35:18 2026: XCD main fifo: Good unlink of /tmp/xcdmain6759f3be-7e20-11f1-9aec-4e32f9e4c3c1
Sun Jul 12 12:35:18 2026: Server exiting with status 0.
Sun Jul 12 12:35:18 2026: Closing log file.
Sun Jul 12 12:40:03 2026: Running xcd server. This server was built by gradle.
Sun Jul 12 12:40:03 2026: Server was asked to start on port: '41345'
Sun Jul 12 12:40:03 2026: Server is using token UUID: '16c35476-7e21-11f1-b9e5-4e32f9e4c3c1'
Sun Jul 12 12:40:03 2026: SESSION_MGR: creating session with session uuid: '6d04a3e9-ade5-4ab9-8d63-1f78fcd2ec76' and name 'default'
Sun Jul 12 12:40:03 2026: Attempting to start server on port '41345'
Sun Jul 12 12:40:03 2026: XCD main fifo: created main fifo '/tmp/xcdmain16c35476-7e21-11f1-b9e5-4e32f9e4c3c1', fd read = 11
Sun Jul 12 12:40:03 2026: Running Dispatch Server
Sun Jul 12 12:40:03 2026: Version 2.2.0
Sun Jul 12 12:40:03 2026: Dispatch Server: Accepted socket connection from client
Sun Jul 12 12:40:03 2026: Starting Socket connection
Sun Jul 12 12:40:03 2026: EXCHANGE_TOKEN received, server token: 16c35476-7e21-11f1-b9e5-4e32f9e4c3c1, passed token: 16c35476-7e21-11f1-b9e5-4e32f9e4c3c1
Sun Jul 12 12:40:03 2026: SESSION_MGR: creating session with session uuid: '7dde6e61-f1ae-4a62-8564-7441100e3d8d' and name 'Code Analyzer'
Sun Jul 12 12:40:03 2026: KERNEL_SVC: creating session with uuid: '7dde6e61-f1ae-4a62-8564-7441100e3d8d' and name 'Code Analyzer'
Sun Jul 12 12:40:03 2026: GUIDANCE_SMGR: creating guidance session with uuid: '7dde6e61-f1ae-4a62-8564-7441100e3d8d' and name 'Code Analyzer'
Sun Jul 12 12:40:08 2026: SESSION_MGR: closing session for UUID '7dde6e61-f1ae-4a62-8564-7441100e3d8d' with name ''
Sun Jul 12 12:40:08 2026: KERNEL_SVC: closing session for UUID '7dde6e61-f1ae-4a62-8564-7441100e3d8d' with name ''
Sun Jul 12 12:40:08 2026: GUIDANCE_SMGR: closing session for UUID '7dde6e61-f1ae-4a62-8564-7441100e3d8d' with name ''
Sun Jul 12 12:40:08 2026: STOP_SERVER received, server token: 16c35476-7e21-11f1-b9e5-4e32f9e4c3c1, passed token: 16c35476-7e21-11f1-b9e5-4e32f9e4c3c1
Sun Jul 12 12:40:08 2026: Socket received request to stop server.
Sun Jul 12 12:40:08 2026: Dispatch Server: do_await_stop
Sun Jul 12 12:40:08 2026: Dispatch Server: stopping mainFifo_
Sun Jul 12 12:40:08 2026: XCD main fifo: Stopping
Sun Jul 12 12:40:08 2026: XCD main fifo: do_read error code: Operation canceled
Sun Jul 12 12:40:08 2026: XCD main fifo: bytes_transferred: 0
Sun Jul 12 12:40:08 2026: SERVER: destructor for server bound to port 41345
Sun Jul 12 12:40:08 2026: XCD main fifo: Good unlink of /tmp/xcdmain16c35476-7e21-11f1-b9e5-4e32f9e4c3c1
Sun Jul 12 12:40:08 2026: Server exiting with status 0.
Sun Jul 12 12:40:08 2026: Closing log file.
