INFO: [v++ 60-1548] Creating build summary session with primary output /home/ronny/tec/high-level-design-for-electronics/homework/homework-3/hls-gem5-rgb2gray/hls/image_accel/image_accel/image_accel.hlscompile_summary, at Sat Jul 11 19:10:48 2026
INFO: [v++ 82-31] Launching vitis_hls: vitis_hls -nolog -run csynth -work_dir /home/ronny/tec/high-level-design-for-electronics/homework/homework-3/hls-gem5-rgb2gray/hls/image_accel/image_accel -config /home/ronny/tec/high-level-design-for-electronics/homework/homework-3/hls-gem5-rgb2gray/hls/image_accel/hls_config.cfg -cmdlineconfig /home/ronny/tec/high-level-design-for-electronics/homework/homework-3/hls-gem5-rgb2gray/hls/image_accel/image_accel/hls/config.cmdline
INFO: [HLS 200-10] For user 'ronny' on host '192.168.1.25' (Linux_x86_64 version 7.0.14-201.fc44.x86_64) on Sat Jul 11 19:10:58 CST 2026
INFO: [HLS 200-10] In directory '/home/ronny/tec/high-level-design-for-electronics/homework/homework-3/hls-gem5-rgb2gray/hls/image_accel'
INFO: [HLS 200-2005] Using work_dir /home/ronny/tec/high-level-design-for-electronics/homework/homework-3/hls-gem5-rgb2gray/hls/image_accel/image_accel 
INFO: [HLS 200-1505] Using default flow_target 'vivado'
Resolution: For help on HLS 200-1505 see docs.xilinx.com/access/sources/dita/topic?Doc_Version=2024.1%20English&url=ug1448-hls-guidance&resourceid=200-1505.html
INFO: [HLS 200-1465] Applying ini 'syn.file=/home/ronny/tec/high-level-design-for-electronics/homework/homework-3/hls-gem5-rgb2gray/hls/src/image_accel.cpp' from /home/ronny/tec/high-level-design-for-electronics/homework/homework-3/hls-gem5-rgb2gray/hls/image_accel/hls_config.cfg(8)
INFO: [HLS 200-10] Adding design file '/home/ronny/tec/high-level-design-for-electronics/homework/homework-3/hls-gem5-rgb2gray/hls/src/image_accel.cpp' to the project
INFO: [HLS 200-1465] Applying ini 'syn.file=/home/ronny/tec/high-level-design-for-electronics/homework/homework-3/hls-gem5-rgb2gray/hls/src/image_accel.hpp' from /home/ronny/tec/high-level-design-for-electronics/homework/homework-3/hls-gem5-rgb2gray/hls/image_accel/hls_config.cfg(9)
INFO: [HLS 200-10] Adding design file '/home/ronny/tec/high-level-design-for-electronics/homework/homework-3/hls-gem5-rgb2gray/hls/src/image_accel.hpp' to the project
INFO: [HLS 200-1465] Applying ini 'syn.file=/home/ronny/tec/high-level-design-for-electronics/homework/homework-3/hls-gem5-rgb2gray/hls/src/image_accel_types.hpp' from /home/ronny/tec/high-level-design-for-electronics/homework/homework-3/hls-gem5-rgb2gray/hls/image_accel/hls_config.cfg(10)
INFO: [HLS 200-10] Adding design file '/home/ronny/tec/high-level-design-for-electronics/homework/homework-3/hls-gem5-rgb2gray/hls/src/image_accel_types.hpp' to the project
INFO: [HLS 200-1465] Applying ini 'syn.top=image_accel' from /home/ronny/tec/high-level-design-for-electronics/homework/homework-3/hls-gem5-rgb2gray/hls/image_accel/hls_config.cfg(7)
INFO: [HLS 200-1465] Applying ini 'flow_target=vivado' from /home/ronny/tec/high-level-design-for-electronics/homework/homework-3/hls-gem5-rgb2gray/hls/image_accel/hls_config.cfg(4)
INFO: [HLS 200-1505] Using flow_target 'vivado'
Resolution: For help on HLS 200-1505 see docs.xilinx.com/access/sources/dita/topic?Doc_Version=2024.1%20English&url=ug1448-hls-guidance&resourceid=200-1505.html
INFO: [HLS 200-1465] Applying ini 'part=xck26-sfvc784-2LV-c' from /home/ronny/tec/high-level-design-for-electronics/homework/homework-3/hls-gem5-rgb2gray/hls/image_accel/hls_config.cfg(1)
INFO: [HLS 200-1611] Setting target device to 'xck26-sfvc784-2LV-c'
INFO: [HLS 200-1465] Applying ini 'clock=4ns' from /home/ronny/tec/high-level-design-for-electronics/homework/homework-3/hls-gem5-rgb2gray/hls/image_accel/hls_config.cfg(11)
INFO: [SYN 201-201] Setting up clock 'default' with a period of 4ns.
INFO: [HLS 200-1465] Applying ini 'clock_uncertainty=12.5%' from /home/ronny/tec/high-level-design-for-electronics/homework/homework-3/hls-gem5-rgb2gray/hls/image_accel/hls_config.cfg(12)
INFO: [SYN 201-201] Setting up clock 'default' with an uncertainty of 0.5ns.
INFO: [HLS 200-1465] Applying ini 'package.output.format=ip_catalog' from /home/ronny/tec/high-level-design-for-electronics/homework/homework-3/hls-gem5-rgb2gray/hls/image_accel/hls_config.cfg(5)
INFO: [HLS 200-111] Finished File checks and directory preparation: CPU user time: 10.79 seconds. CPU system time: 0.43 seconds. Elapsed time: 11.3 seconds; current allocated memory: 342.723 MB.
INFO: [HLS 200-10] Analyzing design file '../src/image_accel.cpp' ... 
INFO: [HLS 200-111] Finished Source Code Analysis and Preprocessing: CPU user time: 4.13 seconds. CPU system time: 0.83 seconds. Elapsed time: 5.32 seconds; current allocated memory: 344.605 MB.
INFO: [HLS 200-777] Using interface defaults for 'Vivado' flow target.
INFO: [HLS 200-1995] There were 844 instructions in the design after the 'Compile/Link' phase of compilation. See the Design Size Report for more details: /home/ronny/tec/high-level-design-for-electronics/homework/homework-3/hls-gem5-rgb2gray/hls/image_accel/image_accel/hls/syn/report/csynth_design_size.rpt
INFO: [HLS 200-1995] There were 118 instructions in the design after the 'Unroll/Inline (step 1)' phase of compilation. See the Design Size Report for more details: /home/ronny/tec/high-level-design-for-electronics/homework/homework-3/hls-gem5-rgb2gray/hls/image_accel/image_accel/hls/syn/report/csynth_design_size.rpt
INFO: [HLS 200-1995] There were 103 instructions in the design after the 'Unroll/Inline (step 2)' phase of compilation. See the Design Size Report for more details: /home/ronny/tec/high-level-design-for-electronics/homework/homework-3/hls-gem5-rgb2gray/hls/image_accel/image_accel/hls/syn/report/csynth_design_size.rpt
INFO: [HLS 200-1995] There were 108 instructions in the design after the 'Unroll/Inline (step 3)' phase of compilation. See the Design Size Report for more details: /home/ronny/tec/high-level-design-for-electronics/homework/homework-3/hls-gem5-rgb2gray/hls/image_accel/image_accel/hls/syn/report/csynth_design_size.rpt
INFO: [HLS 200-1995] There were 108 instructions in the design after the 'Unroll/Inline (step 4)' phase of compilation. See the Design Size Report for more details: /home/ronny/tec/high-level-design-for-electronics/homework/homework-3/hls-gem5-rgb2gray/hls/image_accel/image_accel/hls/syn/report/csynth_design_size.rpt
INFO: [HLS 200-1995] There were 97 instructions in the design after the 'Array/Struct (step 1)' phase of compilation. See the Design Size Report for more details: /home/ronny/tec/high-level-design-for-electronics/homework/homework-3/hls-gem5-rgb2gray/hls/image_accel/image_accel/hls/syn/report/csynth_design_size.rpt
INFO: [HLS 200-1995] There were 97 instructions in the design after the 'Array/Struct (step 2)' phase of compilation. See the Design Size Report for more details: /home/ronny/tec/high-level-design-for-electronics/homework/homework-3/hls-gem5-rgb2gray/hls/image_accel/image_accel/hls/syn/report/csynth_design_size.rpt
INFO: [HLS 200-1995] There were 99 instructions in the design after the 'Array/Struct (step 3)' phase of compilation. See the Design Size Report for more details: /home/ronny/tec/high-level-design-for-electronics/homework/homework-3/hls-gem5-rgb2gray/hls/image_accel/image_accel/hls/syn/report/csynth_design_size.rpt
INFO: [HLS 200-1995] There were 135 instructions in the design after the 'Array/Struct (step 4)' phase of compilation. See the Design Size Report for more details: /home/ronny/tec/high-level-design-for-electronics/homework/homework-3/hls-gem5-rgb2gray/hls/image_accel/image_accel/hls/syn/report/csynth_design_size.rpt
INFO: [HLS 200-1995] There were 141 instructions in the design after the 'Array/Struct (step 5)' phase of compilation. See the Design Size Report for more details: /home/ronny/tec/high-level-design-for-electronics/homework/homework-3/hls-gem5-rgb2gray/hls/image_accel/image_accel/hls/syn/report/csynth_design_size.rpt
INFO: [HLS 200-1995] There were 141 instructions in the design after the 'Performance (step 1)' phase of compilation. See the Design Size Report for more details: /home/ronny/tec/high-level-design-for-electronics/homework/homework-3/hls-gem5-rgb2gray/hls/image_accel/image_accel/hls/syn/report/csynth_design_size.rpt
INFO: [HLS 200-1995] There were 141 instructions in the design after the 'Performance (step 2)' phase of compilation. See the Design Size Report for more details: /home/ronny/tec/high-level-design-for-electronics/homework/homework-3/hls-gem5-rgb2gray/hls/image_accel/image_accel/hls/syn/report/csynth_design_size.rpt
INFO: [HLS 200-1995] There were 138 instructions in the design after the 'Performance (step 3)' phase of compilation. See the Design Size Report for more details: /home/ronny/tec/high-level-design-for-electronics/homework/homework-3/hls-gem5-rgb2gray/hls/image_accel/image_accel/hls/syn/report/csynth_design_size.rpt
INFO: [HLS 200-1995] There were 138 instructions in the design after the 'Performance (step 4)' phase of compilation. See the Design Size Report for more details: /home/ronny/tec/high-level-design-for-electronics/homework/homework-3/hls-gem5-rgb2gray/hls/image_accel/image_accel/hls/syn/report/csynth_design_size.rpt
INFO: [HLS 200-1995] There were 138 instructions in the design after the 'HW Transforms (step 1)' phase of compilation. See the Design Size Report for more details: /home/ronny/tec/high-level-design-for-electronics/homework/homework-3/hls-gem5-rgb2gray/hls/image_accel/image_accel/hls/syn/report/csynth_design_size.rpt
INFO: [HLS 200-1995] There were 146 instructions in the design after the 'HW Transforms (step 2)' phase of compilation. See the Design Size Report for more details: /home/ronny/tec/high-level-design-for-electronics/homework/homework-3/hls-gem5-rgb2gray/hls/image_accel/image_accel/hls/syn/report/csynth_design_size.rpt
INFO: [HLS 214-131] Inlining function '(anonymous namespace)::grayscale_from_rgb(image_accel_rgb_t const&)' into '(anonymous namespace)::rgb_to_gray(hls::stream<image_accel_rgb_t, 0>&, hls::stream<ap_uint<8>, 0>&, unsigned int)' (../src/image_accel.cpp:58:27)
INFO: [HLS 214-241] Aggregating fifo (hls::stream) variable 'rgb_stream' with compact=bit mode in 24-bits (../src/image_accel.cpp:103:15)
INFO: [HLS 200-111] Finished Compiling Optimization and Transform: CPU user time: 3.26 seconds. CPU system time: 0.71 seconds. Elapsed time: 8.33 seconds; current allocated memory: 346.402 MB.
INFO: [HLS 200-111] Finished Checking Pragmas: CPU user time: 0 seconds. CPU system time: 0 seconds. Elapsed time: 0 seconds; current allocated memory: 346.402 MB.
INFO: [HLS 200-10] Starting code transformations ...
INFO: [HLS 200-111] Finished Standard Transforms: CPU user time: 0.02 seconds. CPU system time: 0 seconds. Elapsed time: 0.03 seconds; current allocated memory: 346.570 MB.
INFO: [HLS 200-10] Checking synthesizability ...
INFO: [HLS 200-111] Finished Checking Synthesizability: CPU user time: 0.02 seconds. CPU system time: 0 seconds. Elapsed time: 0.02 seconds; current allocated memory: 346.598 MB.
INFO: [XFORM 203-712] Applying dataflow to function 'image_accel' (../src/image_accel.cpp:80:1), detected/extracted 4 process function(s): 
	 'entry_proc'
	 '(anonymous namespace)::read_input'
	 '(anonymous namespace)::rgb_to_gray'
	 '(anonymous namespace)::write_output'.
INFO: [HLS 200-111] Finished Loop, function and other optimizations: CPU user time: 0.08 seconds. CPU system time: 0.02 seconds. Elapsed time: 0.09 seconds; current allocated memory: 368.789 MB.
INFO: [HLS 200-111] Finished Architecture Synthesis: CPU user time: 0.09 seconds. CPU system time: 0.02 seconds. Elapsed time: 0.12 seconds; current allocated memory: 426.285 MB.
INFO: [HLS 200-10] Starting hardware synthesis ...
INFO: [HLS 200-10] Synthesizing 'image_accel' ...
WARNING: [SYN 201-103] Legalizing function name '(anonymous namespace)read_input_Pipeline_read_loop' to 'p_anonymous_namespace_read_input_Pipeline_read_loop'.
WARNING: [SYN 201-103] Legalizing function name '(anonymous namespace)read_input' to 'p_anonymous_namespace_read_input'.
WARNING: [SYN 201-103] Legalizing function name '(anonymous namespace)rgb_to_gray_Pipeline_process_loop' to 'p_anonymous_namespace_rgb_to_gray_Pipeline_process_loop'.
WARNING: [SYN 201-103] Legalizing function name '(anonymous namespace)rgb_to_gray' to 'p_anonymous_namespace_rgb_to_gray'.
WARNING: [SYN 201-103] Legalizing function name '(anonymous namespace)write_output_Pipeline_write_loop' to 'p_anonymous_namespace_write_output_Pipeline_write_loop'.
WARNING: [SYN 201-103] Legalizing function name '(anonymous namespace)write_output' to 'p_anonymous_namespace_write_output'.
INFO: [HLS 200-10] ----------------------------------------------------------------
INFO: [HLS 200-42] -- Implementing module 'entry_proc' 
INFO: [HLS 200-10] ----------------------------------------------------------------
INFO: [SCHED 204-11] Starting scheduling ...
INFO: [SCHED 204-11] Finished scheduling.
INFO: [HLS 200-111] Finished Scheduling: CPU user time: 0.04 seconds. CPU system time: 0.02 seconds. Elapsed time: 0.09 seconds; current allocated memory: 426.367 MB.
INFO: [BIND 205-100] Starting micro-architecture generation ...
INFO: [BIND 205-101] Performing variable lifetime analysis.
INFO: [BIND 205-101] Exploring resource sharing.
INFO: [BIND 205-101] Binding ...
INFO: [BIND 205-100] Finished micro-architecture generation.
INFO: [HLS 200-111] Finished Binding: CPU user time: 0.02 seconds. CPU system time: 0 seconds. Elapsed time: 0.02 seconds; current allocated memory: 426.367 MB.
INFO: [HLS 200-10] ----------------------------------------------------------------
INFO: [HLS 200-42] -- Implementing module 'p_anonymous_namespace_read_input_Pipeline_read_loop' 
INFO: [HLS 200-10] ----------------------------------------------------------------
INFO: [SCHED 204-11] Starting scheduling ...
INFO: [SCHED 204-61] Pipelining loop 'read_loop'.
WARNING: [HLS 200-880] The II Violation in module 'p_anonymous_namespace_read_input_Pipeline_read_loop' (loop 'read_loop'): Unable to enforce a carried dependence constraint (II = 1, distance = 1, offset = 1) between bus read operation ('pixel.b', ../src/image_accel.cpp:27) on port 'gmem0' (../src/image_accel.cpp:27) and bus read operation ('pixel.r', ../src/image_accel.cpp:25) on port 'gmem0' (../src/image_accel.cpp:25).
Resolution: For help on HLS 200-880 see docs.xilinx.com/access/sources/dita/topic?Doc_Version=2024.1%20English&url=ug1448-hls-guidance&resourceid=200-880.html
WARNING: [HLS 200-880] The II Violation in module 'p_anonymous_namespace_read_input_Pipeline_read_loop' (loop 'read_loop'): Unable to enforce a carried dependence constraint (II = 2, distance = 1, offset = 1) between bus read operation ('pixel.b', ../src/image_accel.cpp:27) on port 'gmem0' (../src/image_accel.cpp:27) and bus read operation ('pixel.r', ../src/image_accel.cpp:25) on port 'gmem0' (../src/image_accel.cpp:25).
Resolution: For help on HLS 200-880 see docs.xilinx.com/access/sources/dita/topic?Doc_Version=2024.1%20English&url=ug1448-hls-guidance&resourceid=200-880.html
INFO: [HLS 200-1470] Pipelining result : Target II = 1, Final II = 3, Depth = 13, loop 'read_loop'
INFO: [SCHED 204-11] Finished scheduling.
INFO: [HLS 200-111] Finished Scheduling: CPU user time: 0.1 seconds. CPU system time: 0.01 seconds. Elapsed time: 0.11 seconds; current allocated memory: 427.414 MB.
INFO: [BIND 205-100] Starting micro-architecture generation ...
INFO: [BIND 205-101] Performing variable lifetime analysis.
INFO: [BIND 205-101] Exploring resource sharing.
INFO: [BIND 205-101] Binding ...
INFO: [BIND 205-100] Finished micro-architecture generation.
INFO: [HLS 200-111] Finished Binding: CPU user time: 0.03 seconds. CPU system time: 0 seconds. Elapsed time: 0.04 seconds; current allocated memory: 427.414 MB.
INFO: [HLS 200-10] ----------------------------------------------------------------
INFO: [HLS 200-42] -- Implementing module 'p_anonymous_namespace_read_input' 
INFO: [HLS 200-10] ----------------------------------------------------------------
INFO: [SCHED 204-11] Starting scheduling ...
INFO: [SCHED 204-11] Finished scheduling.
INFO: [HLS 200-111] Finished Scheduling: CPU user time: 0.03 seconds. CPU system time: 0 seconds. Elapsed time: 0.04 seconds; current allocated memory: 427.414 MB.
INFO: [BIND 205-100] Starting micro-architecture generation ...
INFO: [BIND 205-101] Performing variable lifetime analysis.
INFO: [BIND 205-101] Exploring resource sharing.
INFO: [BIND 205-101] Binding ...
INFO: [BIND 205-100] Finished micro-architecture generation.
INFO: [HLS 200-111] Finished Binding: CPU user time: 0.02 seconds. CPU system time: 0 seconds. Elapsed time: 0.02 seconds; current allocated memory: 427.414 MB.
INFO: [HLS 200-10] ----------------------------------------------------------------
INFO: [HLS 200-42] -- Implementing module 'p_anonymous_namespace_rgb_to_gray_Pipeline_process_loop' 
INFO: [HLS 200-10] ----------------------------------------------------------------
INFO: [SCHED 204-11] Starting scheduling ...
INFO: [HLS 200-486] Changing DSP latency (root=weighted_sum) to 3 in order to utilize available DSP registers.
INFO: [HLS 200-486] Changing DSP latency (root=add_ln39) to 3 in order to utilize available DSP registers.
INFO: [SCHED 204-61] Pipelining loop 'process_loop'.
INFO: [HLS 200-1470] Pipelining result : Target II = 1, Final II = 1, Depth = 6, loop 'process_loop'
INFO: [SCHED 204-11] Finished scheduling.
INFO: [HLS 200-111] Finished Scheduling: CPU user time: 0.09 seconds. CPU system time: 0 seconds. Elapsed time: 0.14 seconds; current allocated memory: 427.414 MB.
INFO: [BIND 205-100] Starting micro-architecture generation ...
INFO: [BIND 205-101] Performing variable lifetime analysis.
INFO: [BIND 205-101] Exploring resource sharing.
INFO: [BIND 205-101] Binding ...
INFO: [BIND 205-100] Finished micro-architecture generation.
INFO: [HLS 200-111] Finished Binding: CPU user time: 0.02 seconds. CPU system time: 0 seconds. Elapsed time: 0.02 seconds; current allocated memory: 427.414 MB.
INFO: [HLS 200-10] ----------------------------------------------------------------
INFO: [HLS 200-42] -- Implementing module 'p_anonymous_namespace_rgb_to_gray' 
INFO: [HLS 200-10] ----------------------------------------------------------------
INFO: [SCHED 204-11] Starting scheduling ...
INFO: [SCHED 204-11] Finished scheduling.
INFO: [HLS 200-111] Finished Scheduling: CPU user time: 0.03 seconds. CPU system time: 0.01 seconds. Elapsed time: 0.03 seconds; current allocated memory: 427.414 MB.
INFO: [BIND 205-100] Starting micro-architecture generation ...
INFO: [BIND 205-101] Performing variable lifetime analysis.
INFO: [BIND 205-101] Exploring resource sharing.
INFO: [BIND 205-101] Binding ...
INFO: [BIND 205-100] Finished micro-architecture generation.
INFO: [HLS 200-111] Finished Binding: CPU user time: 0.03 seconds. CPU system time: 0 seconds. Elapsed time: 0.03 seconds; current allocated memory: 427.414 MB.
INFO: [HLS 200-10] ----------------------------------------------------------------
INFO: [HLS 200-42] -- Implementing module 'p_anonymous_namespace_write_output_Pipeline_write_loop' 
INFO: [HLS 200-10] ----------------------------------------------------------------
INFO: [SCHED 204-11] Starting scheduling ...
INFO: [SCHED 204-61] Pipelining loop 'write_loop'.
INFO: [HLS 200-1470] Pipelining result : Target II = 1, Final II = 1, Depth = 8, loop 'write_loop'
INFO: [SCHED 204-11] Finished scheduling.
INFO: [HLS 200-111] Finished Scheduling: CPU user time: 0.04 seconds. CPU system time: 0 seconds. Elapsed time: 0.05 seconds; current allocated memory: 427.418 MB.
INFO: [BIND 205-100] Starting micro-architecture generation ...
INFO: [BIND 205-101] Performing variable lifetime analysis.
INFO: [BIND 205-101] Exploring resource sharing.
INFO: [BIND 205-101] Binding ...
INFO: [BIND 205-100] Finished micro-architecture generation.
INFO: [HLS 200-111] Finished Binding: CPU user time: 0.03 seconds. CPU system time: 0 seconds. Elapsed time: 0.03 seconds; current allocated memory: 427.418 MB.
INFO: [HLS 200-10] ----------------------------------------------------------------
INFO: [HLS 200-42] -- Implementing module 'p_anonymous_namespace_write_output' 
INFO: [HLS 200-10] ----------------------------------------------------------------
INFO: [SCHED 204-11] Starting scheduling ...
INFO: [SCHED 204-11] Finished scheduling.
INFO: [HLS 200-111] Finished Scheduling: CPU user time: 0.04 seconds. CPU system time: 0 seconds. Elapsed time: 0.04 seconds; current allocated memory: 427.418 MB.
INFO: [BIND 205-100] Starting micro-architecture generation ...
INFO: [BIND 205-101] Performing variable lifetime analysis.
INFO: [BIND 205-101] Exploring resource sharing.
INFO: [BIND 205-101] Binding ...
INFO: [BIND 205-100] Finished micro-architecture generation.
INFO: [HLS 200-111] Finished Binding: CPU user time: 0.03 seconds. CPU system time: 0 seconds. Elapsed time: 0.03 seconds; current allocated memory: 427.418 MB.
INFO: [HLS 200-10] ----------------------------------------------------------------
INFO: [HLS 200-42] -- Implementing module 'image_accel' 
INFO: [HLS 200-10] ----------------------------------------------------------------
INFO: [SCHED 204-11] Starting scheduling ...
INFO: [SCHED 204-11] Finished scheduling.
WARNING: [HLS 200-1020] Increasing the depth of FIFO start_for_p_anonymous_namespace_write_output_U0 (from entry_proc_U0 to p_anonymous_namespace_write_output_U0) to 3 to improve performance and/or avoid deadlocks.
INFO: [HLS 200-111] Finished Scheduling: CPU user time: 0.04 seconds. CPU system time: 0 seconds. Elapsed time: 0.04 seconds; current allocated memory: 427.484 MB.
INFO: [BIND 205-100] Starting micro-architecture generation ...
INFO: [BIND 205-101] Performing variable lifetime analysis.
INFO: [BIND 205-101] Exploring resource sharing.
INFO: [BIND 205-101] Binding ...
INFO: [BIND 205-100] Finished micro-architecture generation.
INFO: [HLS 200-111] Finished Binding: CPU user time: 0.03 seconds. CPU system time: 0 seconds. Elapsed time: 0.03 seconds; current allocated memory: 427.484 MB.
INFO: [HLS 200-10] ----------------------------------------------------------------
INFO: [HLS 200-10] -- Generating RTL for module 'entry_proc' 
INFO: [HLS 200-10] ----------------------------------------------------------------
INFO: [RTGEN 206-100] Finished creating RTL model for 'entry_proc'.
INFO: [HLS 200-111] Finished Creating RTL model: CPU user time: 0.03 seconds. CPU system time: 0 seconds. Elapsed time: 0.04 seconds; current allocated memory: 427.484 MB.
INFO: [HLS 200-10] ----------------------------------------------------------------
INFO: [HLS 200-10] -- Generating RTL for module 'p_anonymous_namespace_read_input_Pipeline_read_loop' 
INFO: [HLS 200-10] ----------------------------------------------------------------
INFO: [HLS 200-1030] Apply Unified Pipeline Control on module 'p_anonymous_namespace_read_input_Pipeline_read_loop' pipeline 'read_loop' pipeline type 'loop pipeline'
INFO: [RTGEN 206-100] Finished creating RTL model for 'p_anonymous_namespace_read_input_Pipeline_read_loop'.
INFO: [HLS 200-111] Finished Creating RTL model: CPU user time: 0.08 seconds. CPU system time: 0.01 seconds. Elapsed time: 0.09 seconds; current allocated memory: 428.023 MB.
INFO: [HLS 200-10] ----------------------------------------------------------------
INFO: [HLS 200-10] -- Generating RTL for module 'p_anonymous_namespace_read_input' 
INFO: [HLS 200-10] ----------------------------------------------------------------
INFO: [RTGEN 206-100] Finished creating RTL model for 'p_anonymous_namespace_read_input'.
INFO: [HLS 200-111] Finished Creating RTL model: CPU user time: 0.09 seconds. CPU system time: 0.01 seconds. Elapsed time: 0.1 seconds; current allocated memory: 429.371 MB.
INFO: [HLS 200-10] ----------------------------------------------------------------
INFO: [HLS 200-10] -- Generating RTL for module 'p_anonymous_namespace_rgb_to_gray_Pipeline_process_loop' 
INFO: [HLS 200-10] ----------------------------------------------------------------
INFO: [HLS 200-1030] Apply Unified Pipeline Control on module 'p_anonymous_namespace_rgb_to_gray_Pipeline_process_loop' pipeline 'process_loop' pipeline type 'loop pipeline'
INFO: [RTGEN 206-100] Generating core module 'mac_muladd_8ns_5ns_15ns_15_4_1': 1 instance(s).
INFO: [RTGEN 206-100] Generating core module 'mac_muladd_8ns_8ns_15ns_16_4_1': 1 instance(s).
INFO: [RTGEN 206-100] Generating core module 'mul_8ns_8ns_15_1_1': 1 instance(s).
INFO: [RTGEN 206-100] Finished creating RTL model for 'p_anonymous_namespace_rgb_to_gray_Pipeline_process_loop'.
INFO: [HLS 200-111] Finished Creating RTL model: CPU user time: 0.08 seconds. CPU system time: 0.01 seconds. Elapsed time: 0.09 seconds; current allocated memory: 430.156 MB.
INFO: [HLS 200-10] ----------------------------------------------------------------
INFO: [HLS 200-10] -- Generating RTL for module 'p_anonymous_namespace_rgb_to_gray' 
INFO: [HLS 200-10] ----------------------------------------------------------------
INFO: [RTGEN 206-100] Finished creating RTL model for 'p_anonymous_namespace_rgb_to_gray'.
INFO: [HLS 200-111] Finished Creating RTL model: CPU user time: 0.09 seconds. CPU system time: 0.01 seconds. Elapsed time: 0.1 seconds; current allocated memory: 431.016 MB.
INFO: [HLS 200-10] ----------------------------------------------------------------
INFO: [HLS 200-10] -- Generating RTL for module 'p_anonymous_namespace_write_output_Pipeline_write_loop' 
INFO: [HLS 200-10] ----------------------------------------------------------------
INFO: [HLS 200-1030] Apply Unified Pipeline Control on module 'p_anonymous_namespace_write_output_Pipeline_write_loop' pipeline 'write_loop' pipeline type 'loop pipeline'
INFO: [RTGEN 206-100] Finished creating RTL model for 'p_anonymous_namespace_write_output_Pipeline_write_loop'.
INFO: [HLS 200-111] Finished Creating RTL model: CPU user time: 0.09 seconds. CPU system time: 0 seconds. Elapsed time: 0.1 seconds; current allocated memory: 431.723 MB.
INFO: [HLS 200-10] ----------------------------------------------------------------
INFO: [HLS 200-10] -- Generating RTL for module 'p_anonymous_namespace_write_output' 
INFO: [HLS 200-10] ----------------------------------------------------------------
INFO: [RTGEN 206-100] Finished creating RTL model for 'p_anonymous_namespace_write_output'.
INFO: [HLS 200-111] Finished Creating RTL model: CPU user time: 0.07 seconds. CPU system time: 0.01 seconds. Elapsed time: 0.08 seconds; current allocated memory: 432.762 MB.
INFO: [HLS 200-10] ----------------------------------------------------------------
INFO: [HLS 200-10] -- Generating RTL for module 'image_accel' 
INFO: [HLS 200-10] ----------------------------------------------------------------
WARNING: [RTGEN 206-101] Design contains AXI ports. Reset is fixed to synchronous and active low.
INFO: [RTGEN 206-500] Setting interface mode on port 'image_accel/gmem0' to 'm_axi'.
INFO: [RTGEN 206-500] Setting interface mode on port 'image_accel/gmem1' to 'm_axi'.
INFO: [RTGEN 206-500] Setting interface mode on port 'image_accel/input_rgb' to 's_axilite & ap_none'.
INFO: [RTGEN 206-500] Setting interface mode on port 'image_accel/output_gray' to 's_axilite & ap_none'.
INFO: [RTGEN 206-500] Setting interface mode on port 'image_accel/num_pixels' to 's_axilite & ap_none'.
INFO: [RTGEN 206-500] Setting interface mode on function 'image_accel' to 's_axilite & ap_ctrl_hs'.
INFO: [RTGEN 206-100] Bundling port 'input_rgb', 'output_gray', 'num_pixels' and 'return' to AXI-Lite port control.
INFO: [RTGEN 206-100] Finished creating RTL model for 'image_accel'.
INFO: [RTMG 210-285] Implementing FIFO 'output_gray_c_U(image_accel_fifo_w64_d4_S)' using Shift Registers.
INFO: [RTMG 210-285] Implementing FIFO 'rgb_stream_U(image_accel_fifo_w24_d64_A)' using Vivado Default RAMs.
INFO: [RTMG 210-285] Implementing FIFO 'num_pixels_c1_U(image_accel_fifo_w32_d2_S)' using Shift Registers.
INFO: [RTMG 210-285] Implementing FIFO 'gray_stream_U(image_accel_fifo_w8_d64_S)' using Shift Registers.
INFO: [RTMG 210-285] Implementing FIFO 'num_pixels_c_U(image_accel_fifo_w32_d2_S)' using Shift Registers.
INFO: [RTMG 210-285] Implementing FIFO 'start_for_p_anonymous_namespace_write_output_U0_U(image_accel_start_for_p_anonymous_namespace_write_output_U0)' using Shift Registers.
INFO: [RTMG 210-285] Implementing FIFO 'start_for_p_anonymous_namespace_rgb_to_gray_U0_U(image_accel_start_for_p_anonymous_namespace_rgb_to_gray_U0)' using Shift Registers.
INFO: [HLS 200-111] Finished Creating RTL model: CPU user time: 0.13 seconds. CPU system time: 0.02 seconds. Elapsed time: 0.15 seconds; current allocated memory: 434.840 MB.
INFO: [HLS 200-111] Finished Generating all RTL models: CPU user time: 0.32 seconds. CPU system time: 0.03 seconds. Elapsed time: 0.35 seconds; current allocated memory: 437.637 MB.
INFO: [HLS 200-111] Finished Updating report files: CPU user time: 1.22 seconds. CPU system time: 0.04 seconds. Elapsed time: 1.26 seconds; current allocated memory: 444.199 MB.
INFO: [VHDL 208-304] Generating VHDL RTL for image_accel.
INFO: [VLOG 209-307] Generating Verilog RTL for image_accel.
INFO: [HLS 200-789] **** Estimated Fmax: 285.71 MHz
INFO: [HLS 200-112] Total CPU user time: 21.28 seconds. Total CPU system time: 2.21 seconds. Total elapsed time: 28.42 seconds; peak allocated memory: 444.578 MB.
INFO: [v++ 60-791] Total elapsed time: 0h 0m 32s
