INFO: [vitis-run 60-1548] Creating build summary session with primary output /home/ronny/tec/high-level-design-for-electronics/homework/homework-3/hls-gem5-rgb2gray/hls/image_accel/image_accel/image_accel.hlsrun_cosim_summary, at Sun Jul 12 12:35:56 2026
INFO: [vitis-run 82-31] Launching vitis_hls: vitis_hls -nolog -run cosim -work_dir /home/ronny/tec/high-level-design-for-electronics/homework/homework-3/hls-gem5-rgb2gray/hls/image_accel/image_accel -config /home/ronny/tec/high-level-design-for-electronics/homework/homework-3/hls-gem5-rgb2gray/hls/image_accel/hls_config.cfg -cmdlineconfig /home/ronny/tec/high-level-design-for-electronics/homework/homework-3/hls-gem5-rgb2gray/hls/image_accel/image_accel/hls/config.cmdline
INFO: [HLS 200-10] For user 'ronny' on host '192.168.1.25' (Linux_x86_64 version 7.0.14-201.fc44.x86_64) on Sun Jul 12 12:36:01 CST 2026
INFO: [HLS 200-10] In directory '/home/ronny/tec/high-level-design-for-electronics/homework/homework-3/hls-gem5-rgb2gray/hls/image_accel'
INFO: [HLS 200-2005] Using work_dir /home/ronny/tec/high-level-design-for-electronics/homework/homework-3/hls-gem5-rgb2gray/hls/image_accel/image_accel 
INFO: [HLS 200-1611] Setting target device to 'xck26-sfvc784-2LV-c'
INFO: [HLS 200-1505] Using default flow_target 'vivado'
Resolution: For help on HLS 200-1505 see docs.xilinx.com/access/sources/dita/topic?Doc_Version=2024.1%20English&url=ug1448-hls-guidance&resourceid=200-1505.html
INFO: [HLS 200-1465] Applying ini 'syn.file=/home/ronny/tec/high-level-design-for-electronics/homework/homework-3/hls-gem5-rgb2gray/hls/src/image_accel.cpp' from /home/ronny/tec/high-level-design-for-electronics/homework/homework-3/hls-gem5-rgb2gray/hls/image_accel/hls_config.cfg(8)
INFO: [HLS 200-10] Adding design file '/home/ronny/tec/high-level-design-for-electronics/homework/homework-3/hls-gem5-rgb2gray/hls/src/image_accel.cpp' to the project
INFO: [HLS 200-1465] Applying ini 'syn.file=/home/ronny/tec/high-level-design-for-electronics/homework/homework-3/hls-gem5-rgb2gray/hls/src/image_accel.hpp' from /home/ronny/tec/high-level-design-for-electronics/homework/homework-3/hls-gem5-rgb2gray/hls/image_accel/hls_config.cfg(9)
INFO: [HLS 200-10] Adding design file '/home/ronny/tec/high-level-design-for-electronics/homework/homework-3/hls-gem5-rgb2gray/hls/src/image_accel.hpp' to the project
INFO: [HLS 200-1465] Applying ini 'syn.file=/home/ronny/tec/high-level-design-for-electronics/homework/homework-3/hls-gem5-rgb2gray/hls/src/image_accel_types.hpp' from /home/ronny/tec/high-level-design-for-electronics/homework/homework-3/hls-gem5-rgb2gray/hls/image_accel/hls_config.cfg(10)
INFO: [HLS 200-10] Adding design file '/home/ronny/tec/high-level-design-for-electronics/homework/homework-3/hls-gem5-rgb2gray/hls/src/image_accel_types.hpp' to the project
INFO: [HLS 200-1465] Applying ini 'tb.file=/home/ronny/tec/high-level-design-for-electronics/homework/homework-3/hls-gem5-rgb2gray/hls/tb/image_accel_tb.cpp' from /home/ronny/tec/high-level-design-for-electronics/homework/homework-3/hls-gem5-rgb2gray/hls/image_accel/hls_config.cfg(11)
INFO: [HLS 200-10] Adding test bench file '/home/ronny/tec/high-level-design-for-electronics/homework/homework-3/hls-gem5-rgb2gray/hls/tb/image_accel_tb.cpp' to the project
INFO: [HLS 200-1465] Applying ini 'syn.top=image_accel' from /home/ronny/tec/high-level-design-for-electronics/homework/homework-3/hls-gem5-rgb2gray/hls/image_accel/hls_config.cfg(7)
INFO: [HLS 200-1465] Applying ini 'flow_target=vivado' from /home/ronny/tec/high-level-design-for-electronics/homework/homework-3/hls-gem5-rgb2gray/hls/image_accel/hls_config.cfg(4)
INFO: [HLS 200-1505] Using flow_target 'vivado'
Resolution: For help on HLS 200-1505 see docs.xilinx.com/access/sources/dita/topic?Doc_Version=2024.1%20English&url=ug1448-hls-guidance&resourceid=200-1505.html
INFO: [HLS 200-1465] Applying ini 'part=xck26-sfvc784-2LV-c' from /home/ronny/tec/high-level-design-for-electronics/homework/homework-3/hls-gem5-rgb2gray/hls/image_accel/hls_config.cfg(1)
INFO: [HLS 200-1465] Applying ini 'clock=4ns' from /home/ronny/tec/high-level-design-for-electronics/homework/homework-3/hls-gem5-rgb2gray/hls/image_accel/hls_config.cfg(12)
INFO: [SYN 201-201] Setting up clock 'default' with a period of 4ns.
INFO: [HLS 200-1465] Applying ini 'clock_uncertainty=12.5%' from /home/ronny/tec/high-level-design-for-electronics/homework/homework-3/hls-gem5-rgb2gray/hls/image_accel/hls_config.cfg(13)
INFO: [SYN 201-201] Setting up clock 'default' with an uncertainty of 0.5ns.
INFO: [HLS 200-1465] Applying ini 'csim.code_analyzer=1' from /home/ronny/tec/high-level-design-for-electronics/homework/homework-3/hls-gem5-rgb2gray/hls/image_accel/hls_config.cfg(14)
INFO: [HLS 200-1465] Applying ini 'package.output.format=ip_catalog' from /home/ronny/tec/high-level-design-for-electronics/homework/homework-3/hls-gem5-rgb2gray/hls/image_accel/hls_config.cfg(5)
INFO: [COSIM 212-47] Using XSIM for RTL simulation.
INFO: [COSIM 212-14] Instrumenting C test bench ...
   Build using "/tools/Xilinx/Vitis_HLS/2024.1/vcxx/libexec/clang++"
   Compiling apatb_image_accel.cpp
   Compiling image_accel.cpp_pre.cpp.tb.cpp
   Compiling image_accel_tb.cpp_pre.cpp.tb.cpp
   Compiling apatb_image_accel_ir.ll
   Generating cosim.tv.exe
INFO: [COSIM 212-302] Starting C TB testing ... 
ERROR: System received a signal named SIGSEGV and the program has to stop immediately!
This signal was generated when a program tries to read or write outside the memory that is allocated for it, or to write memory that can only be read.
Possible cause of this problem may be:
  1) Missing depth information for one or more pointers to arrays in the interface;
  2) Insufficient depth setting for array argument(s);
  3) Excessive depth setting for array argument(s), that exceeds the maximum virtual memory size for the process;
  4) Null pointer etc.
Current execution stopped during CodeState = ENTER_WRAPC.
You can search CodeState variable name in apatb*.cpp file under ./sim/wrapc dir to locate the position.

ERROR: [COSIM 212-360] Aborting co-simulation: C TB simulation failed.
ERROR: [COSIM 212-320] C TB testing failed, stop generating test vectors. Please check C TB or re-run cosim.
ERROR: [COSIM 212-5] *** C/RTL co-simulation file generation failed. ***
ERROR: [COSIM 212-4] *** C/RTL co-simulation finished: FAIL ***
ERROR: 
INFO: [HLS 200-112] Total CPU user time: 32.29 seconds. Total CPU system time: 2.63 seconds. Total elapsed time: 37 seconds; peak allocated memory: 409.348 MB.
