INFO: [vitis-run 60-1548] Creating build summary session with primary output /home/ronny/tec/high-level-design-for-electronics/homework/homework-3/hls-gem5-rgb2gray/hls/image_accel/image_accel/image_accel.hlsrun_csim_summary, at Sun Jul 12 12:39:48 2026
INFO: [vitis-run 82-31] Launching vitis_hls: vitis_hls -nolog -run csim -work_dir /home/ronny/tec/high-level-design-for-electronics/homework/homework-3/hls-gem5-rgb2gray/hls/image_accel/image_accel -config /home/ronny/tec/high-level-design-for-electronics/homework/homework-3/hls-gem5-rgb2gray/hls/image_accel/hls_config.cfg -cmdlineconfig /home/ronny/tec/high-level-design-for-electronics/homework/homework-3/hls-gem5-rgb2gray/hls/image_accel/image_accel/hls/config.cmdline
INFO: [HLS 200-10] For user 'ronny' on host '192.168.1.25' (Linux_x86_64 version 7.0.14-201.fc44.x86_64) on Sun Jul 12 12:39:53 CST 2026
INFO: [HLS 200-10] In directory '/home/ronny/tec/high-level-design-for-electronics/homework/homework-3/hls-gem5-rgb2gray/hls/image_accel'
INFO: [HLS 200-2005] Using work_dir /home/ronny/tec/high-level-design-for-electronics/homework/homework-3/hls-gem5-rgb2gray/hls/image_accel/image_accel 
INFO: [HLS 200-1505] Using default flow_target 'vivado'
Resolution: For help on HLS 200-1505 see docs.xilinx.com/access/sources/dita/topic?Doc_Version=2024.1%20English&url=ug1448-hls-guidance&resourceid=200-1505.html
INFO: [HLS 200-1465] Applying ini 'syn.file=/home/ronny/tec/high-level-design-for-electronics/homework/homework-3/hls-gem5-rgb2gray/hls/src/image_accel.cpp' from /home/ronny/tec/high-level-design-for-electronics/homework/homework-3/hls-gem5-rgb2gray/hls/image_accel/hls_config.cfg(8)
INFO: [HLS 200-10] Adding design file '/home/ronny/tec/high-level-design-for-electronics/homework/homework-3/hls-gem5-rgb2gray/hls/src/image_accel.cpp' to the project
INFO: [HLS 200-1465] Applying ini 'syn.file=/home/ronny/tec/high-level-design-for-electronics/homework/homework-3/hls-gem5-rgb2gray/hls/src/image_accel.hpp' from /home/ronny/tec/high-level-design-for-electronics/homework/homework-3/hls-gem5-rgb2gray/hls/image_accel/hls_config.cfg(9)
INFO: [HLS 200-10] Adding design file '/home/ronny/tec/high-level-design-for-electronics/homework/homework-3/hls-gem5-rgb2gray/hls/src/image_accel.hpp' to the project
INFO: [HLS 200-1465] Applying ini 'syn.file=/home/ronny/tec/high-level-design-for-electronics/homework/homework-3/hls-gem5-rgb2gray/hls/src/image_accel_types.hpp' from /home/ronny/tec/high-level-design-for-electronics/homework/homework-3/hls-gem5-rgb2gray/hls/image_accel/hls_config.cfg(10)
INFO: [HLS 200-10] Adding design file '/home/ronny/tec/high-level-design-for-electronics/homework/homework-3/hls-gem5-rgb2gray/hls/src/image_accel_types.hpp' to the project
INFO: [HLS 200-1465] Applying ini 'tb.file=/home/ronny/tec/high-level-design-for-electronics/homework/homework-3/hls-gem5-rgb2gray/hls/tb/image_accel_tb.cpp' from /home/ronny/tec/high-level-design-for-electronics/homework/homework-3/hls-gem5-rgb2gray/hls/image_accel/hls_config.cfg(11)
INFO: [HLS 200-10] Adding test bench file '/home/ronny/tec/high-level-design-for-electronics/homework/homework-3/hls-gem5-rgb2gray/hls/tb/image_accel_tb.cpp' to the project
INFO: [HLS 200-1465] Applying ini 'syn.top=image_accel' from /home/ronny/tec/high-level-design-for-electronics/homework/homework-3/hls-gem5-rgb2gray/hls/image_accel/hls_config.cfg(7)
INFO: [HLS 200-1465] Applying ini 'flow_target=vivado' from /home/ronny/tec/high-level-design-for-electronics/homework/homework-3/hls-gem5-rgb2gray/hls/image_accel/hls_config.cfg(4)
INFO: [HLS 200-1505] Using flow_target 'vivado'
Resolution: For help on HLS 200-1505 see docs.xilinx.com/access/sources/dita/topic?Doc_Version=2024.1%20English&url=ug1448-hls-guidance&resourceid=200-1505.html
INFO: [HLS 200-1465] Applying ini 'part=xck26-sfvc784-2LV-c' from /home/ronny/tec/high-level-design-for-electronics/homework/homework-3/hls-gem5-rgb2gray/hls/image_accel/hls_config.cfg(1)
INFO: [HLS 200-1611] Setting target device to 'xck26-sfvc784-2LV-c'
INFO: [HLS 200-1465] Applying ini 'clock=4ns' from /home/ronny/tec/high-level-design-for-electronics/homework/homework-3/hls-gem5-rgb2gray/hls/image_accel/hls_config.cfg(12)
INFO: [SYN 201-201] Setting up clock 'default' with a period of 4ns.
INFO: [HLS 200-1465] Applying ini 'clock_uncertainty=12.5%' from /home/ronny/tec/high-level-design-for-electronics/homework/homework-3/hls-gem5-rgb2gray/hls/image_accel/hls_config.cfg(13)
INFO: [SYN 201-201] Setting up clock 'default' with an uncertainty of 0.5ns.
INFO: [HLS 200-1465] Applying ini 'csim.code_analyzer=1' from /home/ronny/tec/high-level-design-for-electronics/homework/homework-3/hls-gem5-rgb2gray/hls/image_accel/hls_config.cfg(14)
INFO: [HLS 200-1465] Applying ini 'package.output.format=ip_catalog' from /home/ronny/tec/high-level-design-for-electronics/homework/homework-3/hls-gem5-rgb2gray/hls/image_accel/hls_config.cfg(5)
INFO: [SIM 211-200] Executing Code Analyzer instead of classic HLS C simulation
INFO: [SIM 211-200] Compiling source code ../tb/image_accel_tb.cpp as test bench code with instrumentation
INFO: [SIM 211-200] Linking executable
INFO: [SIM 211-200] Determining source code dependencies
INFO: [SIM 211-200] Generating static call graph
INFO: [SIM 211-200] Analyzing Interfaces
INFO: [SIM 211-200] Running executable
image_accel testbench passed
INFO: [SIM 211-200] Analyzing trace data
INFO: [SIM 211-208] Running Code Analyzer
INFO: [SIM 211-210] Code Analyzer finished
INFO: [HLS 200-112] Total CPU user time: 15.94 seconds. Total CPU system time: 1.39 seconds. Total elapsed time: 18.58 seconds; peak allocated memory: 342.113 MB.
INFO: [vitis-run 60-791] Total elapsed time: 0h 0m 23s
